Archive member included because of file (symbol)

../CEENbot API\libcapi324v221.a(CBOT_main.o)
                              c:/program files (x86)/atmel/avr studio 5.0/avr toolchain/bin/../lib/gcc/avr/4.5.1/../../../../avr/lib/avr5/crtm324p.o (main)
../CEENbot API\libcapi324v221.a(LCD_clear.o)
                              Voice Control.o (LCD_clear)
../CEENbot API\libcapi324v221.a(LCD_open.o)
                              Voice Control.o (LCD_open)
../CEENbot API\libcapi324v221.a(LCD_set_backlight.o)
                              ../CEENbot API\libcapi324v221.a(LCD_open.o) (LCD_set_backlight)
../CEENbot API\libcapi324v221.a(LCD_set_next_PGC.o)
                              ../CEENbot API\libcapi324v221.a(LCD_clear.o) (LCD_set_next_PGC)
../CEENbot API\libcapi324v221.a(LCD_set_PGC_addr.o)
                              ../CEENbot API\libcapi324v221.a(LCD_clear.o) (LCD_set_PGC_addr)
../CEENbot API\libcapi324v221.a(LCD_write.o)
                              ../CEENbot API\libcapi324v221.a(LCD_clear.o) (LCD_write)
../CEENbot API\libcapi324v221.a(SPI_set_slave_addr.o)
                              ../CEENbot API\libcapi324v221.a(LCD_set_backlight.o) (SPI_set_slave_addr)
../CEENbot API\libcapi324v221.a(SPI_transmit.o)
                              ../CEENbot API\libcapi324v221.a(LCD_set_backlight.o) (SPI_transmit)
../CEENbot API\libcapi324v221.a(STEPPER_move.o)
                              Voice Control.o (STEPPER_move)
../CEENbot API\libcapi324v221.a(STEPPER_open.o)
                              Voice Control.o (STEPPER_open)
../CEENbot API\libcapi324v221.a(STEPPER_run.o)
                              Voice Control.o (STEPPER_run)
../CEENbot API\libcapi324v221.a(STEPPER_set_accel.o)
                              ../CEENbot API\libcapi324v221.a(STEPPER_move.o) (STEPPER_set_accel)
../CEENbot API\libcapi324v221.a(STEPPER_set_dir.o)
                              ../CEENbot API\libcapi324v221.a(STEPPER_run.o) (STEPPER_set_dir)
../CEENbot API\libcapi324v221.a(STEPPER_set_mode.o)
                              ../CEENbot API\libcapi324v221.a(STEPPER_move.o) (STEPPER_set_mode)
../CEENbot API\libcapi324v221.a(STEPPER_set_speed.o)
                              ../CEENbot API\libcapi324v221.a(STEPPER_run.o) (STEPPER_set_speed)
../CEENbot API\libcapi324v221.a(STEPPER_step.o)
                              ../CEENbot API\libcapi324v221.a(STEPPER_move.o) (STEPPER_step)
../CEENbot API\libcapi324v221.a(STEPPER_stop.o)
                              Voice Control.o (STEPPER_stop)
../CEENbot API\libcapi324v221.a(STEPPER_wait_and_then.o)
                              ../CEENbot API\libcapi324v221.a(STEPPER_move.o) (STEPPER_wait_and_then)
../CEENbot API\libcapi324v221.a(SYS_get_state.o)
                              ../CEENbot API\libcapi324v221.a(LCD_open.o) (SYS_get_state)
../CEENbot API\libcapi324v221.a(SYS_globals.o)
                              ../CEENbot API\libcapi324v221.a(SYS_get_state.o) (CBOT_system)
../CEENbot API\libcapi324v221.a(SYS_set_state.o)
                              ../CEENbot API\libcapi324v221.a(LCD_open.o) (SYS_set_state)
../CEENbot API\libcapi324v221.a(CBOT_init.o)
                              ../CEENbot API\libcapi324v221.a(CBOT_main.o) (CBOT_init)
../CEENbot API\libcapi324v221.a(CBOT_isr.o)
                              ../CEENbot API\libcapi324v221.a(CBOT_main.o) (CBOT_ISR_init)
../CEENbot API\libcapi324v221.a(ISR_globals.o)
                              ../CEENbot API\libcapi324v221.a(CBOT_isr.o) (CBOT_ISR_vtable)
../CEENbot API\libcapi324v221.a(ISR_open.o)
                              ../CEENbot API\libcapi324v221.a(CBOT_init.o) (ISR_open)
../CEENbot API\libcapi324v221.a(LCD_globals.o)
                              ../CEENbot API\libcapi324v221.a(LCD_open.o) (LCD_stdout)
../CEENbot API\libcapi324v221.a(__LCD_init.o)
                              ../CEENbot API\libcapi324v221.a(LCD_open.o) (__LCD_init)
../CEENbot API\libcapi324v221.a(__LCD_putchar.o)
                              ../CEENbot API\libcapi324v221.a(LCD_globals.o) (__LCD_putchar)
../CEENbot API\libcapi324v221.a(ATMEGA_open.o)
                              ../CEENbot API\libcapi324v221.a(CBOT_init.o) (ATMEGA_open)
../CEENbot API\libcapi324v221.a(ATMEGA_set_clk_mode.o)
                              ../CEENbot API\libcapi324v221.a(ATMEGA_open.o) (ATMEGA_set_clk_mode)
../CEENbot API\libcapi324v221.a(SPI_globals.o)
                              ../CEENbot API\libcapi324v221.a(SPI_set_slave_addr.o) (spi_config_func_LUT)
../CEENbot API\libcapi324v221.a(SPI_open.o)
                              ../CEENbot API\libcapi324v221.a(CBOT_init.o) (SPI_open)
../CEENbot API\libcapi324v221.a(SPI_set_config_func.o)
                              ../CEENbot API\libcapi324v221.a(SPI_open.o) (SPI_set_config_func)
../CEENbot API\libcapi324v221.a(SPKR_close.o)
                              ../CEENbot API\libcapi324v221.a(__LCD_putchar.o) (SPKR_close)
[...]
Memory Configuration

Name             Origin             Length             Attributes
text             0x00000000         0x00020000         xr
data             0x00800060         0x0000ffa0         rw !x
eeprom           0x00810000         0x00010000         rw !x
fuse             0x00820000         0x00000400         rw !x
lock             0x00830000         0x00000400         rw !x
signature        0x00840000         0x00000400         rw !x
*default*        0x00000000         0xffffffff

Linker script and memory map

Address of section .data set to 0x800100
LOAD c:/program files (x86)/atmel/avr studio 5.0/avr toolchain/bin/../lib/gcc/avr/4.5.1/../../../../avr/lib/avr5/crtm324p.o
LOAD Voice Control.o
LOAD ../CEENbot API\libcapi324v221.a
LOAD c:/program files (x86)/atmel/avr studio 5.0/avr toolchain/bin/../lib/gcc/avr/4.5.1/../../../../avr/lib/avr5\libm.a
LOAD c:/program files (x86)/atmel/avr studio 5.0/avr toolchain/bin/../lib/gcc/avr/4.5.1/avr5\libgcc.a
LOAD c:/program files (x86)/atmel/avr studio 5.0/avr toolchain/bin/../lib/gcc/avr/4.5.1/../../../../avr/lib/avr5\libc.a
LOAD c:/program files (x86)/atmel/avr studio 5.0/avr toolchain/bin/../lib/gcc/avr/4.5.1/avr5\libgcc.a

.hash
 *(.hash)

.dynsym
 *(.dynsym)

.dynstr
 *(.dynstr)

.gnu.version
 *(.gnu.version)

.gnu.version_d
 *(.gnu.version_d)

.gnu.version_r
 *(.gnu.version_r)

.rel.init
 *(.rel.init)

.rela.init
 *(.rela.init)

.rel.text
 *(.rel.text)
 *(.rel.text.*)
 *(.rel.gnu.linkonce.t*)

.rela.text
 *(.rela.text)
 *(.rela.text.*)
 *(.rela.gnu.linkonce.t*)

.rel.fini
 *(.rel.fini)

.rela.fini
 *(.rela.fini)

.rel.rodata
 *(.rel.rodata)
 *(.rel.rodata.*)
 *(.rel.gnu.linkonce.r*)

.rela.rodata
 *(.rela.rodata)
 *(.rela.rodata.*)
 *(.rela.gnu.linkonce.r*)

.rel.data
 *(.rel.data)
 *(.rel.data.*)
 *(.rel.gnu.linkonce.d*)

.rela.data
 *(.rela.data)
 *(.rela.data.*)
 *(.rela.gnu.linkonce.d*)

.rel.ctors
 *(.rel.ctors)

.rela.ctors
 *(.rela.ctors)

.rel.dtors
 *(.rel.dtors)

.rela.dtors
 *(.rela.dtors)

.rel.got
 *(.rel.got)

.rela.got
 *(.rela.got)

.rel.bss
 *(.rel.bss)

.rela.bss
 *(.rela.bss)

.rel.plt
 *(.rel.plt)

.rela.plt
 *(.rela.plt)

.text           0x00000000     0x3a96
 *(.vectors)
 .vectors       0x00000000       0x7c c:/program files (x86)/atmel/avr studio 5.0/avr toolchain/bin/../lib/gcc/avr/4.5.1/../../../../avr/lib/avr5/crtm324p.o
                0x00000000                __vector_default
                0x00000000                __vectors
 *(.vectors)
 *(.progmem.gcc*)
 .progmem.gcc_sw_table
                0x0000007c       0x26 ../CEENbot API\libcapi324v221.a(SYS_get_state.o)
 .progmem.gcc_sw_table
                0x000000a2       0x26 ../CEENbot API\libcapi324v221.a(SYS_set_state.o)
 .progmem.gcc_fplib
                0x000000c8       0x28 c:/program files (x86)/atmel/avr studio 5.0/avr toolchain/bin/../lib/gcc/avr/4.5.1/../../../../avr/lib/avr5\libm.a(exp.o)
 .progmem.gcc_fplib
                0x000000f0       0x5a c:/program files (x86)/atmel/avr studio 5.0/avr toolchain/bin/../lib/gcc/avr/4.5.1/../../../../avr/lib/avr5\libm.a(log.o)
 *(.progmem*)
 .progmem.data  0x0000014a      0x415 ../CEENbot API\libcapi324v221.a(LCD_globals.o)
                0x0000014a                char_bitmap
                0x0000035f                CEENBoT_Inc_logo_bitmap
                0x00000560                . = ALIGN (0x2)
 *fill*         0x0000055f        0x1 00
                0x00000560                __trampolines_start = .
 *(.trampolines)
 .trampolines   0x00000560        0x0 linker stubs
 *(.trampolines*)
                0x00000560                __trampolines_end = .
 *(.jumptables)
 *(.jumptables*)
 *(.lowtext)
 *(.lowtext*)
                0x00000560                __ctors_start = .
 *(.ctors)
                0x00000560                __ctors_end = .
                0x00000560                __dtors_start = .
 *(.dtors)
                0x00000560                __dtors_end = .
 SORT(*)(.ctors)
 SORT(*)(.dtors)
 *(.init0)
 .init0         0x00000560        0x0 c:/program files (x86)/atmel/avr studio 5.0/avr toolchain/bin/../lib/gcc/avr/4.5.1/../../../../avr/lib/avr5/crtm324p.o
                0x00000560                __init
 *(.init0)
 *(.init1)
 *(.init1)
 *(.init2)
 .init2         0x00000560        0xc c:/program files (x86)/atmel/avr studio 5.0/avr toolchain/bin/../lib/gcc/avr/4.5.1/../../../../avr/lib/avr5/crtm324p.o
 *(.init2)
 *(.init3)
 *(.init3)
 *(.init4)
 .init4         0x0000056c       0x16 c:/program files (x86)/atmel/avr studio 5.0/avr toolchain/bin/../lib/gcc/avr/4.5.1/avr5\libgcc.a(_copy_data.o)
                0x0000056c                __do_copy_data
 .init4         0x00000582       0x10 c:/program files (x86)/atmel/avr studio 5.0/avr toolchain/bin/../lib/gcc/avr/4.5.1/avr5\libgcc.a(_clear_bss.o)
                0x00000582                __do_clear_bss
 *(.init4)
 *(.init5)
 *(.init5)
 *(.init6)
 *(.init6)
 *(.init7)
 *(.init7)
 *(.init8)
 *(.init8)
 *(.init9)
 .init9         0x00000592        0x8 c:/program files (x86)/atmel/avr studio 5.0/avr toolchain/bin/../lib/gcc/avr/4.5.1/../../../../avr/lib/avr5/crtm324p.o
 *(.init9)
 *(.text)
 .text          0x0000059a        0x4 c:/program files (x86)/atmel/avr studio 5.0/avr toolchain/bin/../lib/gcc/avr/4.5.1/../../../../avr/lib/avr5/crtm324p.o
                0x0000059a                __vector_22
                0x0000059a                __vector_28
                0x0000059a                __vector_1
                0x0000059a                __vector_24
                0x0000059a                __bad_interrupt
                0x0000059a                __vector_3
                0x0000059a                __vector_23
                0x0000059a                __vector_30
                0x0000059a                __vector_25
                0x0000059a                __vector_19
                0x0000059a                __vector_27
                0x0000059a                __vector_2
                0x0000059a                __vector_21
                0x0000059a                __vector_29
                0x0000059a                __vector_8
                0x0000059a                __vector_26
 .text          0x0000059e      0x396 Voice Control.o
                0x0000059e                goForward
                0x000005ac                goBackward
                0x000005ba                turnLeft
                0x0000064a                turnRight
                0x000006dc                turnAround
                0x0000076e                stop
                0x00000778                resumePrev
                0x00000796                makeSandwich
                0x00000798                USART_Init
                0x000007ae                CBOT_main
                0x0000090e                __vector_20
 .text          0x00000934       0x12 ../CEENbot API\libcapi324v221.a(CBOT_main.o)
                0x00000934                main
 .text          0x00000946       0x3a ../CEENbot API\libcapi324v221.a(LCD_clear.o)
                0x00000946                LCD_clear
 .text          0x00000980      0x102 ../CEENbot API\libcapi324v221.a(LCD_open.o)
                0x00000980                LCD_open
 .text          0x00000a82       0x42 ../CEENbot API\libcapi324v221.a(LCD_set_backlight.o)
                0x00000a82                LCD_set_backlight
 .text          0x00000ac4        0xe ../CEENbot API\libcapi324v221.a(LCD_set_next_PGC.o)
                0x00000ac4                LCD_set_next_PGC
 .text          0x00000ad2       0x32 ../CEENbot API\libcapi324v221.a(LCD_set_PGC_addr.o)
                0x00000ad2                LCD_set_PGC_addr
 .text          0x00000b04       0x36 ../CEENbot API\libcapi324v221.a(LCD_write.o)
                0x00000b04                LCD_write
 .text          0x00000b3a       0xa2 ../CEENbot API\libcapi324v221.a(SPI_set_slave_addr.o)
                0x00000b3a                SPI_set_slave_addr
 .text          0x00000bdc       0x1e ../CEENbot API\libcapi324v221.a(SPI_transmit.o)
                0x00000bdc                SPI_transmit
 .text          0x00000bfa      0x2c8 ../CEENbot API\libcapi324v221.a(STEPPER_move.o)
                0x00000d74                STEPPER_move
 .text          0x00000ec2       0xae ../CEENbot API\libcapi324v221.a(STEPPER_open.o)
                0x00000ec2                STEPPER_open
 .text          0x00000f70       0x2e ../CEENbot API\libcapi324v221.a(STEPPER_run.o)
                0x00000f70                STEPPER_run
 .text          0x00000f9e       0x44 ../CEENbot API\libcapi324v221.a(STEPPER_set_accel.o)
                0x00000f9e                STEPPER_set_accel
 .text          0x00000fe2       0x2a ../CEENbot API\libcapi324v221.a(STEPPER_set_dir.o)
                0x00000fe2                STEPPER_set_dir
 .text          0x0000100c       0x2a ../CEENbot API\libcapi324v221.a(STEPPER_set_mode.o)
                0x0000100c                STEPPER_set_mode
 .text          0x00001036       0x44 ../CEENbot API\libcapi324v221.a(STEPPER_set_speed.o)
                0x00001036                STEPPER_set_speed
 .text          0x0000107a      0x118 ../CEENbot API\libcapi324v221.a(STEPPER_step.o)
                0x0000107a                STEPPER_step
 .text          0x00001192       0x4a ../CEENbot API\libcapi324v221.a(STEPPER_stop.o)
                0x00001192                STEPPER_stop
 .text          0x000011dc       0x9c ../CEENbot API\libcapi324v221.a(STEPPER_wait_and_then.o)
                0x000011dc                STEPPER_wait_and_then
 .text          0x00001278       0x90 ../CEENbot API\libcapi324v221.a(SYS_get_state.o)
                0x00001278                SYS_get_state
 .text          0x00001308        0x0 ../CEENbot API\libcapi324v221.a(SYS_globals.o)
 .text          0x00001308       0x8e ../CEENbot API\libcapi324v221.a(SYS_set_state.o)
                0x00001308                SYS_set_state
 .text          0x00001396       0x1c ../CEENbot API\libcapi324v221.a(CBOT_init.o)
                0x00001396                CBOT_init
 .text          0x000013b2      0x480 ../CEENbot API\libcapi324v221.a(CBOT_isr.o)
                0x000013b2                CBOT_ISR_init
                0x000013b6                __vector_16
                0x00001408                __vector_17
                0x0000145a                __vector_18
                0x000014ac                __vector_9
                0x000014fe                __vector_10
                0x00001550                __vector_11
                0x000015a2                __vector_13
                0x000015f4                __vector_14
                0x00001646                __vector_12
                0x00001698                __vector_15
                0x000016ea                __vector_4
                0x0000173c                __vector_5
                0x0000178e                __vector_6
                0x000017e0                __vector_7
 .text          0x00001832        0x0 ../CEENbot API\libcapi324v221.a(ISR_globals.o)
 .text          0x00001832       0x28 ../CEENbot API\libcapi324v221.a(ISR_open.o)
                0x00001832                ISR_open
 .text          0x0000185a        0x0 ../CEENbot API\libcapi324v221.a(LCD_globals.o)
 .text          0x0000185a        0x4 ../CEENbot API\libcapi324v221.a(__LCD_init.o)
                0x0000185a                __LCD_init
 .text          0x0000185e      0x15a ../CEENbot API\libcapi324v221.a(__LCD_putchar.o)
                0x0000185e                __LCD_putchar
 .text          0x000019b8       0x24 ../CEENbot API\libcapi324v221.a(ATMEGA_open.o)
                0x000019b8                ATMEGA_open
 .text          0x000019dc       0xa6 ../CEENbot API\libcapi324v221.a(ATMEGA_set_clk_mode.o)
                0x000019dc                ATMEGA_set_clk_mode
 .text          0x00001a82        0x0 ../CEENbot API\libcapi324v221.a(SPI_globals.o)
 .text          0x00001a82       0x72 ../CEENbot API\libcapi324v221.a(SPI_open.o)
                0x00001a82                SPI_open
 .text          0x00001af4       0x12 ../CEENbot API\libcapi324v221.a(SPI_set_config_func.o)
                0x00001af4                SPI_set_config_func
 .text          0x00001b06       0x72 ../CEENbot API\libcapi324v221.a(SPKR_close.o)
                0x00001b06                __SPKR_close_beep_mode
                0x00001b22                __SPKR_close_tone_mode
                0x00001b64                SPKR_close
 .text          0x00001b78        0x0 ../CEENbot API\libcapi324v221.a(SPKR_globals.o)
 .text          0x00001b78      0x13c ../CEENbot API\libcapi324v221.a(SPKR_open.o)
                0x00001b78                __SPKR_set_up_freq_LUT
                0x00001c16                __SPKR_open_beep_mode
                0x00001c42                __SPKR_open_tone_mode
                0x00001c9a                SPKR_open
 .text          0x00001cb4       0x9a ../CEENbot API\libcapi324v221.a(SPKR_play_beep.o)
                0x00001cb4                SPKR_play_beep
 .text          0x00001d4e        0xc ../CEENbot API\libcapi324v221.a(__SPKR_stop.o)
                0x00001d4e                __SPKR_stop
 .text          0x00001d5a        0x0 ../CEENbot API\libcapi324v221.a(STEPPER_globals.o)
 .text          0x00001d5a       0x2a ../CEENbot API\libcapi324v221.a(STEPPER_go.o)
                0x00001d5a                STEPPER_go
 .text          0x00001d84       0x14 ../CEENbot API\libcapi324v221.a(__STEPPER_init.o)
                0x00001d84                __STEPPER_init
 .text          0x00001d98       0x36 ../CEENbot API\libcapi324v221.a(STEPPER_set_steps.o)
                0x00001d98                STEPPER_set_steps
 .text          0x00001dce       0x2a ../CEENbot API\libcapi324v221.a(STEPPER_set_stop_mode.o)
                0x00001dce                STEPPER_set_stop_mode
 .text          0x00001df8       0x7a ../CEENbot API\libcapi324v221.a(STEPPER_setup_decels.o)
                0x00001df8                STEPPER_setup_decels
 .text          0x00001e72       0x46 ../CEENbot API\libcapi324v221.a(SYS_init.o)
                0x00001e72                SYS_init
 .text          0x00001eb8       0x9e ../CEENbot API\libcapi324v221.a(ATTINY_open.o)
                0x00001eb8                ATTINY_open
 .text          0x00001f56       0x42 ../CEENbot API\libcapi324v221.a(TMRSRVC_delay.o)
                0x00001f56                TMRSRVC_delay
 .text          0x00001f98       0x7c ../CEENbot API\libcapi324v221.a(TMRSRVC_new.o)
                0x00001f98                TMRSRVC_new
 .text          0x00002014       0x3e ../CEENbot API\libcapi324v221.a(TMRSRVC_open.o)
                0x00002014                TMRSRVC_open
 .text          0x00002052        0xc ../CEENbot API\libcapi324v221.a(__TMRSRVC_start.o)
                0x00002052                __TMRSRVC_start
 .text          0x0000205e       0x22 ../CEENbot API\libcapi324v221.a(__ISR_attach.o)
                0x0000205e                __ISR_attach
 .text          0x00002080       0x28 ../CEENbot API\libcapi324v221.a(ISR_attach.o)
                0x00002080                ISR_attach
 .text          0x000020a8        0x6 ../CEENbot API\libcapi324v221.a(__ATMEGA_init.o)
                0x000020a8                __ATMEGA_init
 .text          0x000020ae       0x52 ../CEENbot API\libcapi324v221.a(SPI_cfgrs.o)
                0x000020ae                SPI_default_config
                0x000020be                SPI_ATtiny0_config
                0x000020ce                SPI_PSXC_config
                0x000020de                SPI_LCD_config
                0x000020ee                SPI_FLASH_config
 .text          0x00002100        0xe ../CEENbot API\libcapi324v221.a(__SPI_init.o)
                0x00002100                __SPI_init
 .text          0x0000210e        0x6 ../CEENbot API\libcapi324v221.a(ISR__SPKR__TIMER1_COMPA_vect.o)
                0x0000210e                __SPKR_TIMER1_COMPA_vect
 .text          0x00002114       0x2e ../CEENbot API\libcapi324v221.a(SPKR_beep.o)
                0x00002114                SPKR_beep
 .text          0x00002142       0x82 ../CEENbot API\libcapi324v221.a(SPKR_clk.o)
                0x00002142                SPKR_clk
 .text          0x000021c4       0x38 ../CEENbot API\libcapi324v221.a(__SPKR_close.o)
                0x000021c4                __SPKR_close
 .text          0x000021fc       0x54 ../CEENbot API\libcapi324v221.a(__SPKR_init.o)
                0x000021fc                __SPKR_init
 .text          0x00002250       0xda ../CEENbot API\libcapi324v221.a(STEPPER_set_decel_step_values.o)
                0x00002250                STEPPER_set_decel_step_values
 .text          0x0000232a        0x0 ../CEENbot API\libcapi324v221.a(ATTINY_globals.o)
 .text          0x0000232a        0xe ../CEENbot API\libcapi324v221.a(ISR__TIMER0_COMPA_vect.o)
                0x0000232a                __TIMER0_COMPA_vect
 .text          0x00002338        0x0 ../CEENbot API\libcapi324v221.a(TMRSRVC_globals.o)
 .text          0x00002338       0x12 ../CEENbot API\libcapi324v221.a(__TMRSRVC_init.o)
                0x00002338                __TMRSRVC_init
 .text          0x0000234a       0xd2 ../CEENbot API\libcapi324v221.a(__TMRSRVC_insert.o)
                0x0000234a                TMRSRVC_insert
 .text          0x0000241c        0x8 ../CEENbot API\libcapi324v221.a(TMRSRVC_start.o)
                0x0000241c                TMRSRVC_start
 .text          0x00002424       0x32 ../CEENbot API\libcapi324v221.a(TMRSRVC_tick.o)
                0x00002424                TMRSRVC_tick
 .text          0x00002456       0x4e ../CEENbot API\libcapi324v221.a(SPKR_beep_clk.o)
                0x00002456                SPKR_beep_clk
 .text          0x000024a4      0x162 ../CEENbot API\libcapi324v221.a(STEPPER_clk.o)
                0x000024a4                STEPPER_clk
 .text          0x00002606       0x8a ../CEENbot API\libcapi324v221.a(STEPPER_process_accel.o)
                0x00002606                STEPPER_process_accel
 .text          0x00002690      0x206 ../CEENbot API\libcapi324v221.a(STEPPER_process_run_mode.o)
                0x00002690                STEPPER_process_run_mode
 .text          0x00002896       0xa8 ../CEENbot API\libcapi324v221.a(STEPPER_process_step_mode.o)
                0x00002896                STEPPER_process_step_mode
 .text          0x0000293e       0xd6 ../CEENbot API\libcapi324v221.a(TMRSRVC_process.o)
                0x0000293e                TMRSRVC_process
 .text          0x00002a14        0x6 ../CEENbot API\libcapi324v221.a(TMRSRVC_stop.o)
                0x00002a14                TMRSRVC_stop
 .text          0x00002a1a      0x130 ../CEENbot API\libcapi324v221.a(STEPPER_process_pwm.o)
                0x00002a1a                STEPPER_process_pwm
 .text          0x00002b4a        0x0 c:/program files (x86)/atmel/avr studio 5.0/avr toolchain/bin/../lib/gcc/avr/4.5.1/../../../../avr/lib/avr5\libm.a(divsf3.o)
 .text          0x00002b4a        0x0 c:/program files (x86)/atmel/avr studio 5.0/avr toolchain/bin/../lib/gcc/avr/4.5.1/../../../../avr/lib/avr5\libm.a(divsf3x.o)
 .text          0x00002b4a        0x0 c:/program files (x86)/atmel/avr studio 5.0/avr toolchain/bin/../lib/gcc/avr/4.5.1/../../../../avr/lib/avr5\libm.a(floatsisf.o)
 .text          0x00002b4a        0x0 c:/program files (x86)/atmel/avr studio 5.0/avr toolchain/bin/../lib/gcc/avr/4.5.1/../../../../avr/lib/avr5\libm.a(fp_inf.o)
 .text          0x00002b4a        0x0 c:/program files (x86)/atmel/avr studio 5.0/avr toolchain/bin/../lib/gcc/avr/4.5.1/../../../../avr/lib/avr5\libm.a(fp_nan.o)
 .text          0x00002b4a        0x0 c:/program files (x86)/atmel/avr studio 5.0/avr toolchain/bin/../lib/gcc/avr/4.5.1/../../../../avr/lib/avr5\libm.a(fp_pscA.o)
 .text          0x00002b4a        0x0 c:/program files (x86)/atmel/avr studio 5.0/avr toolchain/bin/../lib/gcc/avr/4.5.1/../../../../avr/lib/avr5\libm.a(fp_pscB.o)
 .text          0x00002b4a        0x0 c:/program files (x86)/atmel/avr studio 5.0/avr toolchain/bin/../lib/gcc/avr/4.5.1/../../../../avr/lib/avr5\libm.a(fp_round.o)
 .text          0x00002b4a        0x0 c:/program files (x86)/atmel/avr studio 5.0/avr toolchain/bin/../lib/gcc/avr/4.5.1/../../../../avr/lib/avr5\libm.a(fp_split3.o)
 .text          0x00002b4a        0x0 c:/program files (x86)/atmel/avr studio 5.0/avr toolchain/bin/../lib/gcc/avr/4.5.1/../../../../avr/lib/avr5\libm.a(fp_zero.o)
 .text          0x00002b4a        0x0 c:/program files (x86)/atmel/avr studio 5.0/avr toolchain/bin/../lib/gcc/avr/4.5.1/../../../../avr/lib/avr5\libm.a(lrint.o)
 .text          0x00002b4a        0x0 c:/program files (x86)/atmel/avr studio 5.0/avr toolchain/bin/../lib/gcc/avr/4.5.1/../../../../avr/lib/avr5\libm.a(mulsf3.o)
 .text          0x00002b4a        0x0 c:/program files (x86)/atmel/avr studio 5.0/avr toolchain/bin/../lib/gcc/avr/4.5.1/../../../../avr/lib/avr5\libm.a(mulsf3x.o)
 .text          0x00002b4a        0x0 c:/program files (x86)/atmel/avr studio 5.0/avr toolchain/bin/../lib/gcc/avr/4.5.1/../../../../avr/lib/avr5\libm.a(pow.o)
 .text          0x00002b4a        0x0 c:/program files (x86)/atmel/avr studio 5.0/avr toolchain/bin/../lib/gcc/avr/4.5.1/../../../../avr/lib/avr5\libm.a(exp.o)
 .text          0x00002b4a        0x0 c:/program files (x86)/atmel/avr studio 5.0/avr toolchain/bin/../lib/gcc/avr/4.5.1/../../../../avr/lib/avr5\libm.a(fp_powser.o)
 .text          0x00002b4a        0x0 c:/program files (x86)/atmel/avr studio 5.0/avr toolchain/bin/../lib/gcc/avr/4.5.1/../../../../avr/lib/avr5\libm.a(inverse.o)
 .text          0x00002b4a        0x0 c:/program files (x86)/atmel/avr studio 5.0/avr toolchain/bin/../lib/gcc/avr/4.5.1/../../../../avr/lib/avr5\libm.a(ldexp.o)
 .text          0x00002b4a        0x0 c:/program files (x86)/atmel/avr studio 5.0/avr toolchain/bin/../lib/gcc/avr/4.5.1/../../../../avr/lib/avr5\libm.a(log.o)
 .text          0x00002b4a        0x0 c:/program files (x86)/atmel/avr studio 5.0/avr toolchain/bin/../lib/gcc/avr/4.5.1/../../../../avr/lib/avr5\libm.a(modf.o)
 .text          0x00002b4a        0x0 c:/program files (x86)/atmel/avr studio 5.0/avr toolchain/bin/../lib/gcc/avr/4.5.1/../../../../avr/lib/avr5\libm.a(addsf3.o)
 .text          0x00002b4a        0x0 c:/program files (x86)/atmel/avr studio 5.0/avr toolchain/bin/../lib/gcc/avr/4.5.1/../../../../avr/lib/avr5\libm.a(addsf3x.o)
 .text          0x00002b4a        0x0 c:/program files (x86)/atmel/avr studio 5.0/avr toolchain/bin/../lib/gcc/avr/4.5.1/../../../../avr/lib/avr5\libm.a(fp_mpack.o)
 .text          0x00002b4a        0x0 c:/program files (x86)/atmel/avr studio 5.0/avr toolchain/bin/../lib/gcc/avr/4.5.1/avr5\libgcc.a(_mulsi3.o)
 .text          0x00002b4a        0x0 c:/program files (x86)/atmel/avr studio 5.0/avr toolchain/bin/../lib/gcc/avr/4.5.1/avr5\libgcc.a(_udivmodsi4.o)
 .text          0x00002b4a        0x0 c:/program files (x86)/atmel/avr studio 5.0/avr toolchain/bin/../lib/gcc/avr/4.5.1/avr5\libgcc.a(_exit.o)
 .text          0x00002b4a        0x0 c:/program files (x86)/atmel/avr studio 5.0/avr toolchain/bin/../lib/gcc/avr/4.5.1/avr5\libgcc.a(_copy_data.o)
 .text          0x00002b4a        0x0 c:/program files (x86)/atmel/avr studio 5.0/avr toolchain/bin/../lib/gcc/avr/4.5.1/avr5\libgcc.a(_clear_bss.o)
 .text          0x00002b4a        0x0 c:/program files (x86)/atmel/avr studio 5.0/avr toolchain/bin/../lib/gcc/avr/4.5.1/../../../../avr/lib/avr5\libc.a(malloc.o)
 .text          0x00002b4a        0x0 c:/program files (x86)/atmel/avr studio 5.0/avr toolchain/bin/../lib/gcc/avr/4.5.1/../../../../avr/lib/avr5\libc.a(iob.o)
 .text          0x00002b4a        0x0 c:/program files (x86)/atmel/avr studio 5.0/avr toolchain/bin/../lib/gcc/avr/4.5.1/../../../../avr/lib/avr5\libc.a(printf.o)
 .text          0x00002b4a        0x0 c:/program files (x86)/atmel/avr studio 5.0/avr toolchain/bin/../lib/gcc/avr/4.5.1/../../../../avr/lib/avr5\libc.a(vfprintf_std.o)
 .text          0x00002b4a        0x0 c:/program files (x86)/atmel/avr studio 5.0/avr toolchain/bin/../lib/gcc/avr/4.5.1/../../../../avr/lib/avr5\libc.a(strnlen_P.o)
 .text          0x00002b4a        0x0 c:/program files (x86)/atmel/avr studio 5.0/avr toolchain/bin/../lib/gcc/avr/4.5.1/../../../../avr/lib/avr5\libc.a(strnlen.o)
 .text          0x00002b4a        0x0 c:/program files (x86)/atmel/avr studio 5.0/avr toolchain/bin/../lib/gcc/avr/4.5.1/../../../../avr/lib/avr5\libc.a(fputc.o)
 .text          0x00002b4a        0x0 c:/program files (x86)/atmel/avr studio 5.0/avr toolchain/bin/../lib/gcc/avr/4.5.1/../../../../avr/lib/avr5\libc.a(ultoa_invert.o)
 .text          0x00002b4a        0x0 c:/program files (x86)/atmel/avr studio 5.0/avr toolchain/bin/../lib/gcc/avr/4.5.1/avr5\libgcc.a(_prologue.o)
 .text          0x00002b4a        0x0 c:/program files (x86)/atmel/avr studio 5.0/avr toolchain/bin/../lib/gcc/avr/4.5.1/avr5\libgcc.a(_epilogue.o)
                0x00002b4a                . = ALIGN (0x2)
 *(.text.*)
 .text.avr-libc.fplib
                0x00002b4a        0x4 c:/program files (x86)/atmel/avr studio 5.0/avr toolchain/bin/../lib/gcc/avr/4.5.1/../../../../avr/lib/avr5\libm.a(divsf3.o)
                0x00002b4a                __divsf3
 .text.avr-libc.fplib
                0x00002b4e       0xcc c:/program files (x86)/atmel/avr studio 5.0/avr toolchain/bin/../lib/gcc/avr/4.5.1/../../../../avr/lib/avr5\libm.a(divsf3x.o)
                0x00002b64                __divsf3x
                0x00002b68                __divsf3_pse
 .text.avr-libc.fplib
                0x00002c1a       0x7a c:/program files (x86)/atmel/avr studio 5.0/avr toolchain/bin/../lib/gcc/avr/4.5.1/../../../../avr/lib/avr5\libm.a(floatsisf.o)
                0x00002c1a                __floatunsisf
                0x00002c1e                __floatsisf
 .text.avr-libc.fplib
                0x00002c94        0xc c:/program files (x86)/atmel/avr studio 5.0/avr toolchain/bin/../lib/gcc/avr/4.5.1/../../../../avr/lib/avr5\libm.a(fp_inf.o)
                0x00002c94                __fp_inf
 .text.avr-libc.fplib
                0x00002ca0        0x6 c:/program files (x86)/atmel/avr studio 5.0/avr toolchain/bin/../lib/gcc/avr/4.5.1/../../../../avr/lib/avr5\libm.a(fp_nan.o)
                0x00002ca0                __fp_nan
 .text.avr-libc.fplib
                0x00002ca6        0xe c:/program files (x86)/atmel/avr studio 5.0/avr toolchain/bin/../lib/gcc/avr/4.5.1/../../../../avr/lib/avr5\libm.a(fp_pscA.o)
                0x00002ca6                __fp_pscA
 .text.avr-libc.fplib
                0x00002cb4        0xe c:/program files (x86)/atmel/avr studio 5.0/avr toolchain/bin/../lib/gcc/avr/4.5.1/../../../../avr/lib/avr5\libm.a(fp_pscB.o)
                0x00002cb4                __fp_pscB
 .text.avr-libc.fplib
                0x00002cc2       0x22 c:/program files (x86)/atmel/avr studio 5.0/avr toolchain/bin/../lib/gcc/avr/4.5.1/../../../../avr/lib/avr5\libm.a(fp_round.o)
                0x00002cc2                __fp_round
 .text.avr-libc.fplib
                0x00002ce4       0x44 c:/program files (x86)/atmel/avr studio 5.0/avr toolchain/bin/../lib/gcc/avr/4.5.1/../../../../avr/lib/avr5\libm.a(fp_split3.o)
                0x00002ce4                __fp_split3
                0x00002cf4                __fp_splitA
 .text.avr-libc.fplib
                0x00002d28        0xe c:/program files (x86)/atmel/avr studio 5.0/avr toolchain/bin/../lib/gcc/avr/4.5.1/../../../../avr/lib/avr5\libm.a(fp_zero.o)
                0x00002d28                __fp_zero
                0x00002d2a                __fp_szero
 .text.avr-libc.fplib
                0x00002d36       0x74 c:/program files (x86)/atmel/avr studio 5.0/avr toolchain/bin/../lib/gcc/avr/4.5.1/../../../../avr/lib/avr5\libm.a(lrint.o)
                0x00002d36                lrint
 .text.avr-libc.fplib
                0x00002daa        0x4 c:/program files (x86)/atmel/avr studio 5.0/avr toolchain/bin/../lib/gcc/avr/4.5.1/../../../../avr/lib/avr5\libm.a(mulsf3.o)
                0x00002daa                __mulsf3
 .text.avr-libc.fplib
                0x00002dae       0xc2 c:/program files (x86)/atmel/avr studio 5.0/avr toolchain/bin/../lib/gcc/avr/4.5.1/../../../../avr/lib/avr5\libm.a(mulsf3x.o)
                0x00002dc2                __mulsf3x
                0x00002dc6                __mulsf3_pse
 .text.avr-libc.fplib
                0x00002e70       0x98 c:/program files (x86)/atmel/avr studio 5.0/avr toolchain/bin/../lib/gcc/avr/4.5.1/../../../../avr/lib/avr5\libm.a(pow.o)
                0x00002e70                pow
 .text.avr-libc.fplib
                0x00002f08       0x62 c:/program files (x86)/atmel/avr studio 5.0/avr toolchain/bin/../lib/gcc/avr/4.5.1/../../../../avr/lib/avr5\libm.a(exp.o)
                0x00002f12                exp
 .text.avr-libc.fplib
                0x00002f6a       0x4a c:/program files (x86)/atmel/avr studio 5.0/avr toolchain/bin/../lib/gcc/avr/4.5.1/../../../../avr/lib/avr5\libm.a(fp_powser.o)
                0x00002f6a                __fp_powser
 .text.avr-libc.fplib
                0x00002fb4        0xe c:/program files (x86)/atmel/avr studio 5.0/avr toolchain/bin/../lib/gcc/avr/4.5.1/../../../../avr/lib/avr5\libm.a(inverse.o)
                0x00002fb4                inverse
 .text.avr-libc.fplib
                0x00002fc2       0x6c c:/program files (x86)/atmel/avr studio 5.0/avr toolchain/bin/../lib/gcc/avr/4.5.1/../../../../avr/lib/avr5\libm.a(ldexp.o)
                0x00002fc6                ldexp
 .text.avr-libc.fplib
                0x0000302e       0x8a c:/program files (x86)/atmel/avr studio 5.0/avr toolchain/bin/../lib/gcc/avr/4.5.1/../../../../avr/lib/avr5\libm.a(log.o)
                0x00003038                log
 .text.avr-libc.fplib
                0x000030b8       0x66 c:/program files (x86)/atmel/avr studio 5.0/avr toolchain/bin/../lib/gcc/avr/4.5.1/../../../../avr/lib/avr5\libm.a(modf.o)
                0x000030b8                modf
                0x000030b8                modff
 .text.avr-libc.fplib
                0x0000311e        0xa c:/program files (x86)/atmel/avr studio 5.0/avr toolchain/bin/../lib/gcc/avr/4.5.1/../../../../avr/lib/avr5\libm.a(addsf3.o)
                0x0000311e                __subsf3
                0x00003120                __addsf3
 .text.avr-libc.fplib
                0x00003128       0xc0 c:/program files (x86)/atmel/avr studio 5.0/avr toolchain/bin/../lib/gcc/avr/4.5.1/../../../../avr/lib/avr5\libm.a(addsf3x.o)
                0x00003142                __addsf3x
 .text.avr-libc.fplib
                0x000031e8       0x1c c:/program files (x86)/atmel/avr studio 5.0/avr toolchain/bin/../lib/gcc/avr/4.5.1/../../../../avr/lib/avr5\libm.a(fp_mpack.o)
                0x000031e8                __fp_mpack
                0x000031ec                __fp_mpack_finite
 .text.libgcc   0x00003204       0x3e c:/program files (x86)/atmel/avr studio 5.0/avr toolchain/bin/../lib/gcc/avr/4.5.1/avr5\libgcc.a(_mulsi3.o)
                0x00003204                __mulsi3
 .text.libgcc   0x00003242       0x44 c:/program files (x86)/atmel/avr studio 5.0/avr toolchain/bin/../lib/gcc/avr/4.5.1/avr5\libgcc.a(_udivmodsi4.o)
                0x00003242                __udivmodsi4
 .text.libgcc   0x00003286        0x0 c:/program files (x86)/atmel/avr studio 5.0/avr toolchain/bin/../lib/gcc/avr/4.5.1/avr5\libgcc.a(_exit.o)
 .text.libgcc   0x00003286        0x0 c:/program files (x86)/atmel/avr studio 5.0/avr toolchain/bin/../lib/gcc/avr/4.5.1/avr5\libgcc.a(_copy_data.o)
 .text.libgcc   0x00003286        0x0 c:/program files (x86)/atmel/avr studio 5.0/avr toolchain/bin/../lib/gcc/avr/4.5.1/avr5\libgcc.a(_clear_bss.o)
 .text.avr-libc
                0x00003286      0x266 c:/program files (x86)/atmel/avr studio 5.0/avr toolchain/bin/../lib/gcc/avr/4.5.1/../../../../avr/lib/avr5\libc.a(malloc.o)
                0x00003286                malloc
                0x000033ba                free
 .text.avr-libc
                0x000034ec       0x2a c:/program files (x86)/atmel/avr studio 5.0/avr toolchain/bin/../lib/gcc/avr/4.5.1/../../../../avr/lib/avr5\libc.a(printf.o)
                0x000034ec                printf
 .text.avr-libc
                0x00003516      0x3ce c:/program files (x86)/atmel/avr studio 5.0/avr toolchain/bin/../lib/gcc/avr/4.5.1/../../../../avr/lib/avr5\libc.a(vfprintf_std.o)
                0x00003516                vfprintf
 .text.avr-libc
                0x000038e4       0x16 c:/program files (x86)/atmel/avr studio 5.0/avr toolchain/bin/../lib/gcc/avr/4.5.1/../../../../avr/lib/avr5\libc.a(strnlen_P.o)
                0x000038e4                strnlen_P
 .text.avr-libc
                0x000038fa       0x16 c:/program files (x86)/atmel/avr studio 5.0/avr toolchain/bin/../lib/gcc/avr/4.5.1/../../../../avr/lib/avr5\libc.a(strnlen.o)
                0x000038fa                strnlen
 .text.avr-libc
                0x00003910       0x58 c:/program files (x86)/atmel/avr studio 5.0/avr toolchain/bin/../lib/gcc/avr/4.5.1/../../../../avr/lib/avr5\libc.a(fputc.o)
                0x00003910                fputc
 .text.avr-libc
                0x00003968       0xbc c:/program files (x86)/atmel/avr studio 5.0/avr toolchain/bin/../lib/gcc/avr/4.5.1/../../../../avr/lib/avr5\libc.a(ultoa_invert.o)
                0x00003968                __ultoa_invert
 .text.libgcc   0x00003a24       0x38 c:/program files (x86)/atmel/avr studio 5.0/avr toolchain/bin/../lib/gcc/avr/4.5.1/avr5\libgcc.a(_prologue.o)
                0x00003a24                __prologue_saves__
 .text.libgcc   0x00003a5c       0x36 c:/program files (x86)/atmel/avr studio 5.0/avr toolchain/bin/../lib/gcc/avr/4.5.1/avr5\libgcc.a(_epilogue.o)
                0x00003a5c                __epilogue_restores__
                0x00003a92                . = ALIGN (0x2)
 *(.fini9)
 .fini9         0x00003a92        0x0 c:/program files (x86)/atmel/avr studio 5.0/avr toolchain/bin/../lib/gcc/avr/4.5.1/avr5\libgcc.a(_exit.o)
                0x00003a92                _exit
                0x00003a92                exit
 *(.fini9)
 *(.fini8)
 *(.fini8)
 *(.fini7)
 *(.fini7)
 *(.fini6)
 *(.fini6)
 *(.fini5)
 *(.fini5)
 *(.fini4)
 *(.fini4)
 *(.fini3)
 *(.fini3)
 *(.fini2)
 *(.fini2)
 *(.fini1)
 *(.fini1)
 *(.fini0)
 .fini0         0x00003a92        0x4 c:/program files (x86)/atmel/avr studio 5.0/avr toolchain/bin/../lib/gcc/avr/4.5.1/avr5\libgcc.a(_exit.o)
 *(.fini0)
                0x00003a96                _etext = .

.data           0x00800100       0xb2 load address 0x00003a96
                0x00800100                PROVIDE (__data_start, .)
 *(.data)
 .data          0x00800100        0x0 c:/program files (x86)/atmel/avr studio 5.0/avr toolchain/bin/../lib/gcc/avr/4.5.1/../../../../avr/lib/avr5/crtm324p.o
 .data          0x00800100       0x5e Voice Control.o
 .data          0x0080015e        0x0 ../CEENbot API\libcapi324v221.a(CBOT_main.o)
 .data          0x0080015e        0x0 ../CEENbot API\libcapi324v221.a(LCD_clear.o)
 .data          0x0080015e        0x0 ../CEENbot API\libcapi324v221.a(LCD_open.o)
 .data          0x0080015e        0x0 ../CEENbot API\libcapi324v221.a(LCD_set_backlight.o)
 .data          0x0080015e        0x0 ../CEENbot API\libcapi324v221.a(LCD_set_next_PGC.o)
 .data          0x0080015e        0x0 ../CEENbot API\libcapi324v221.a(LCD_set_PGC_addr.o)
 .data          0x0080015e        0x0 ../CEENbot API\libcapi324v221.a(LCD_write.o)
 .data          0x0080015e        0x0 ../CEENbot API\libcapi324v221.a(SPI_set_slave_addr.o)
 .data          0x0080015e        0x0 ../CEENbot API\libcapi324v221.a(SPI_transmit.o)
 .data          0x0080015e        0x0 ../CEENbot API\libcapi324v221.a(STEPPER_move.o)
 .data          0x0080015e        0x0 ../CEENbot API\libcapi324v221.a(STEPPER_open.o)
 .data          0x0080015e        0x0 ../CEENbot API\libcapi324v221.a(STEPPER_run.o)
 .data          0x0080015e        0x0 ../CEENbot API\libcapi324v221.a(STEPPER_set_accel.o)
 .data          0x0080015e        0x0 ../CEENbot API\libcapi324v221.a(STEPPER_set_dir.o)
 .data          0x0080015e        0x0 ../CEENbot API\libcapi324v221.a(STEPPER_set_mode.o)
 .data          0x0080015e        0x0 ../CEENbot API\libcapi324v221.a(STEPPER_set_speed.o)
 .data          0x0080015e        0x0 ../CEENbot API\libcapi324v221.a(STEPPER_step.o)
 .data          0x0080015e        0x0 ../CEENbot API\libcapi324v221.a(STEPPER_stop.o)
 .data          0x0080015e        0x0 ../CEENbot API\libcapi324v221.a(STEPPER_wait_and_then.o)
 .data          0x0080015e        0x0 ../CEENbot API\libcapi324v221.a(SYS_get_state.o)
 .data          0x0080015e        0x0 ../CEENbot API\libcapi324v221.a(SYS_globals.o)
 .data          0x0080015e        0x0 ../CEENbot API\libcapi324v221.a(SYS_set_state.o)
 .data          0x0080015e        0x0 ../CEENbot API\libcapi324v221.a(CBOT_init.o)
 .data          0x0080015e        0x0 ../CEENbot API\libcapi324v221.a(CBOT_isr.o)
 .data          0x0080015e        0x0 ../CEENbot API\libcapi324v221.a(ISR_globals.o)
 .data          0x0080015e        0x0 ../CEENbot API\libcapi324v221.a(ISR_open.o)
 .data          0x0080015e        0xe ../CEENbot API\libcapi324v221.a(LCD_globals.o)
                0x0080015e                LCD_stdout
 .data          0x0080016c        0x0 ../CEENbot API\libcapi324v221.a(__LCD_init.o)
 .data          0x0080016c        0x0 ../CEENbot API\libcapi324v221.a(__LCD_putchar.o)
 .data          0x0080016c        0x0 ../CEENbot API\libcapi324v221.a(ATMEGA_open.o)
 .data          0x0080016c        0x0 ../CEENbot API\libcapi324v221.a(ATMEGA_set_clk_mode.o)
 .data          0x0080016c        0x0 ../CEENbot API\libcapi324v221.a(SPI_globals.o)
 .data          0x0080016c        0x0 ../CEENbot API\libcapi324v221.a(SPI_open.o)
 .data          0x0080016c        0x0 ../CEENbot API\libcapi324v221.a(SPI_set_config_func.o)
 .data          0x0080016c        0x0 ../CEENbot API\libcapi324v221.a(SPKR_close.o)
 .data          0x0080016c       0x38 ../CEENbot API\libcapi324v221.a(SPKR_globals.o)
                0x0080016c                note_LUT
                0x0080019c                diatonic_LUT
 .data          0x008001a4        0x0 ../CEENbot API\libcapi324v221.a(SPKR_open.o)
 .data          0x008001a4        0x0 ../CEENbot API\libcapi324v221.a(SPKR_play_beep.o)
 .data          0x008001a4        0x0 ../CEENbot API\libcapi324v221.a(__SPKR_stop.o)
 .data          0x008001a4        0x8 ../CEENbot API\libcapi324v221.a(STEPPER_globals.o)
                0x008001a4                Motor_L_LUT
                0x008001a8                Motor_R_LUT
 .data          0x008001ac        0x0 ../CEENbot API\libcapi324v221.a(STEPPER_go.o)
 .data          0x008001ac        0x0 ../CEENbot API\libcapi324v221.a(__STEPPER_init.o)
 .data          0x008001ac        0x0 ../CEENbot API\libcapi324v221.a(STEPPER_set_steps.o)
 .data          0x008001ac        0x0 ../CEENbot API\libcapi324v221.a(STEPPER_set_stop_mode.o)
 .data          0x008001ac        0x0 ../CEENbot API\libcapi324v221.a(STEPPER_setup_decels.o)
 .data          0x008001ac        0x0 ../CEENbot API\libcapi324v221.a(SYS_init.o)
 .data          0x008001ac        0x0 ../CEENbot API\libcapi324v221.a(ATTINY_open.o)
 .data          0x008001ac        0x0 ../CEENbot API\libcapi324v221.a(TMRSRVC_delay.o)
 .data          0x008001ac        0x0 ../CEENbot API\libcapi324v221.a(TMRSRVC_new.o)
 .data          0x008001ac        0x0 ../CEENbot API\libcapi324v221.a(TMRSRVC_open.o)
 .data          0x008001ac        0x0 ../CEENbot API\libcapi324v221.a(__TMRSRVC_start.o)
 .data          0x008001ac        0x0 ../CEENbot API\libcapi324v221.a(__ISR_attach.o)
 .data          0x008001ac        0x0 ../CEENbot API\libcapi324v221.a(ISR_attach.o)
 .data          0x008001ac        0x0 ../CEENbot API\libcapi324v221.a(__ATMEGA_init.o)
 .data          0x008001ac        0x0 ../CEENbot API\libcapi324v221.a(SPI_cfgrs.o)
 .data          0x008001ac        0x0 ../CEENbot API\libcapi324v221.a(__SPI_init.o)
 .data          0x008001ac        0x0 ../CEENbot API\libcapi324v221.a(ISR__SPKR__TIMER1_COMPA_vect.o)
 .data          0x008001ac        0x0 ../CEENbot API\libcapi324v221.a(SPKR_beep.o)
 .data          0x008001ac        0x0 ../CEENbot API\libcapi324v221.a(SPKR_clk.o)
 .data          0x008001ac        0x0 ../CEENbot API\libcapi324v221.a(__SPKR_close.o)
 .data          0x008001ac        0x0 ../CEENbot API\libcapi324v221.a(__SPKR_init.o)
 .data          0x008001ac        0x0 ../CEENbot API\libcapi324v221.a(STEPPER_set_decel_step_values.o)
 .data          0x008001ac        0x0 ../CEENbot API\libcapi324v221.a(ATTINY_globals.o)
 .data          0x008001ac        0x0 ../CEENbot API\libcapi324v221.a(ISR__TIMER0_COMPA_vect.o)
 .data          0x008001ac        0x0 ../CEENbot API\libcapi324v221.a(TMRSRVC_globals.o)
 .data          0x008001ac        0x0 ../CEENbot API\libcapi324v221.a(__TMRSRVC_init.o)
 .data          0x008001ac        0x0 ../CEENbot API\libcapi324v221.a(__TMRSRVC_insert.o)
 .data          0x008001ac        0x0 ../CEENbot API\libcapi324v221.a(TMRSRVC_start.o)
 .data          0x008001ac        0x0 ../CEENbot API\libcapi324v221.a(TMRSRVC_tick.o)
 .data          0x008001ac        0x0 ../CEENbot API\libcapi324v221.a(SPKR_beep_clk.o)
 .data          0x008001ac        0x0 ../CEENbot API\libcapi324v221.a(STEPPER_clk.o)
 .data          0x008001ac        0x0 ../CEENbot API\libcapi324v221.a(STEPPER_process_accel.o)
 .data          0x008001ac        0x0 ../CEENbot API\libcapi324v221.a(STEPPER_process_run_mode.o)
 .data          0x008001ac        0x0 ../CEENbot API\libcapi324v221.a(STEPPER_process_step_mode.o)
 .data          0x008001ac        0x0 ../CEENbot API\libcapi324v221.a(TMRSRVC_process.o)
 .data          0x008001ac        0x0 ../CEENbot API\libcapi324v221.a(TMRSRVC_stop.o)
 .data          0x008001ac        0x0 ../CEENbot API\libcapi324v221.a(STEPPER_process_pwm.o)
 .data          0x008001ac        0x0 c:/program files (x86)/atmel/avr studio 5.0/avr toolchain/bin/../lib/gcc/avr/4.5.1/../../../../avr/lib/avr5\libm.a(divsf3.o)
 .data          0x008001ac        0x0 c:/program files (x86)/atmel/avr studio 5.0/avr toolchain/bin/../lib/gcc/avr/4.5.1/../../../../avr/lib/avr5\libm.a(divsf3x.o)
 .data          0x008001ac        0x0 c:/program files (x86)/atmel/avr studio 5.0/avr toolchain/bin/../lib/gcc/avr/4.5.1/../../../../avr/lib/avr5\libm.a(floatsisf.o)
 .data          0x008001ac        0x0 c:/program files (x86)/atmel/avr studio 5.0/avr toolchain/bin/../lib/gcc/avr/4.5.1/../../../../avr/lib/avr5\libm.a(fp_inf.o)
 .data          0x008001ac        0x0 c:/program files (x86)/atmel/avr studio 5.0/avr toolchain/bin/../lib/gcc/avr/4.5.1/../../../../avr/lib/avr5\libm.a(fp_nan.o)
 .data          0x008001ac        0x0 c:/program files (x86)/atmel/avr studio 5.0/avr toolchain/bin/../lib/gcc/avr/4.5.1/../../../../avr/lib/avr5\libm.a(fp_pscA.o)
 .data          0x008001ac        0x0 c:/program files (x86)/atmel/avr studio 5.0/avr toolchain/bin/../lib/gcc/avr/4.5.1/../../../../avr/lib/avr5\libm.a(fp_pscB.o)
 .data          0x008001ac        0x0 c:/program files (x86)/atmel/avr studio 5.0/avr toolchain/bin/../lib/gcc/avr/4.5.1/../../../../avr/lib/avr5\libm.a(fp_round.o)
 .data          0x008001ac        0x0 c:/program files (x86)/atmel/avr studio 5.0/avr toolchain/bin/../lib/gcc/avr/4.5.1/../../../../avr/lib/avr5\libm.a(fp_split3.o)
 .data          0x008001ac        0x0 c:/program files (x86)/atmel/avr studio 5.0/avr toolchain/bin/../lib/gcc/avr/4.5.1/../../../../avr/lib/avr5\libm.a(fp_zero.o)
 .data          0x008001ac        0x0 c:/program files (x86)/atmel/avr studio 5.0/avr toolchain/bin/../lib/gcc/avr/4.5.1/../../../../avr/lib/avr5\libm.a(lrint.o)
 .data          0x008001ac        0x0 c:/program files (x86)/atmel/avr studio 5.0/avr toolchain/bin/../lib/gcc/avr/4.5.1/../../../../avr/lib/avr5\libm.a(mulsf3.o)
 .data          0x008001ac        0x0 c:/program files (x86)/atmel/avr studio 5.0/avr toolchain/bin/../lib/gcc/avr/4.5.1/../../../../avr/lib/avr5\libm.a(mulsf3x.o)
 .data          0x008001ac        0x0 c:/program files (x86)/atmel/avr studio 5.0/avr toolchain/bin/../lib/gcc/avr/4.5.1/../../../../avr/lib/avr5\libm.a(pow.o)
 .data          0x008001ac        0x0 c:/program files (x86)/atmel/avr studio 5.0/avr toolchain/bin/../lib/gcc/avr/4.5.1/../../../../avr/lib/avr5\libm.a(exp.o)
 .data          0x008001ac        0x0 c:/program files (x86)/atmel/avr studio 5.0/avr toolchain/bin/../lib/gcc/avr/4.5.1/../../../../avr/lib/avr5\libm.a(fp_powser.o)
 .data          0x008001ac        0x0 c:/program files (x86)/atmel/avr studio 5.0/avr toolchain/bin/../lib/gcc/avr/4.5.1/../../../../avr/lib/avr5\libm.a(inverse.o)
 .data          0x008001ac        0x0 c:/program files (x86)/atmel/avr studio 5.0/avr toolchain/bin/../lib/gcc/avr/4.5.1/../../../../avr/lib/avr5\libm.a(ldexp.o)
 .data          0x008001ac        0x0 c:/program files (x86)/atmel/avr studio 5.0/avr toolchain/bin/../lib/gcc/avr/4.5.1/../../../../avr/lib/avr5\libm.a(log.o)
 .data          0x008001ac        0x0 c:/program files (x86)/atmel/avr studio 5.0/avr toolchain/bin/../lib/gcc/avr/4.5.1/../../../../avr/lib/avr5\libm.a(modf.o)
 .data          0x008001ac        0x0 c:/program files (x86)/atmel/avr studio 5.0/avr toolchain/bin/../lib/gcc/avr/4.5.1/../../../../avr/lib/avr5\libm.a(addsf3.o)
 .data          0x008001ac        0x0 c:/program files (x86)/atmel/avr studio 5.0/avr toolchain/bin/../lib/gcc/avr/4.5.1/../../../../avr/lib/avr5\libm.a(addsf3x.o)
 .data          0x008001ac        0x0 c:/program files (x86)/atmel/avr studio 5.0/avr toolchain/bin/../lib/gcc/avr/4.5.1/../../../../avr/lib/avr5\libm.a(fp_mpack.o)
 .data          0x008001ac        0x0 c:/program files (x86)/atmel/avr studio 5.0/avr toolchain/bin/../lib/gcc/avr/4.5.1/avr5\libgcc.a(_mulsi3.o)
 .data          0x008001ac        0x0 c:/program files (x86)/atmel/avr studio 5.0/avr toolchain/bin/../lib/gcc/avr/4.5.1/avr5\libgcc.a(_udivmodsi4.o)
 .data          0x008001ac        0x0 c:/program files (x86)/atmel/avr studio 5.0/avr toolchain/bin/../lib/gcc/avr/4.5.1/avr5\libgcc.a(_exit.o)
 .data          0x008001ac        0x0 c:/program files (x86)/atmel/avr studio 5.0/avr toolchain/bin/../lib/gcc/avr/4.5.1/avr5\libgcc.a(_copy_data.o)
 .data          0x008001ac        0x0 c:/program files (x86)/atmel/avr studio 5.0/avr toolchain/bin/../lib/gcc/avr/4.5.1/avr5\libgcc.a(_clear_bss.o)
 .data          0x008001ac        0x6 c:/program files (x86)/atmel/avr studio 5.0/avr toolchain/bin/../lib/gcc/avr/4.5.1/../../../../avr/lib/avr5\libc.a(malloc.o)
                0x008001ac                __malloc_margin
                0x008001ae                __malloc_heap_start
                0x008001b0                __malloc_heap_end
 .data          0x008001b2        0x0 c:/program files (x86)/atmel/avr studio 5.0/avr toolchain/bin/../lib/gcc/avr/4.5.1/../../../../avr/lib/avr5\libc.a(iob.o)
 .data          0x008001b2        0x0 c:/program files (x86)/atmel/avr studio 5.0/avr toolchain/bin/../lib/gcc/avr/4.5.1/../../../../avr/lib/avr5\libc.a(printf.o)
 .data          0x008001b2        0x0 c:/program files (x86)/atmel/avr studio 5.0/avr toolchain/bin/../lib/gcc/avr/4.5.1/../../../../avr/lib/avr5\libc.a(vfprintf_std.o)
 .data          0x008001b2        0x0 c:/program files (x86)/atmel/avr studio 5.0/avr toolchain/bin/../lib/gcc/avr/4.5.1/../../../../avr/lib/avr5\libc.a(strnlen_P.o)
 .data          0x008001b2        0x0 c:/program files (x86)/atmel/avr studio 5.0/avr toolchain/bin/../lib/gcc/avr/4.5.1/../../../../avr/lib/avr5\libc.a(strnlen.o)
 .data          0x008001b2        0x0 c:/program files (x86)/atmel/avr studio 5.0/avr toolchain/bin/../lib/gcc/avr/4.5.1/../../../../avr/lib/avr5\libc.a(fputc.o)
 .data          0x008001b2        0x0 c:/program files (x86)/atmel/avr studio 5.0/avr toolchain/bin/../lib/gcc/avr/4.5.1/../../../../avr/lib/avr5\libc.a(ultoa_invert.o)
 .data          0x008001b2        0x0 c:/program files (x86)/atmel/avr studio 5.0/avr toolchain/bin/../lib/gcc/avr/4.5.1/avr5\libgcc.a(_prologue.o)
 .data          0x008001b2        0x0 c:/program files (x86)/atmel/avr studio 5.0/avr toolchain/bin/../lib/gcc/avr/4.5.1/avr5\libgcc.a(_epilogue.o)
 *(.data*)
 *(.rodata)
 *(.rodata*)
 *(.gnu.linkonce.d*)
                0x008001b2                . = ALIGN (0x2)
                0x008001b2                _edata = .
                0x008001b2                PROVIDE (__data_end, .)

.bss            0x008001b2       0xe8
                0x008001b2                PROVIDE (__bss_start, .)
 *(.bss)
 .bss           0x008001b2        0x0 c:/program files (x86)/atmel/avr studio 5.0/avr toolchain/bin/../lib/gcc/avr/4.5.1/../../../../avr/lib/avr5/crtm324p.o
 .bss           0x008001b2        0x0 Voice Control.o
 .bss           0x008001b2        0x0 ../CEENbot API\libcapi324v221.a(CBOT_main.o)
 .bss           0x008001b2        0x0 ../CEENbot API\libcapi324v221.a(LCD_clear.o)
 .bss           0x008001b2        0x0 ../CEENbot API\libcapi324v221.a(LCD_open.o)
 .bss           0x008001b2        0x0 ../CEENbot API\libcapi324v221.a(LCD_set_backlight.o)
 .bss           0x008001b2        0x0 ../CEENbot API\libcapi324v221.a(LCD_set_next_PGC.o)
 .bss           0x008001b2        0x0 ../CEENbot API\libcapi324v221.a(LCD_set_PGC_addr.o)
 .bss           0x008001b2        0x0 ../CEENbot API\libcapi324v221.a(LCD_write.o)
 .bss           0x008001b2        0x0 ../CEENbot API\libcapi324v221.a(SPI_set_slave_addr.o)
 .bss           0x008001b2        0x0 ../CEENbot API\libcapi324v221.a(SPI_transmit.o)
 .bss           0x008001b2        0x0 ../CEENbot API\libcapi324v221.a(STEPPER_move.o)
 .bss           0x008001b2        0x0 ../CEENbot API\libcapi324v221.a(STEPPER_open.o)
 .bss           0x008001b2        0x0 ../CEENbot API\libcapi324v221.a(STEPPER_run.o)
 .bss           0x008001b2        0x0 ../CEENbot API\libcapi324v221.a(STEPPER_set_accel.o)
 .bss           0x008001b2        0x0 ../CEENbot API\libcapi324v221.a(STEPPER_set_dir.o)
 .bss           0x008001b2        0x0 ../CEENbot API\libcapi324v221.a(STEPPER_set_mode.o)
 .bss           0x008001b2        0x0 ../CEENbot API\libcapi324v221.a(STEPPER_set_speed.o)
 .bss           0x008001b2        0x2 ../CEENbot API\libcapi324v221.a(STEPPER_step.o)
 .bss           0x008001b4        0x0 ../CEENbot API\libcapi324v221.a(STEPPER_stop.o)
 .bss           0x008001b4        0x0 ../CEENbot API\libcapi324v221.a(STEPPER_wait_and_then.o)
 .bss           0x008001b4        0x0 ../CEENbot API\libcapi324v221.a(SYS_get_state.o)
 .bss           0x008001b4        0x0 ../CEENbot API\libcapi324v221.a(SYS_globals.o)
 .bss           0x008001b4        0x0 ../CEENbot API\libcapi324v221.a(SYS_set_state.o)
 .bss           0x008001b4        0x0 ../CEENbot API\libcapi324v221.a(CBOT_init.o)
 .bss           0x008001b4        0x0 ../CEENbot API\libcapi324v221.a(CBOT_isr.o)
 .bss           0x008001b4       0x40 ../CEENbot API\libcapi324v221.a(ISR_globals.o)
                0x008001b4                CBOT_ISR_vtable
 .bss           0x008001f4        0x0 ../CEENbot API\libcapi324v221.a(ISR_open.o)
 .bss           0x008001f4        0x0 ../CEENbot API\libcapi324v221.a(LCD_globals.o)
 .bss           0x008001f4        0x0 ../CEENbot API\libcapi324v221.a(__LCD_init.o)
 .bss           0x008001f4        0x0 ../CEENbot API\libcapi324v221.a(__LCD_putchar.o)
 .bss           0x008001f4        0x0 ../CEENbot API\libcapi324v221.a(ATMEGA_open.o)
 .bss           0x008001f4        0x0 ../CEENbot API\libcapi324v221.a(ATMEGA_set_clk_mode.o)
 .bss           0x008001f4       0x10 ../CEENbot API\libcapi324v221.a(SPI_globals.o)
                0x008001f4                spi_config_func_LUT
 .bss           0x00800204        0x0 ../CEENbot API\libcapi324v221.a(SPI_open.o)
 .bss           0x00800204        0x0 ../CEENbot API\libcapi324v221.a(SPI_set_config_func.o)
 .bss           0x00800204        0x0 ../CEENbot API\libcapi324v221.a(SPKR_close.o)
 .bss           0x00800204       0x10 ../CEENbot API\libcapi324v221.a(SPKR_globals.o)
                0x00800204                tone_mode_active
                0x00800205                beep_mode_active
                0x00800206                spkr_accum32
                0x0080020a                spkr_freq
                0x0080020e                beep_accum16
                0x00800210                beep_freq
                0x00800212                p_Freq_LUT
 .bss           0x00800214        0x0 ../CEENbot API\libcapi324v221.a(SPKR_open.o)
 .bss           0x00800214        0x0 ../CEENbot API\libcapi324v221.a(SPKR_play_beep.o)
 .bss           0x00800214        0x0 ../CEENbot API\libcapi324v221.a(__SPKR_stop.o)
 .bss           0x00800214        0x0 ../CEENbot API\libcapi324v221.a(STEPPER_globals.o)
 .bss           0x00800214        0x0 ../CEENbot API\libcapi324v221.a(STEPPER_go.o)
 .bss           0x00800214        0x0 ../CEENbot API\libcapi324v221.a(__STEPPER_init.o)
 .bss           0x00800214        0x0 ../CEENbot API\libcapi324v221.a(STEPPER_set_steps.o)
 .bss           0x00800214        0x0 ../CEENbot API\libcapi324v221.a(STEPPER_set_stop_mode.o)
 .bss           0x00800214        0x0 ../CEENbot API\libcapi324v221.a(STEPPER_setup_decels.o)
 .bss           0x00800214        0x0 ../CEENbot API\libcapi324v221.a(SYS_init.o)
 .bss           0x00800214        0x0 ../CEENbot API\libcapi324v221.a(ATTINY_open.o)
 .bss           0x00800214        0x0 ../CEENbot API\libcapi324v221.a(TMRSRVC_delay.o)
 .bss           0x00800214        0x0 ../CEENbot API\libcapi324v221.a(TMRSRVC_new.o)
 .bss           0x00800214        0x0 ../CEENbot API\libcapi324v221.a(TMRSRVC_open.o)
 .bss           0x00800214        0x0 ../CEENbot API\libcapi324v221.a(__TMRSRVC_start.o)
 .bss           0x00800214        0x0 ../CEENbot API\libcapi324v221.a(__ISR_attach.o)
 .bss           0x00800214        0x0 ../CEENbot API\libcapi324v221.a(ISR_attach.o)
 .bss           0x00800214        0x0 ../CEENbot API\libcapi324v221.a(__ATMEGA_init.o)
 .bss           0x00800214        0x0 ../CEENbot API\libcapi324v221.a(SPI_cfgrs.o)
 .bss           0x00800214        0x0 ../CEENbot API\libcapi324v221.a(__SPI_init.o)
 .bss           0x00800214        0x0 ../CEENbot API\libcapi324v221.a(ISR__SPKR__TIMER1_COMPA_vect.o)
 .bss           0x00800214        0x0 ../CEENbot API\libcapi324v221.a(SPKR_beep.o)
 .bss           0x00800214        0x0 ../CEENbot API\libcapi324v221.a(SPKR_clk.o)
 .bss           0x00800214        0x0 ../CEENbot API\libcapi324v221.a(__SPKR_close.o)
 .bss           0x00800214        0x0 ../CEENbot API\libcapi324v221.a(__SPKR_init.o)
 .bss           0x00800214        0x0 ../CEENbot API\libcapi324v221.a(STEPPER_set_decel_step_values.o)
 .bss           0x00800214        0x0 ../CEENbot API\libcapi324v221.a(ATTINY_globals.o)
 .bss           0x00800214        0x0 ../CEENbot API\libcapi324v221.a(ISR__TIMER0_COMPA_vect.o)
 .bss           0x00800214        0x2 ../CEENbot API\libcapi324v221.a(TMRSRVC_globals.o)
                0x00800214                timer_busy_status
                0x00800215                timer_run_status
 .bss           0x00800216        0x0 ../CEENbot API\libcapi324v221.a(__TMRSRVC_init.o)
 .bss           0x00800216        0x0 ../CEENbot API\libcapi324v221.a(__TMRSRVC_insert.o)
 .bss           0x00800216        0x0 ../CEENbot API\libcapi324v221.a(TMRSRVC_start.o)
 .bss           0x00800216        0x0 ../CEENbot API\libcapi324v221.a(TMRSRVC_tick.o)
 .bss           0x00800216        0x0 ../CEENbot API\libcapi324v221.a(SPKR_beep_clk.o)
 .bss           0x00800216        0x0 ../CEENbot API\libcapi324v221.a(STEPPER_clk.o)
 .bss           0x00800216        0x0 ../CEENbot API\libcapi324v221.a(STEPPER_process_accel.o)
 .bss           0x00800216        0x1 ../CEENbot API\libcapi324v221.a(STEPPER_process_run_mode.o)
 .bss           0x00800217        0x0 ../CEENbot API\libcapi324v221.a(STEPPER_process_step_mode.o)
 .bss           0x00800217        0x0 ../CEENbot API\libcapi324v221.a(TMRSRVC_process.o)
 .bss           0x00800217        0x0 ../CEENbot API\libcapi324v221.a(TMRSRVC_stop.o)
 .bss           0x00800217        0x4 ../CEENbot API\libcapi324v221.a(STEPPER_process_pwm.o)
 .bss           0x0080021b        0x0 c:/program files (x86)/atmel/avr studio 5.0/avr toolchain/bin/../lib/gcc/avr/4.5.1/../../../../avr/lib/avr5\libm.a(divsf3.o)
 .bss           0x0080021b        0x0 c:/program files (x86)/atmel/avr studio 5.0/avr toolchain/bin/../lib/gcc/avr/4.5.1/../../../../avr/lib/avr5\libm.a(divsf3x.o)
 .bss           0x0080021b        0x0 c:/program files (x86)/atmel/avr studio 5.0/avr toolchain/bin/../lib/gcc/avr/4.5.1/../../../../avr/lib/avr5\libm.a(floatsisf.o)
 .bss           0x0080021b        0x0 c:/program files (x86)/atmel/avr studio 5.0/avr toolchain/bin/../lib/gcc/avr/4.5.1/../../../../avr/lib/avr5\libm.a(fp_inf.o)
 .bss           0x0080021b        0x0 c:/program files (x86)/atmel/avr studio 5.0/avr toolchain/bin/../lib/gcc/avr/4.5.1/../../../../avr/lib/avr5\libm.a(fp_nan.o)
 .bss           0x0080021b        0x0 c:/program files (x86)/atmel/avr studio 5.0/avr toolchain/bin/../lib/gcc/avr/4.5.1/../../../../avr/lib/avr5\libm.a(fp_pscA.o)
 .bss           0x0080021b        0x0 c:/program files (x86)/atmel/avr studio 5.0/avr toolchain/bin/../lib/gcc/avr/4.5.1/../../../../avr/lib/avr5\libm.a(fp_pscB.o)
 .bss           0x0080021b        0x0 c:/program files (x86)/atmel/avr studio 5.0/avr toolchain/bin/../lib/gcc/avr/4.5.1/../../../../avr/lib/avr5\libm.a(fp_round.o)
 .bss           0x0080021b        0x0 c:/program files (x86)/atmel/avr studio 5.0/avr toolchain/bin/../lib/gcc/avr/4.5.1/../../../../avr/lib/avr5\libm.a(fp_split3.o)
 .bss           0x0080021b        0x0 c:/program files (x86)/atmel/avr studio 5.0/avr toolchain/bin/../lib/gcc/avr/4.5.1/../../../../avr/lib/avr5\libm.a(fp_zero.o)
 .bss           0x0080021b        0x0 c:/program files (x86)/atmel/avr studio 5.0/avr toolchain/bin/../lib/gcc/avr/4.5.1/../../../../avr/lib/avr5\libm.a(lrint.o)
 .bss           0x0080021b        0x0 c:/program files (x86)/atmel/avr studio 5.0/avr toolchain/bin/../lib/gcc/avr/4.5.1/../../../../avr/lib/avr5\libm.a(mulsf3.o)
 .bss           0x0080021b        0x0 c:/program files (x86)/atmel/avr studio 5.0/avr toolchain/bin/../lib/gcc/avr/4.5.1/../../../../avr/lib/avr5\libm.a(mulsf3x.o)
 .bss           0x0080021b        0x0 c:/program files (x86)/atmel/avr studio 5.0/avr toolchain/bin/../lib/gcc/avr/4.5.1/../../../../avr/lib/avr5\libm.a(pow.o)
 .bss           0x0080021b        0x0 c:/program files (x86)/atmel/avr studio 5.0/avr toolchain/bin/../lib/gcc/avr/4.5.1/../../../../avr/lib/avr5\libm.a(exp.o)
 .bss           0x0080021b        0x0 c:/program files (x86)/atmel/avr studio 5.0/avr toolchain/bin/../lib/gcc/avr/4.5.1/../../../../avr/lib/avr5\libm.a(fp_powser.o)
 .bss           0x0080021b        0x0 c:/program files (x86)/atmel/avr studio 5.0/avr toolchain/bin/../lib/gcc/avr/4.5.1/../../../../avr/lib/avr5\libm.a(inverse.o)
 .bss           0x0080021b        0x0 c:/program files (x86)/atmel/avr studio 5.0/avr toolchain/bin/../lib/gcc/avr/4.5.1/../../../../avr/lib/avr5\libm.a(ldexp.o)
 .bss           0x0080021b        0x0 c:/program files (x86)/atmel/avr studio 5.0/avr toolchain/bin/../lib/gcc/avr/4.5.1/../../../../avr/lib/avr5\libm.a(log.o)
 .bss           0x0080021b        0x0 c:/program files (x86)/atmel/avr studio 5.0/avr toolchain/bin/../lib/gcc/avr/4.5.1/../../../../avr/lib/avr5\libm.a(modf.o)
 .bss           0x0080021b        0x0 c:/program files (x86)/atmel/avr studio 5.0/avr toolchain/bin/../lib/gcc/avr/4.5.1/../../../../avr/lib/avr5\libm.a(addsf3.o)
 .bss           0x0080021b        0x0 c:/program files (x86)/atmel/avr studio 5.0/avr toolchain/bin/../lib/gcc/avr/4.5.1/../../../../avr/lib/avr5\libm.a(addsf3x.o)
 .bss           0x0080021b        0x0 c:/program files (x86)/atmel/avr studio 5.0/avr toolchain/bin/../lib/gcc/avr/4.5.1/../../../../avr/lib/avr5\libm.a(fp_mpack.o)
 .bss           0x0080021b        0x0 c:/program files (x86)/atmel/avr studio 5.0/avr toolchain/bin/../lib/gcc/avr/4.5.1/avr5\libgcc.a(_mulsi3.o)
 .bss           0x0080021b        0x0 c:/program files (x86)/atmel/avr studio 5.0/avr toolchain/bin/../lib/gcc/avr/4.5.1/avr5\libgcc.a(_udivmodsi4.o)
 .bss           0x0080021b        0x0 c:/program files (x86)/atmel/avr studio 5.0/avr toolchain/bin/../lib/gcc/avr/4.5.1/avr5\libgcc.a(_exit.o)
 .bss           0x0080021b        0x0 c:/program files (x86)/atmel/avr studio 5.0/avr toolchain/bin/../lib/gcc/avr/4.5.1/avr5\libgcc.a(_copy_data.o)
 .bss           0x0080021b        0x0 c:/program files (x86)/atmel/avr studio 5.0/avr toolchain/bin/../lib/gcc/avr/4.5.1/avr5\libgcc.a(_clear_bss.o)
 .bss           0x0080021b        0x0 c:/program files (x86)/atmel/avr studio 5.0/avr toolchain/bin/../lib/gcc/avr/4.5.1/../../../../avr/lib/avr5\libc.a(malloc.o)
 .bss           0x0080021b        0x0 c:/program files (x86)/atmel/avr studio 5.0/avr toolchain/bin/../lib/gcc/avr/4.5.1/../../../../avr/lib/avr5\libc.a(iob.o)
 .bss           0x0080021b        0x0 c:/program files (x86)/atmel/avr studio 5.0/avr toolchain/bin/../lib/gcc/avr/4.5.1/../../../../avr/lib/avr5\libc.a(printf.o)
 .bss           0x0080021b        0x0 c:/program files (x86)/atmel/avr studio 5.0/avr toolchain/bin/../lib/gcc/avr/4.5.1/../../../../avr/lib/avr5\libc.a(vfprintf_std.o)
 .bss           0x0080021b        0x0 c:/program files (x86)/atmel/avr studio 5.0/avr toolchain/bin/../lib/gcc/avr/4.5.1/../../../../avr/lib/avr5\libc.a(strnlen_P.o)
 .bss           0x0080021b        0x0 c:/program files (x86)/atmel/avr studio 5.0/avr toolchain/bin/../lib/gcc/avr/4.5.1/../../../../avr/lib/avr5\libc.a(strnlen.o)
 .bss           0x0080021b        0x0 c:/program files (x86)/atmel/avr studio 5.0/avr toolchain/bin/../lib/gcc/avr/4.5.1/../../../../avr/lib/avr5\libc.a(fputc.o)
 .bss           0x0080021b        0x0 c:/program files (x86)/atmel/avr studio 5.0/avr toolchain/bin/../lib/gcc/avr/4.5.1/../../../../avr/lib/avr5\libc.a(ultoa_invert.o)
 .bss           0x0080021b        0x0 c:/program files (x86)/atmel/avr studio 5.0/avr toolchain/bin/../lib/gcc/avr/4.5.1/avr5\libgcc.a(_prologue.o)
 .bss           0x0080021b        0x0 c:/program files (x86)/atmel/avr studio 5.0/avr toolchain/bin/../lib/gcc/avr/4.5.1/avr5\libgcc.a(_epilogue.o)
 *(.bss*)
 *(COMMON)
 COMMON         0x0080021b        0x2 Voice Control.o
                0x0080021b                rxflag
                0x0080021c                cmd
 COMMON         0x0080021d       0x13 ../CEENbot API\libcapi324v221.a(SYS_globals.o)
                0x0080021d                CBOT_system
 COMMON         0x00800230        0x5 ../CEENbot API\libcapi324v221.a(LCD_globals.o)
                0x00800230                LCD_params
 COMMON         0x00800235        0x1 ../CEENbot API\libcapi324v221.a(SPI_globals.o)
                0x00800235                curr_spi_addr
 COMMON         0x00800236       0x39 ../CEENbot API\libcapi324v221.a(STEPPER_globals.o)
                0x00800236                STEPPER_params
                0x0080026d                step_done
 COMMON         0x0080026f       0x1e ../CEENbot API\libcapi324v221.a(ATTINY_globals.o)
                0x0080026f                ATTINY_params
 COMMON         0x0080028d        0x3 ../CEENbot API\libcapi324v221.a(TMRSRVC_globals.o)
                0x0080028d                tmrNodes
 COMMON         0x00800290        0x4 c:/program files (x86)/atmel/avr studio 5.0/avr toolchain/bin/../lib/gcc/avr/4.5.1/../../../../avr/lib/avr5\libc.a(malloc.o)
                0x00800290                __brkval
                0x00800292                __flp
 COMMON         0x00800294        0x6 c:/program files (x86)/atmel/avr studio 5.0/avr toolchain/bin/../lib/gcc/avr/4.5.1/../../../../avr/lib/avr5\libc.a(iob.o)
                0x00800294                __iob
                0x0080029a                PROVIDE (__bss_end, .)
                0x00003a96                __data_load_start = LOADADDR (.data)
                0x00003b48                __data_load_end = (__data_load_start + SIZEOF (.data))

.noinit         0x0080029a        0x0
                0x0080029a                PROVIDE (__noinit_start, .)
 *(.noinit*)
                0x0080029a                PROVIDE (__noinit_end, .)
                0x0080029a                _end = .
                0x0080029a                PROVIDE (__heap_start, .)

.eeprom         0x00810000        0x0
 *(.eeprom*)
                0x00810000                __eeprom_end = .

.fuse
 *(.fuse)
 *(.lfuse)
 *(.hfuse)
 *(.efuse)

.lock
 *(.lock*)

.signature
 *(.signature*)

.stab           0x00000000     0x39d8
 *(.stab)
 .stab          0x00000000      0x6cc c:/program files (x86)/atmel/avr studio 5.0/avr toolchain/bin/../lib/gcc/avr/4.5.1/../../../../avr/lib/avr5/crtm324p.o
 .stab          0x000006cc       0x48 c:/program files (x86)/atmel/avr studio 5.0/avr toolchain/bin/../lib/gcc/avr/4.5.1/../../../../avr/lib/avr5\libm.a(divsf3.o)
                                 0x54 (size before relaxing)
 .stab          0x00000714      0x510 c:/program files (x86)/atmel/avr studio 5.0/avr toolchain/bin/../lib/gcc/avr/4.5.1/../../../../avr/lib/avr5\libm.a(divsf3x.o)
                                0x51c (size before relaxing)
 .stab          0x00000c24      0x318 c:/program files (x86)/atmel/avr studio 5.0/avr toolchain/bin/../lib/gcc/avr/4.5.1/../../../../avr/lib/avr5\libm.a(floatsisf.o)
                                0x324 (size before relaxing)
 .stab          0x00000f3c       0x78 c:/program files (x86)/atmel/avr studio 5.0/avr toolchain/bin/../lib/gcc/avr/4.5.1/../../../../avr/lib/avr5\libm.a(fp_inf.o)
                                 0x84 (size before relaxing)
 .stab          0x00000fb4       0x54 c:/program files (x86)/atmel/avr studio 5.0/avr toolchain/bin/../lib/gcc/avr/4.5.1/../../../../avr/lib/avr5\libm.a(fp_nan.o)
                                 0x60 (size before relaxing)
 .stab          0x00001008       0x84 c:/program files (x86)/atmel/avr studio 5.0/avr toolchain/bin/../lib/gcc/avr/4.5.1/../../../../avr/lib/avr5\libm.a(fp_pscA.o)
                                 0x90 (size before relaxing)
 .stab          0x0000108c       0x84 c:/program files (x86)/atmel/avr studio 5.0/avr toolchain/bin/../lib/gcc/avr/4.5.1/../../../../avr/lib/avr5\libm.a(fp_pscB.o)
                                 0x90 (size before relaxing)
 .stab          0x00001110       0xfc c:/program files (x86)/atmel/avr studio 5.0/avr toolchain/bin/../lib/gcc/avr/4.5.1/../../../../avr/lib/avr5\libm.a(fp_round.o)
                                0x108 (size before relaxing)
 .stab          0x0000120c      0x1d4 c:/program files (x86)/atmel/avr studio 5.0/avr toolchain/bin/../lib/gcc/avr/4.5.1/../../../../avr/lib/avr5\libm.a(fp_split3.o)
                                0x1e0 (size before relaxing)
 .stab          0x000013e0       0x90 c:/program files (x86)/atmel/avr studio 5.0/avr toolchain/bin/../lib/gcc/avr/4.5.1/../../../../avr/lib/avr5\libm.a(fp_zero.o)
                                 0x9c (size before relaxing)
 .stab          0x00001470      0x2e8 c:/program files (x86)/atmel/avr studio 5.0/avr toolchain/bin/../lib/gcc/avr/4.5.1/../../../../avr/lib/avr5\libm.a(lrint.o)
                                0x2f4 (size before relaxing)
 .stab          0x00001758       0x48 c:/program files (x86)/atmel/avr studio 5.0/avr toolchain/bin/../lib/gcc/avr/4.5.1/../../../../avr/lib/avr5\libm.a(mulsf3.o)
                                 0x54 (size before relaxing)
 .stab          0x000017a0      0x4d4 c:/program files (x86)/atmel/avr studio 5.0/avr toolchain/bin/../lib/gcc/avr/4.5.1/../../../../avr/lib/avr5\libm.a(mulsf3x.o)
                                0x4e0 (size before relaxing)
 .stab          0x00001c74      0x3c0 c:/program files (x86)/atmel/avr studio 5.0/avr toolchain/bin/../lib/gcc/avr/4.5.1/../../../../avr/lib/avr5\libm.a(pow.o)
                                0x3cc (size before relaxing)
 .stab          0x00002034      0x288 c:/program files (x86)/atmel/avr studio 5.0/avr toolchain/bin/../lib/gcc/avr/4.5.1/../../../../avr/lib/avr5\libm.a(exp.o)
                                0x294 (size before relaxing)
 .stab          0x000022bc      0x1ec c:/program files (x86)/atmel/avr studio 5.0/avr toolchain/bin/../lib/gcc/avr/4.5.1/../../../../avr/lib/avr5\libm.a(fp_powser.o)
                                0x1f8 (size before relaxing)
 .stab          0x000024a8       0x84 c:/program files (x86)/atmel/avr studio 5.0/avr toolchain/bin/../lib/gcc/avr/4.5.1/../../../../avr/lib/avr5\libm.a(inverse.o)
                                 0x90 (size before relaxing)
 .stab          0x0000252c      0x2c4 c:/program files (x86)/atmel/avr studio 5.0/avr toolchain/bin/../lib/gcc/avr/4.5.1/../../../../avr/lib/avr5\libm.a(ldexp.o)
                                0x2d0 (size before relaxing)
 .stab          0x000027f0      0x378 c:/program files (x86)/atmel/avr studio 5.0/avr toolchain/bin/../lib/gcc/avr/4.5.1/../../../../avr/lib/avr5\libm.a(log.o)
                                0x384 (size before relaxing)
 .stab          0x00002b68      0x2a0 c:/program files (x86)/atmel/avr studio 5.0/avr toolchain/bin/../lib/gcc/avr/4.5.1/../../../../avr/lib/avr5\libm.a(modf.o)
                                0x2ac (size before relaxing)
 .stab          0x00002e08       0x78 c:/program files (x86)/atmel/avr studio 5.0/avr toolchain/bin/../lib/gcc/avr/4.5.1/../../../../avr/lib/avr5\libm.a(addsf3.o)
                                 0x84 (size before relaxing)
 .stab          0x00002e80      0x4bc c:/program files (x86)/atmel/avr studio 5.0/avr toolchain/bin/../lib/gcc/avr/4.5.1/../../../../avr/lib/avr5\libm.a(addsf3x.o)
                                0x4c8 (size before relaxing)
 .stab          0x0000333c       0xe4 c:/program files (x86)/atmel/avr studio 5.0/avr toolchain/bin/../lib/gcc/avr/4.5.1/../../../../avr/lib/avr5\libm.a(fp_mpack.o)
                                 0xf0 (size before relaxing)
 .stab          0x00003420       0x9c c:/program files (x86)/atmel/avr studio 5.0/avr toolchain/bin/../lib/gcc/avr/4.5.1/../../../../avr/lib/avr5\libc.a(strnlen_P.o)
                                 0xa8 (size before relaxing)
 .stab          0x000034bc       0x9c c:/program files (x86)/atmel/avr studio 5.0/avr toolchain/bin/../lib/gcc/avr/4.5.1/../../../../avr/lib/avr5\libc.a(strnlen.o)
                                 0xa8 (size before relaxing)
 .stab          0x00003558      0x480 c:/program files (x86)/atmel/avr studio 5.0/avr toolchain/bin/../lib/gcc/avr/4.5.1/../../../../avr/lib/avr5\libc.a(ultoa_invert.o)
                                0x48c (size before relaxing)

.stabstr        0x00000000      0xa74
 *(.stabstr)
 .stabstr       0x00000000      0xa74 c:/program files (x86)/atmel/avr studio 5.0/avr toolchain/bin/../lib/gcc/avr/4.5.1/../../../../avr/lib/avr5/crtm324p.o

.stab.excl
 *(.stab.excl)

.stab.exclstr
 *(.stab.exclstr)

.stab.index
 *(.stab.index)

.stab.indexstr
 *(.stab.indexstr)

.comment
 *(.comment)

.debug
 *(.debug)

.line
 *(.line)

.debug_srcinfo
 *(.debug_srcinfo)

.debug_sfnames
 *(.debug_sfnames)

.debug_aranges  0x00000000       0x88
 *(.debug_aranges)
 .debug_aranges
                0x00000000       0x28 c:/program files (x86)/atmel/avr studio 5.0/avr toolchain/bin/../lib/gcc/avr/4.5.1/../../../../avr/lib/avr5\libc.a(malloc.o)
 .debug_aranges
                0x00000028       0x20 c:/program files (x86)/atmel/avr studio 5.0/avr toolchain/bin/../lib/gcc/avr/4.5.1/../../../../avr/lib/avr5\libc.a(printf.o)
 .debug_aranges
                0x00000048       0x20 c:/program files (x86)/atmel/avr studio 5.0/avr toolchain/bin/../lib/gcc/avr/4.5.1/../../../../avr/lib/avr5\libc.a(vfprintf_std.o)
 .debug_aranges
                0x00000068       0x20 c:/program files (x86)/atmel/avr studio 5.0/avr toolchain/bin/../lib/gcc/avr/4.5.1/../../../../avr/lib/avr5\libc.a(fputc.o)

.debug_pubnames
                0x00000000       0xf3
 *(.debug_pubnames)
 .debug_pubnames
                0x00000000       0x7f c:/program files (x86)/atmel/avr studio 5.0/avr toolchain/bin/../lib/gcc/avr/4.5.1/../../../../avr/lib/avr5\libc.a(malloc.o)
 .debug_pubnames
                0x0000007f       0x1c c:/program files (x86)/atmel/avr studio 5.0/avr toolchain/bin/../lib/gcc/avr/4.5.1/../../../../avr/lib/avr5\libc.a(iob.o)
 .debug_pubnames
                0x0000009b       0x1d c:/program files (x86)/atmel/avr studio 5.0/avr toolchain/bin/../lib/gcc/avr/4.5.1/../../../../avr/lib/avr5\libc.a(printf.o)
 .debug_pubnames
                0x000000b8       0x1f c:/program files (x86)/atmel/avr studio 5.0/avr toolchain/bin/../lib/gcc/avr/4.5.1/../../../../avr/lib/avr5\libc.a(vfprintf_std.o)
 .debug_pubnames
                0x000000d7       0x1c c:/program files (x86)/atmel/avr studio 5.0/avr toolchain/bin/../lib/gcc/avr/4.5.1/../../../../avr/lib/avr5\libc.a(fputc.o)

.debug_info     0x00000000      0xa62
 *(.debug_info)
 .debug_info    0x00000000      0x296 c:/program files (x86)/atmel/avr studio 5.0/avr toolchain/bin/../lib/gcc/avr/4.5.1/../../../../avr/lib/avr5\libc.a(malloc.o)
 .debug_info    0x00000296      0x14f c:/program files (x86)/atmel/avr studio 5.0/avr toolchain/bin/../lib/gcc/avr/4.5.1/../../../../avr/lib/avr5\libc.a(iob.o)
 .debug_info    0x000003e5      0x1c6 c:/program files (x86)/atmel/avr studio 5.0/avr toolchain/bin/../lib/gcc/avr/4.5.1/../../../../avr/lib/avr5\libc.a(printf.o)
 .debug_info    0x000005ab      0x350 c:/program files (x86)/atmel/avr studio 5.0/avr toolchain/bin/../lib/gcc/avr/4.5.1/../../../../avr/lib/avr5\libc.a(vfprintf_std.o)
 .debug_info    0x000008fb      0x167 c:/program files (x86)/atmel/avr studio 5.0/avr toolchain/bin/../lib/gcc/avr/4.5.1/../../../../avr/lib/avr5\libc.a(fputc.o)
 *(.gnu.linkonce.wi.*)

.debug_abbrev   0x00000000      0x50e
 *(.debug_abbrev)
 .debug_abbrev  0x00000000       0xf5 c:/program files (x86)/atmel/avr studio 5.0/avr toolchain/bin/../lib/gcc/avr/4.5.1/../../../../avr/lib/avr5\libc.a(malloc.o)
 .debug_abbrev  0x000000f5       0xc5 c:/program files (x86)/atmel/avr studio 5.0/avr toolchain/bin/../lib/gcc/avr/4.5.1/../../../../avr/lib/avr5\libc.a(iob.o)
 .debug_abbrev  0x000001ba      0x11c c:/program files (x86)/atmel/avr studio 5.0/avr toolchain/bin/../lib/gcc/avr/4.5.1/../../../../avr/lib/avr5\libc.a(printf.o)
 .debug_abbrev  0x000002d6      0x15f c:/program files (x86)/atmel/avr studio 5.0/avr toolchain/bin/../lib/gcc/avr/4.5.1/../../../../avr/lib/avr5\libc.a(vfprintf_std.o)
 .debug_abbrev  0x00000435       0xd9 c:/program files (x86)/atmel/avr studio 5.0/avr toolchain/bin/../lib/gcc/avr/4.5.1/../../../../avr/lib/avr5\libc.a(fputc.o)

.debug_line     0x00000000      0xdcd
 *(.debug_line)
 .debug_line    0x00000000      0x3c8 c:/program files (x86)/atmel/avr studio 5.0/avr toolchain/bin/../lib/gcc/avr/4.5.1/../../../../avr/lib/avr5\libc.a(malloc.o)
 .debug_line    0x000003c8       0xeb c:/program files (x86)/atmel/avr studio 5.0/avr toolchain/bin/../lib/gcc/avr/4.5.1/../../../../avr/lib/avr5\libc.a(iob.o)
 .debug_line    0x000004b3      0x186 c:/program files (x86)/atmel/avr studio 5.0/avr toolchain/bin/../lib/gcc/avr/4.5.1/../../../../avr/lib/avr5\libc.a(printf.o)
 .debug_line    0x00000639      0x64d c:/program files (x86)/atmel/avr studio 5.0/avr toolchain/bin/../lib/gcc/avr/4.5.1/../../../../avr/lib/avr5\libc.a(vfprintf_std.o)
 .debug_line    0x00000c86      0x147 c:/program files (x86)/atmel/avr studio 5.0/avr toolchain/bin/../lib/gcc/avr/4.5.1/../../../../avr/lib/avr5\libc.a(fputc.o)

.debug_frame    0x00000000       0x90
 *(.debug_frame)
 .debug_frame   0x00000000       0x30 c:/program files (x86)/atmel/avr studio 5.0/avr toolchain/bin/../lib/gcc/avr/4.5.1/../../../../avr/lib/avr5\libc.a(malloc.o)
 .debug_frame   0x00000030       0x20 c:/program files (x86)/atmel/avr studio 5.0/avr toolchain/bin/../lib/gcc/avr/4.5.1/../../../../avr/lib/avr5\libc.a(printf.o)
 .debug_frame   0x00000050       0x20 c:/program files (x86)/atmel/avr studio 5.0/avr toolchain/bin/../lib/gcc/avr/4.5.1/../../../../avr/lib/avr5\libc.a(vfprintf_std.o)
 .debug_frame   0x00000070       0x20 c:/program files (x86)/atmel/avr studio 5.0/avr toolchain/bin/../lib/gcc/avr/4.5.1/../../../../avr/lib/avr5\libc.a(fputc.o)

.debug_str      0x00000000      0x31c
 *(.debug_str)
 .debug_str     0x00000000      0x131 c:/program files (x86)/atmel/avr studio 5.0/avr toolchain/bin/../lib/gcc/avr/4.5.1/../../../../avr/lib/avr5\libc.a(malloc.o)
                                0x16a (size before relaxing)
 .debug_str     0x00000131       0x7a c:/program files (x86)/atmel/avr studio 5.0/avr toolchain/bin/../lib/gcc/avr/4.5.1/../../../../avr/lib/avr5\libc.a(iob.o)
                                 0xf2 (size before relaxing)
 .debug_str     0x000001ab       0x72 c:/program files (x86)/atmel/avr studio 5.0/avr toolchain/bin/../lib/gcc/avr/4.5.1/../../../../avr/lib/avr5\libc.a(printf.o)
                                0x125 (size before relaxing)
 .debug_str     0x0000021d       0xa9 c:/program files (x86)/atmel/avr studio 5.0/avr toolchain/bin/../lib/gcc/avr/4.5.1/../../../../avr/lib/avr5\libc.a(vfprintf_std.o)
                                0x177 (size before relaxing)
 .debug_str     0x000002c6       0x56 c:/program files (x86)/atmel/avr studio 5.0/avr toolchain/bin/../lib/gcc/avr/4.5.1/../../../../avr/lib/avr5\libc.a(fputc.o)
                                 0xfb (size before relaxing)

.debug_loc      0x00000000      0xb1a
 *(.debug_loc)
 .debug_loc     0x00000000      0x429 c:/program files (x86)/atmel/avr studio 5.0/avr toolchain/bin/../lib/gcc/avr/4.5.1/../../../../avr/lib/avr5\libc.a(malloc.o)
 .debug_loc     0x00000429      0x6a1 c:/program files (x86)/atmel/avr studio 5.0/avr toolchain/bin/../lib/gcc/avr/4.5.1/../../../../avr/lib/avr5\libc.a(vfprintf_std.o)
 .debug_loc     0x00000aca       0x50 c:/program files (x86)/atmel/avr studio 5.0/avr toolchain/bin/../lib/gcc/avr/4.5.1/../../../../avr/lib/avr5\libc.a(fputc.o)

.debug_macinfo
 *(.debug_macinfo)
OUTPUT(Voice Control.elf elf32-avr)
LOAD linker stubs

.debug_pubtypes
                0x00000000      0x126
 .debug_pubtypes
                0x00000000       0x39 c:/program files (x86)/atmel/avr studio 5.0/avr toolchain/bin/../lib/gcc/avr/4.5.1/../../../../avr/lib/avr5\libc.a(malloc.o)
 .debug_pubtypes
                0x00000039       0x29 c:/program files (x86)/atmel/avr studio 5.0/avr toolchain/bin/../lib/gcc/avr/4.5.1/../../../../avr/lib/avr5\libc.a(iob.o)
 .debug_pubtypes
                0x00000062       0x48 c:/program files (x86)/atmel/avr studio 5.0/avr toolchain/bin/../lib/gcc/avr/4.5.1/../../../../avr/lib/avr5\libc.a(printf.o)
 .debug_pubtypes
                0x000000aa       0x53 c:/program files (x86)/atmel/avr studio 5.0/avr toolchain/bin/../lib/gcc/avr/4.5.1/../../../../avr/lib/avr5\libc.a(vfprintf_std.o)
 .debug_pubtypes
                0x000000fd       0x29 c:/program files (x86)/atmel/avr studio 5.0/avr toolchain/bin/../lib/gcc/avr/4.5.1/../../../../avr/lib/avr5\libc.a(fputc.o)

.debug_ranges   0x00000000       0x60
 .debug_ranges  0x00000000       0x18 c:/program files (x86)/atmel/avr studio 5.0/avr toolchain/bin/../lib/gcc/avr/4.5.1/../../../../avr/lib/avr5\libc.a(malloc.o)
 .debug_ranges  0x00000018       0x10 c:/program files (x86)/atmel/avr studio 5.0/avr toolchain/bin/../lib/gcc/avr/4.5.1/../../../../avr/lib/avr5\libc.a(printf.o)
 .debug_ranges  0x00000028       0x28 c:/program files (x86)/atmel/avr studio 5.0/avr toolchain/bin/../lib/gcc/avr/4.5.1/../../../../avr/lib/avr5\libc.a(vfprintf_std.o)
 .debug_ranges  0x00000050       0x10 c:/program files (x86)/atmel/avr studio 5.0/avr toolchain/bin/../lib/gcc/avr/4.5.1/../../../../avr/lib/avr5\libc.a(fputc.o)
