Archive member included because of file (symbol)

../../CEENbot API\libcapi324v221.a(CBOT_main.o)
                              c:/program files (x86)/atmel/avr studio 5.0/avr toolchain/bin/../lib/gcc/avr/4.5.1/../../../../avr/lib/avr5/crtm324p.o (main)
../../CEENbot API\libcapi324v221.a(LCD_clear.o)
                              Voice Control.o (LCD_clear)
../../CEENbot API\libcapi324v221.a(LCD_open.o)
                              Voice Control.o (LCD_open)
../../CEENbot API\libcapi324v221.a(LCD_set_backlight.o)
                              ../../CEENbot API\libcapi324v221.a(LCD_open.o) (LCD_set_backlight)
../../CEENbot API\libcapi324v221.a(LCD_set_next_PGC.o)
                              ../../CEENbot API\libcapi324v221.a(LCD_clear.o) (LCD_set_next_PGC)
../../CEENbot API\libcapi324v221.a(LCD_set_PGC_addr.o)
                              ../../CEENbot API\libcapi324v221.a(LCD_clear.o) (LCD_set_PGC_addr)
../../CEENbot API\libcapi324v221.a(LCD_write.o)
                              ../../CEENbot API\libcapi324v221.a(LCD_clear.o) (LCD_write)
../../CEENbot API\libcapi324v221.a(SPI_set_slave_addr.o)
                              ../../CEENbot API\libcapi324v221.a(LCD_set_backlight.o) (SPI_set_slave_addr)
../../CEENbot API\libcapi324v221.a(SPI_transmit.o)
                              ../../CEENbot API\libcapi324v221.a(LCD_set_backlight.o) (SPI_transmit)
../../CEENbot API\libcapi324v221.a(STEPPER_move.o)
                              Voice Control.o (STEPPER_move)
../../CEENbot API\libcapi324v221.a(STEPPER_open.o)
                              Voice Control.o (STEPPER_open)
../../CEENbot API\libcapi324v221.a(STEPPER_run.o)
                              Voice Control.o (STEPPER_run)
../../CEENbot API\libcapi324v221.a(STEPPER_set_accel.o)
                              ../../CEENbot API\libcapi324v221.a(STEPPER_move.o) (STEPPER_set_accel)
../../CEENbot API\libcapi324v221.a(STEPPER_set_dir.o)
                              ../../CEENbot API\libcapi324v221.a(STEPPER_run.o) (STEPPER_set_dir)
../../CEENbot API\libcapi324v221.a(STEPPER_set_mode.o)
                              ../../CEENbot API\libcapi324v221.a(STEPPER_move.o) (STEPPER_set_mode)
../../CEENbot API\libcapi324v221.a(STEPPER_set_speed.o)
                              ../../CEENbot API\libcapi324v221.a(STEPPER_run.o) (STEPPER_set_speed)
../../CEENbot API\libcapi324v221.a(STEPPER_step.o)
                              ../../CEENbot API\libcapi324v221.a(STEPPER_move.o) (STEPPER_step)
../../CEENbot API\libcapi324v221.a(STEPPER_wait_and_then.o)
                              ../../CEENbot API\libcapi324v221.a(STEPPER_move.o) (STEPPER_wait_and_then)
../../CEENbot API\libcapi324v221.a(SYS_get_state.o)
                              ../../CEENbot API\libcapi324v221.a(LCD_open.o) (SYS_get_state)
../../CEENbot API\libcapi324v221.a(SYS_globals.o)
                              ../../CEENbot API\libcapi324v221.a(SYS_get_state.o) (CBOT_system)
../../CEENbot API\libcapi324v221.a(SYS_set_state.o)
                              ../../CEENbot API\libcapi324v221.a(LCD_open.o) (SYS_set_state)
../../CEENbot API\libcapi324v221.a(UART_configure.o)
                              Voice Control.o (UART_configure)
../../CEENbot API\libcapi324v221.a(UART_globals.o)
                              ../../CEENbot API\libcapi324v221.a(UART_configure.o) (UART_params)
../../CEENbot API\libcapi324v221.a(UART_open.o)
                              Voice Control.o (UART_open)
../../CEENbot API\libcapi324v221.a(UART_set_timeout.o)
                              ../../CEENbot API\libcapi324v221.a(UART_open.o) (UART_set_timeout)
../../CEENbot API\libcapi324v221.a(CBOT_init.o)
                              ../../CEENbot API\libcapi324v221.a(CBOT_main.o) (CBOT_init)
../../CEENbot API\libcapi324v221.a(CBOT_isr.o)
                              ../../CEENbot API\libcapi324v221.a(CBOT_main.o) (CBOT_ISR_init)
../../CEENbot API\libcapi324v221.a(ISR_globals.o)
                              ../../CEENbot API\libcapi324v221.a(CBOT_isr.o) (CBOT_ISR_vtable)
../../CEENbot API\libcapi324v221.a(ISR_open.o)
                              ../../CEENbot API\libcapi324v221.a(CBOT_init.o) (ISR_open)
../../CEENbot API\libcapi324v221.a(LCD_globals.o)
                              ../../CEENbot API\libcapi324v221.a(LCD_open.o) (LCD_stdout)
../../CEENbot API\libcapi324v221.a(__LCD_init.o)
                              ../../CEENbot API\libcapi324v221.a(LCD_open.o) (__LCD_init)
../../CEENbot API\libcapi324v221.a(__LCD_putchar.o)
                              ../../CEENbot API\libcapi324v221.a(LCD_globals.o) (__LCD_putchar)
../../CEENbot API\libcapi324v221.a(ATMEGA_open.o)
                              ../../CEENbot API\libcapi324v221.a(CBOT_init.o) (ATMEGA_open)
../../CEENbot API\libcapi324v221.a(ATMEGA_set_clk_mode.o)
                              ../../CEENbot API\libcapi324v221.a(ATMEGA_open.o) (ATMEGA_set_clk_mode)
../../CEENbot API\libcapi324v221.a(SPI_globals.o)
                              ../../CEENbot API\libcapi324v221.a(SPI_set_slave_addr.o) (spi_config_func_LUT)
../../CEENbot API\libcapi324v221.a(SPI_open.o)
                              ../../CEENbot API\libcapi324v221.a(CBOT_init.o) (SPI_open)
../../CEENbot API\libcapi324v221.a(SPI_set_config_func.o)
                              ../../CEENbot API\libcapi324v221.a(SPI_open.o) (SPI_set_config_func)
../../CEENbot API\libcapi324v221.a(SPKR_close.o)
                              ../../CEENbot API\libcapi324v221.a(__LCD_putchar.o) (SPKR_close)
../../CEENbot API\libcapi324v221.a(SPKR_globals.o)
                              ../../CEENbot API\libcapi324v221.a(SPKR_close.o) (tone_mode_active)
../../CEENbot API\libcapi324v221.a(SPKR_open.o)
                              ../../CEENbot API\libcapi324v221.a(__LCD_putchar.o) (SPKR_open)
../../CEENbot API\libcapi324v221.a(SPKR_play_beep.o)
                              ../../CEENbot API\libcapi324v221.a(__LCD_putchar.o) (SPKR_play_beep)
../../CEENbot API\libcapi324v221.a(__SPKR_stop.o)
                              ../../CEENbot API\libcapi324v221.a(SPKR_close.o) (__SPKR_stop)
../../CEENbot API\libcapi324v221.a(STEPPER_globals.o)
                              ../../CEENbot API\libcapi324v221.a(STEPPER_open.o) (STEPPER_params)
../../CEENbot API\libcapi324v221.a(STEPPER_go.o)
                              ../../CEENbot API\libcapi324v221.a(STEPPER_step.o) (STEPPER_go)
../../CEENbot API\libcapi324v221.a(__STEPPER_init.o)
                              ../../CEENbot API\libcapi324v221.a(STEPPER_open.o) (__STEPPER_init)
../../CEENbot API\libcapi324v221.a(STEPPER_set_steps.o)
                              ../../CEENbot API\libcapi324v221.a(STEPPER_step.o) (STEPPER_set_steps)
../../CEENbot API\libcapi324v221.a(STEPPER_set_stop_mode.o)
                              ../../CEENbot API\libcapi324v221.a(STEPPER_step.o) (STEPPER_set_stop_mode)
../../CEENbot API\libcapi324v221.a(STEPPER_setup_decels.o)
                              ../../CEENbot API\libcapi324v221.a(STEPPER_step.o) (STEPPER_setup_decels)
../../CEENbot API\libcapi324v221.a(SYS_init.o)
                              ../../CEENbot API\libcapi324v221.a(CBOT_init.o) (SYS_init)
../../CEENbot API\libcapi324v221.a(ATTINY_open.o)
                              ../../CEENbot API\libcapi324v221.a(CBOT_init.o) (ATTINY_open)
../../CEENbot API\libcapi324v221.a(TMRSRVC_delay.o)
                              ../../CEENbot API\libcapi324v221.a(SPKR_play_beep.o) (TMRSRVC_delay)
../../CEENbot API\libcapi324v221.a(TMRSRVC_new.o)
                              ../../CEENbot API\libcapi324v221.a(UART_open.o) (TMRSRVC_new)
../../CEENbot API\libcapi324v221.a(TMRSRVC_open.o)
                              ../../CEENbot API\libcapi324v221.a(CBOT_init.o) (TMRSRVC_open)
../../CEENbot API\libcapi324v221.a(__TMRSRVC_start.o)
                              ../../CEENbot API\libcapi324v221.a(TMRSRVC_open.o) (__TMRSRVC_start)
../../CEENbot API\libcapi324v221.a(__UART0_putchar.o)
                              ../../CEENbot API\libcapi324v221.a(UART_globals.o) (__UART0_putchar)
../../CEENbot API\libcapi324v221.a(__UART1_putchar.o)
                              ../../CEENbot API\libcapi324v221.a(UART_globals.o) (__UART1_putchar)
../../CEENbot API\libcapi324v221.a(__UART_init.o)
                              ../../CEENbot API\libcapi324v221.a(UART_open.o) (__UART_init)
../../CEENbot API\libcapi324v221.a(UART_transmit.o)
                              ../../CEENbot API\libcapi324v221.a(__UART0_putchar.o) (UART_transmit)
../../CEENbot API\libcapi324v221.a(__ISR_attach.o)
                              ../../CEENbot API\libcapi324v221.a(TMRSRVC_open.o) (__ISR_attach)
../../CEENbot API\libcapi324v221.a(ISR_attach.o)
                              ../../CEENbot API\libcapi324v221.a(SPKR_open.o) (ISR_attach)
../../CEENbot API\libcapi324v221.a(__ATMEGA_init.o)
                              ../../CEENbot API\libcapi324v221.a(ATMEGA_open.o) (__ATMEGA_init)
../../CEENbot API\libcapi324v221.a(SPI_cfgrs.o)
                              ../../CEENbot API\libcapi324v221.a(SPI_open.o) (SPI_default_config)
../../CEENbot API\libcapi324v221.a(__SPI_init.o)
                              ../../CEENbot API\libcapi324v221.a(SPI_open.o) (__SPI_init)
../../CEENbot API\libcapi324v221.a(ISR__SPKR__TIMER1_COMPA_vect.o)
                              ../../CEENbot API\libcapi324v221.a(SPKR_open.o) (__SPKR_TIMER1_COMPA_vect)
../../CEENbot API\libcapi324v221.a(SPKR_beep.o)
                              ../../CEENbot API\libcapi324v221.a(SPKR_play_beep.o) (SPKR_beep)
../../CEENbot API\libcapi324v221.a(SPKR_clk.o)
                              ../../CEENbot API\libcapi324v221.a(ISR__SPKR__TIMER1_COMPA_vect.o) (SPKR_clk)
../../CEENbot API\libcapi324v221.a(__SPKR_close.o)
                              ../../CEENbot API\libcapi324v221.a(SPKR_close.o) (__SPKR_close)
../../CEENbot API\libcapi324v221.a(__SPKR_init.o)
                              ../../CEENbot API\libcapi324v221.a(SPKR_open.o) (__SPKR_init)
../../CEENbot API\libcapi324v221.a(STEPPER_set_decel_step_values.o)
                              ../../CEENbot API\libcapi324v221.a(STEPPER_setup_decels.o) (STEPPER_set_decel_step_values)
../../CEENbot API\libcapi324v221.a(ATTINY_globals.o)
                              ../../CEENbot API\libcapi324v221.a(ATTINY_open.o) (ATTINY_params)
../../CEENbot API\libcapi324v221.a(ISR__TIMER0_COMPA_vect.o)
                              ../../CEENbot API\libcapi324v221.a(TMRSRVC_open.o) (__TIMER0_COMPA_vect)
../../CEENbot API\libcapi324v221.a(TMRSRVC_globals.o)
                              ../../CEENbot API\libcapi324v221.a(TMRSRVC_new.o) (timer_busy_status)
../../CEENbot API\libcapi324v221.a(__TMRSRVC_init.o)
                              ../../CEENbot API\libcapi324v221.a(TMRSRVC_open.o) (__TMRSRVC_init)
../../CEENbot API\libcapi324v221.a(__TMRSRVC_insert.o)
                              ../../CEENbot API\libcapi324v221.a(TMRSRVC_new.o) (TMRSRVC_insert)
../../CEENbot API\libcapi324v221.a(TMRSRVC_start.o)
                              ../../CEENbot API\libcapi324v221.a(__TMRSRVC_insert.o) (TMRSRVC_start)
../../CEENbot API\libcapi324v221.a(TMRSRVC_tick.o)
                              ../../CEENbot API\libcapi324v221.a(ISR__TIMER0_COMPA_vect.o) (TMRSRVC_tick)
../../CEENbot API\libcapi324v221.a(SPKR_beep_clk.o)
                              ../../CEENbot API\libcapi324v221.a(ISR__TIMER0_COMPA_vect.o) (SPKR_beep_clk)
../../CEENbot API\libcapi324v221.a(STEPPER_clk.o)
                              ../../CEENbot API\libcapi324v221.a(ISR__TIMER0_COMPA_vect.o) (STEPPER_clk)
../../CEENbot API\libcapi324v221.a(STEPPER_process_accel.o)
                              ../../CEENbot API\libcapi324v221.a(STEPPER_clk.o) (STEPPER_process_accel)
../../CEENbot API\libcapi324v221.a(STEPPER_process_run_mode.o)
                              ../../CEENbot API\libcapi324v221.a(STEPPER_clk.o) (STEPPER_process_run_mode)
../../CEENbot API\libcapi324v221.a(STEPPER_process_step_mode.o)
                              ../../CEENbot API\libcapi324v221.a(STEPPER_process_run_mode.o) (STEPPER_process_step_mode)
../../CEENbot API\libcapi324v221.a(STEPPER_stop.o)
                              ../../CEENbot API\libcapi324v221.a(STEPPER_process_run_mode.o) (STEPPER_stop)
../../CEENbot API\libcapi324v221.a(TMRSRVC_process.o)
                              ../../CEENbot API\libcapi324v221.a(TMRSRVC_tick.o) (TMRSRVC_process)
../../CEENbot API\libcapi324v221.a(TMRSRVC_stop.o)
                              ../../CEENbot API\libcapi324v221.a(TMRSRVC_process.o) (TMRSRVC_stop)
../../CEENbot API\libcapi324v221.a(STEPPER_process_pwm.o)
                              ../../CEENbot API\libcapi324v221.a(STEPPER_process_run_mode.o) (STEPPER_process_pwm)
c:/program files (x86)/atmel/avr studio 5.0/avr toolchain/bin/../lib/gcc/avr/4.5.1/../../../../avr/lib/avr5\libm.a(divsf3.o)
                              ../../CEENbot API\libcapi324v221.a(SPKR_open.o) (__divsf3)
c:/program files (x86)/atmel/avr studio 5.0/avr toolchain/bin/../lib/gcc/avr/4.5.1/../../../../avr/lib/avr5\libm.a(divsf3x.o)
                              c:/program files (x86)/atmel/avr studio 5.0/avr toolchain/bin/../lib/gcc/avr/4.5.1/../../../../avr/lib/avr5\libm.a(divsf3.o) (__divsf3x)
c:/program files (x86)/atmel/avr studio 5.0/avr toolchain/bin/../lib/gcc/avr/4.5.1/../../../../avr/lib/avr5\libm.a(floatsisf.o)
                              ../../CEENbot API\libcapi324v221.a(SPKR_open.o) (__floatunsisf)
c:/program files (x86)/atmel/avr studio 5.0/avr toolchain/bin/../lib/gcc/avr/4.5.1/../../../../avr/lib/avr5\libm.a(fp_inf.o)
                              c:/program files (x86)/atmel/avr studio 5.0/avr toolchain/bin/../lib/gcc/avr/4.5.1/../../../../avr/lib/avr5\libm.a(divsf3x.o) (__fp_inf)
c:/program files (x86)/atmel/avr studio 5.0/avr toolchain/bin/../lib/gcc/avr/4.5.1/../../../../avr/lib/avr5\libm.a(fp_nan.o)
                              c:/program files (x86)/atmel/avr studio 5.0/avr toolchain/bin/../lib/gcc/avr/4.5.1/../../../../avr/lib/avr5\libm.a(divsf3x.o) (__fp_nan)
c:/program files (x86)/atmel/avr studio 5.0/avr toolchain/bin/../lib/gcc/avr/4.5.1/../../../../avr/lib/avr5\libm.a(fp_pscA.o)
                              c:/program files (x86)/atmel/avr studio 5.0/avr toolchain/bin/../lib/gcc/avr/4.5.1/../../../../avr/lib/avr5\libm.a(divsf3x.o) (__fp_pscA)
c:/program files (x86)/atmel/avr studio 5.0/avr toolchain/bin/../lib/gcc/avr/4.5.1/../../../../avr/lib/avr5\libm.a(fp_pscB.o)
                              c:/program files (x86)/atmel/avr studio 5.0/avr toolchain/bin/../lib/gcc/avr/4.5.1/../../../../avr/lib/avr5\libm.a(divsf3x.o) (__fp_pscB)
c:/program files (x86)/atmel/avr studio 5.0/avr toolchain/bin/../lib/gcc/avr/4.5.1/../../../../avr/lib/avr5\libm.a(fp_round.o)
                              c:/program files (x86)/atmel/avr studio 5.0/avr toolchain/bin/../lib/gcc/avr/4.5.1/../../../../avr/lib/avr5\libm.a(divsf3.o) (__fp_round)
c:/program files (x86)/atmel/avr studio 5.0/avr toolchain/bin/../lib/gcc/avr/4.5.1/../../../../avr/lib/avr5\libm.a(fp_split3.o)
                              c:/program files (x86)/atmel/avr studio 5.0/avr toolchain/bin/../lib/gcc/avr/4.5.1/../../../../avr/lib/avr5\libm.a(divsf3x.o) (__fp_split3)
c:/program files (x86)/atmel/avr studio 5.0/avr toolchain/bin/../lib/gcc/avr/4.5.1/../../../../avr/lib/avr5\libm.a(fp_zero.o)
                              c:/program files (x86)/atmel/avr studio 5.0/avr toolchain/bin/../lib/gcc/avr/4.5.1/../../../../avr/lib/avr5\libm.a(divsf3x.o) (__fp_szero)
c:/program files (x86)/atmel/avr studio 5.0/avr toolchain/bin/../lib/gcc/avr/4.5.1/../../../../avr/lib/avr5\libm.a(lrint.o)
                              ../../CEENbot API\libcapi324v221.a(SPKR_open.o) (lrint)
c:/program files (x86)/atmel/avr studio 5.0/avr toolchain/bin/../lib/gcc/avr/4.5.1/../../../../avr/lib/avr5\libm.a(mulsf3.o)
                              ../../CEENbot API\libcapi324v221.a(SPKR_open.o) (__mulsf3)
c:/program files (x86)/atmel/avr studio 5.0/avr toolchain/bin/../lib/gcc/avr/4.5.1/../../../../avr/lib/avr5\libm.a(mulsf3x.o)
                              c:/program files (x86)/atmel/avr studio 5.0/avr toolchain/bin/../lib/gcc/avr/4.5.1/../../../../avr/lib/avr5\libm.a(mulsf3.o) (__mulsf3x)
c:/program files (x86)/atmel/avr studio 5.0/avr toolchain/bin/../lib/gcc/avr/4.5.1/../../../../avr/lib/avr5\libm.a(pow.o)
                              ../../CEENbot API\libcapi324v221.a(SPKR_open.o) (pow)
c:/program files (x86)/atmel/avr studio 5.0/avr toolchain/bin/../lib/gcc/avr/4.5.1/../../../../avr/lib/avr5\libm.a(exp.o)
                              c:/program files (x86)/atmel/avr studio 5.0/avr toolchain/bin/../lib/gcc/avr/4.5.1/../../../../avr/lib/avr5\libm.a(pow.o) (exp)
c:/program files (x86)/atmel/avr studio 5.0/avr toolchain/bin/../lib/gcc/avr/4.5.1/../../../../avr/lib/avr5\libm.a(fp_powser.o)
                              c:/program files (x86)/atmel/avr studio 5.0/avr toolchain/bin/../lib/gcc/avr/4.5.1/../../../../avr/lib/avr5\libm.a(exp.o) (__fp_powser)
c:/program files (x86)/atmel/avr studio 5.0/avr toolchain/bin/../lib/gcc/avr/4.5.1/../../../../avr/lib/avr5\libm.a(inverse.o)
                              c:/program files (x86)/atmel/avr studio 5.0/avr toolchain/bin/../lib/gcc/avr/4.5.1/../../../../avr/lib/avr5\libm.a(exp.o) (inverse)
c:/program files (x86)/atmel/avr studio 5.0/avr toolchain/bin/../lib/gcc/avr/4.5.1/../../../../avr/lib/avr5\libm.a(ldexp.o)
                              c:/program files (x86)/atmel/avr studio 5.0/avr toolchain/bin/../lib/gcc/avr/4.5.1/../../../../avr/lib/avr5\libm.a(exp.o) (ldexp)
c:/program files (x86)/atmel/avr studio 5.0/avr toolchain/bin/../lib/gcc/avr/4.5.1/../../../../avr/lib/avr5\libm.a(log.o)
                              c:/program files (x86)/atmel/avr studio 5.0/avr toolchain/bin/../lib/gcc/avr/4.5.1/../../../../avr/lib/avr5\libm.a(pow.o) (log)
c:/program files (x86)/atmel/avr studio 5.0/avr toolchain/bin/../lib/gcc/avr/4.5.1/../../../../avr/lib/avr5\libm.a(modf.o)
                              c:/program files (x86)/atmel/avr studio 5.0/avr toolchain/bin/../lib/gcc/avr/4.5.1/../../../../avr/lib/avr5\libm.a(exp.o) (modf)
c:/program files (x86)/atmel/avr studio 5.0/avr toolchain/bin/../lib/gcc/avr/4.5.1/../../../../avr/lib/avr5\libm.a(addsf3.o)
                              c:/program files (x86)/atmel/avr studio 5.0/avr toolchain/bin/../lib/gcc/avr/4.5.1/../../../../avr/lib/avr5\libm.a(modf.o) (__subsf3)
c:/program files (x86)/atmel/avr studio 5.0/avr toolchain/bin/../lib/gcc/avr/4.5.1/../../../../avr/lib/avr5\libm.a(addsf3x.o)
                              c:/program files (x86)/atmel/avr studio 5.0/avr toolchain/bin/../lib/gcc/avr/4.5.1/../../../../avr/lib/avr5\libm.a(fp_powser.o) (__addsf3x)
c:/program files (x86)/atmel/avr studio 5.0/avr toolchain/bin/../lib/gcc/avr/4.5.1/../../../../avr/lib/avr5\libm.a(fp_mpack.o)
                              c:/program files (x86)/atmel/avr studio 5.0/avr toolchain/bin/../lib/gcc/avr/4.5.1/../../../../avr/lib/avr5\libm.a(ldexp.o) (__fp_mpack)
c:/program files (x86)/atmel/avr studio 5.0/avr toolchain/bin/../lib/gcc/avr/4.5.1/avr5\libgcc.a(_mulsi3.o)
                              ../../CEENbot API\libcapi324v221.a(SPKR_open.o) (__mulsi3)
c:/program files (x86)/atmel/avr studio 5.0/avr toolchain/bin/../lib/gcc/avr/4.5.1/avr5\libgcc.a(_udivmodsi4.o)
                              ../../CEENbot API\libcapi324v221.a(UART_configure.o) (__udivmodsi4)
c:/program files (x86)/atmel/avr studio 5.0/avr toolchain/bin/../lib/gcc/avr/4.5.1/avr5\libgcc.a(_exit.o)
                              c:/program files (x86)/atmel/avr studio 5.0/avr toolchain/bin/../lib/gcc/avr/4.5.1/../../../../avr/lib/avr5/crtm324p.o (exit)
c:/program files (x86)/atmel/avr studio 5.0/avr toolchain/bin/../lib/gcc/avr/4.5.1/avr5\libgcc.a(_copy_data.o)
                              Voice Control.o (__do_copy_data)
c:/program files (x86)/atmel/avr studio 5.0/avr toolchain/bin/../lib/gcc/avr/4.5.1/avr5\libgcc.a(_clear_bss.o)
                              ../../CEENbot API\libcapi324v221.a(CBOT_main.o) (__do_clear_bss)
c:/program files (x86)/atmel/avr studio 5.0/avr toolchain/bin/../lib/gcc/avr/4.5.1/../../../../avr/lib/avr5\libc.a(malloc.o)
                              ../../CEENbot API\libcapi324v221.a(SPKR_open.o) (malloc)
c:/program files (x86)/atmel/avr studio 5.0/avr toolchain/bin/../lib/gcc/avr/4.5.1/../../../../avr/lib/avr5\libc.a(iob.o)
                              ../../CEENbot API\libcapi324v221.a(LCD_open.o) (__iob)
c:/program files (x86)/atmel/avr studio 5.0/avr toolchain/bin/../lib/gcc/avr/4.5.1/../../../../avr/lib/avr5\libc.a(puts.o)
                              Voice Control.o (puts)
c:/program files (x86)/atmel/avr studio 5.0/avr toolchain/bin/../lib/gcc/avr/4.5.1/avr5\libgcc.a(_epilogue.o)
                              c:/program files (x86)/atmel/avr studio 5.0/avr toolchain/bin/../lib/gcc/avr/4.5.1/../../../../avr/lib/avr5\libc.a(puts.o) (__epilogue_restores__)

Allocating common symbols
Common symbol       size              file

UART1_timeout_timer
                    0x9               ../../CEENbot API\libcapi324v221.a(UART_globals.o)
__brkval            0x2               c:/program files (x86)/atmel/avr studio 5.0/avr toolchain/bin/../lib/gcc/avr/4.5.1/../../../../avr/lib/avr5\libc.a(malloc.o)
ATTINY_params       0x1e              ../../CEENbot API\libcapi324v221.a(ATTINY_globals.o)
CBOT_system         0x13              ../../CEENbot API\libcapi324v221.a(SYS_globals.o)
tmrNodes            0x3               ../../CEENbot API\libcapi324v221.a(TMRSRVC_globals.o)
UART0_timeout_timer
                    0x9               ../../CEENbot API\libcapi324v221.a(UART_globals.o)
STEPPER_params      0x37              ../../CEENbot API\libcapi324v221.a(STEPPER_globals.o)
curr_spi_addr       0x1               ../../CEENbot API\libcapi324v221.a(SPI_globals.o)
UART_params         0xa               ../../CEENbot API\libcapi324v221.a(UART_globals.o)
LCD_params          0x5               ../../CEENbot API\libcapi324v221.a(LCD_globals.o)
__flp               0x2               c:/program files (x86)/atmel/avr studio 5.0/avr toolchain/bin/../lib/gcc/avr/4.5.1/../../../../avr/lib/avr5\libc.a(malloc.o)
__iob               0x6               c:/program files (x86)/atmel/avr studio 5.0/avr toolchain/bin/../lib/gcc/avr/4.5.1/../../../../avr/lib/avr5\libc.a(iob.o)
step_done           0x2               ../../CEENbot API\libcapi324v221.a(STEPPER_globals.o)

Memory Configuration

Name             Origin             Length             Attributes
text             0x00000000         0x00020000         xr
data             0x00800060         0x0000ffa0         rw !x
eeprom           0x00810000         0x00010000         rw !x
fuse             0x00820000         0x00000400         rw !x
lock             0x00830000         0x00000400         rw !x
signature        0x00840000         0x00000400         rw !x
*default*        0x00000000         0xffffffff

Linker script and memory map

Address of section .data set to 0x800100
LOAD c:/program files (x86)/atmel/avr studio 5.0/avr toolchain/bin/../lib/gcc/avr/4.5.1/../../../../avr/lib/avr5/crtm324p.o
LOAD Voice Control.o
LOAD ../../CEENbot API\libcapi324v221.a
LOAD c:/program files (x86)/atmel/avr studio 5.0/avr toolchain/bin/../lib/gcc/avr/4.5.1/../../../../avr/lib/avr5\libm.a
LOAD c:/program files (x86)/atmel/avr studio 5.0/avr toolchain/bin/../lib/gcc/avr/4.5.1/avr5\libgcc.a
LOAD c:/program files (x86)/atmel/avr studio 5.0/avr toolchain/bin/../lib/gcc/avr/4.5.1/../../../../avr/lib/avr5\libc.a
LOAD c:/program files (x86)/atmel/avr studio 5.0/avr toolchain/bin/../lib/gcc/avr/4.5.1/avr5\libgcc.a

.hash
 *(.hash)

.dynsym
 *(.dynsym)

.dynstr
 *(.dynstr)

.gnu.version
 *(.gnu.version)

.gnu.version_d
 *(.gnu.version_d)

.gnu.version_r
 *(.gnu.version_r)

.rel.init
 *(.rel.init)

.rela.init
 *(.rela.init)

.rel.text
 *(.rel.text)
 *(.rel.text.*)
 *(.rel.gnu.linkonce.t*)

.rela.text
 *(.rela.text)
 *(.rela.text.*)
 *(.rela.gnu.linkonce.t*)

.rel.fini
 *(.rel.fini)

.rela.fini
 *(.rela.fini)

.rel.rodata
 *(.rel.rodata)
 *(.rel.rodata.*)
 *(.rel.gnu.linkonce.r*)

.rela.rodata
 *(.rela.rodata)
 *(.rela.rodata.*)
 *(.rela.gnu.linkonce.r*)

.rel.data
 *(.rel.data)
 *(.rel.data.*)
 *(.rel.gnu.linkonce.d*)

.rela.data
 *(.rela.data)
 *(.rela.data.*)
 *(.rela.gnu.linkonce.d*)

.rel.ctors
 *(.rel.ctors)

.rela.ctors
 *(.rela.ctors)

.rel.dtors
 *(.rel.dtors)

.rela.dtors
 *(.rela.dtors)

.rel.got
 *(.rel.got)

.rela.got
 *(.rela.got)

.rel.bss
 *(.rel.bss)

.rela.bss
 *(.rela.bss)

.rel.plt
 *(.rel.plt)

.rela.plt
 *(.rela.plt)

.text           0x00000000     0x3750
 *(.vectors)
 .vectors       0x00000000       0x7c c:/program files (x86)/atmel/avr studio 5.0/avr toolchain/bin/../lib/gcc/avr/4.5.1/../../../../avr/lib/avr5/crtm324p.o
                0x00000000                __vector_default
                0x00000000                __vectors
 *(.vectors)
 *(.progmem.gcc*)
 .progmem.gcc_sw_table
                0x0000007c       0x26 ../../CEENbot API\libcapi324v221.a(SYS_get_state.o)
 .progmem.gcc_sw_table
                0x000000a2       0x26 ../../CEENbot API\libcapi324v221.a(SYS_set_state.o)
 .progmem.gcc_fplib
                0x000000c8       0x28 c:/program files (x86)/atmel/avr studio 5.0/avr toolchain/bin/../lib/gcc/avr/4.5.1/../../../../avr/lib/avr5\libm.a(exp.o)
 .progmem.gcc_fplib
                0x000000f0       0x5a c:/program files (x86)/atmel/avr studio 5.0/avr toolchain/bin/../lib/gcc/avr/4.5.1/../../../../avr/lib/avr5\libm.a(log.o)
 *(.progmem*)
 .progmem.data  0x0000014a      0x415 ../../CEENbot API\libcapi324v221.a(LCD_globals.o)
                0x0000014a                char_bitmap
                0x0000035f                CEENBoT_Inc_logo_bitmap
                0x00000560                . = ALIGN (0x2)
 *fill*         0x0000055f        0x1 00
                0x00000560                __trampolines_start = .
 *(.trampolines)
 .trampolines   0x00000560        0x0 linker stubs
 *(.trampolines*)
                0x00000560                __trampolines_end = .
 *(.jumptables)
 *(.jumptables*)
 *(.lowtext)
 *(.lowtext*)
                0x00000560                __ctors_start = .
 *(.ctors)
                0x00000560                __ctors_end = .
                0x00000560                __dtors_start = .
 *(.dtors)
                0x00000560                __dtors_end = .
 SORT(*)(.ctors)
 SORT(*)(.dtors)
 *(.init0)
 .init0         0x00000560        0x0 c:/program files (x86)/atmel/avr studio 5.0/avr toolchain/bin/../lib/gcc/avr/4.5.1/../../../../avr/lib/avr5/crtm324p.o
                0x00000560                __init
 *(.init0)
 *(.init1)
 *(.init1)
 *(.init2)
 .init2         0x00000560        0xc c:/program files (x86)/atmel/avr studio 5.0/avr toolchain/bin/../lib/gcc/avr/4.5.1/../../../../avr/lib/avr5/crtm324p.o
 *(.init2)
 *(.init3)
 *(.init3)
 *(.init4)
 .init4         0x0000056c       0x16 c:/program files (x86)/atmel/avr studio 5.0/avr toolchain/bin/../lib/gcc/avr/4.5.1/avr5\libgcc.a(_copy_data.o)
                0x0000056c                __do_copy_data
 .init4         0x00000582       0x10 c:/program files (x86)/atmel/avr studio 5.0/avr toolchain/bin/../lib/gcc/avr/4.5.1/avr5\libgcc.a(_clear_bss.o)
                0x00000582                __do_clear_bss
 *(.init4)
 *(.init5)
 *(.init5)
 *(.init6)
 *(.init6)
 *(.init7)
 *(.init7)
 *(.init8)
 *(.init8)
 *(.init9)
 .init9         0x00000592        0x8 c:/program files (x86)/atmel/avr studio 5.0/avr toolchain/bin/../lib/gcc/avr/4.5.1/../../../../avr/lib/avr5/crtm324p.o
 *(.init9)
 *(.text)
 .text          0x0000059a        0x4 c:/program files (x86)/atmel/avr studio 5.0/avr toolchain/bin/../lib/gcc/avr/4.5.1/../../../../avr/lib/avr5/crtm324p.o
                0x0000059a                __vector_22
                0x0000059a                __vector_28
                0x0000059a                __vector_1
                0x0000059a                __vector_24
                0x0000059a                __bad_interrupt
                0x0000059a                __vector_3
                0x0000059a                __vector_23
                0x0000059a                __vector_30
                0x0000059a                __vector_25
                0x0000059a                __vector_19
                0x0000059a                __vector_27
                0x0000059a                __vector_2
                0x0000059a                __vector_21
                0x0000059a                __vector_29
                0x0000059a                __vector_8
                0x0000059a                __vector_26
                0x0000059a                __vector_20
 .text          0x0000059e      0x1f0 Voice Control.o
                0x0000059e                CBOT_main
                0x00000614                goForward
                0x0000062e                goBackward
                0x00000648                turnLeft
                0x000006ea                turnRight
 .text          0x0000078e       0x12 ../../CEENbot API\libcapi324v221.a(CBOT_main.o)
                0x0000078e                main
 .text          0x000007a0       0x3a ../../CEENbot API\libcapi324v221.a(LCD_clear.o)
                0x000007a0                LCD_clear
 .text          0x000007da      0x102 ../../CEENbot API\libcapi324v221.a(LCD_open.o)
                0x000007da                LCD_open
 .text          0x000008dc       0x42 ../../CEENbot API\libcapi324v221.a(LCD_set_backlight.o)
                0x000008dc                LCD_set_backlight
 .text          0x0000091e        0xe ../../CEENbot API\libcapi324v221.a(LCD_set_next_PGC.o)
                0x0000091e                LCD_set_next_PGC
 .text          0x0000092c       0x32 ../../CEENbot API\libcapi324v221.a(LCD_set_PGC_addr.o)
                0x0000092c                LCD_set_PGC_addr
 .text          0x0000095e       0x36 ../../CEENbot API\libcapi324v221.a(LCD_write.o)
                0x0000095e                LCD_write
 .text          0x00000994       0xa2 ../../CEENbot API\libcapi324v221.a(SPI_set_slave_addr.o)
                0x00000994                SPI_set_slave_addr
 .text          0x00000a36       0x1e ../../CEENbot API\libcapi324v221.a(SPI_transmit.o)
                0x00000a36                SPI_transmit
 .text          0x00000a54      0x2c8 ../../CEENbot API\libcapi324v221.a(STEPPER_move.o)
                0x00000bce                STEPPER_move
 .text          0x00000d1c       0xae ../../CEENbot API\libcapi324v221.a(STEPPER_open.o)
                0x00000d1c                STEPPER_open
 .text          0x00000dca       0x2e ../../CEENbot API\libcapi324v221.a(STEPPER_run.o)
                0x00000dca                STEPPER_run
 .text          0x00000df8       0x44 ../../CEENbot API\libcapi324v221.a(STEPPER_set_accel.o)
                0x00000df8                STEPPER_set_accel
 .text          0x00000e3c       0x2a ../../CEENbot API\libcapi324v221.a(STEPPER_set_dir.o)
                0x00000e3c                STEPPER_set_dir
 .text          0x00000e66       0x2a ../../CEENbot API\libcapi324v221.a(STEPPER_set_mode.o)
                0x00000e66                STEPPER_set_mode
 .text          0x00000e90       0x44 ../../CEENbot API\libcapi324v221.a(STEPPER_set_speed.o)
                0x00000e90                STEPPER_set_speed
 .text          0x00000ed4      0x118 ../../CEENbot API\libcapi324v221.a(STEPPER_step.o)
                0x00000ed4                STEPPER_step
 .text          0x00000fec       0x9c ../../CEENbot API\libcapi324v221.a(STEPPER_wait_and_then.o)
                0x00000fec                STEPPER_wait_and_then
 .text          0x00001088       0x90 ../../CEENbot API\libcapi324v221.a(SYS_get_state.o)
                0x00001088                SYS_get_state
 .text          0x00001118        0x0 ../../CEENbot API\libcapi324v221.a(SYS_globals.o)
 .text          0x00001118       0x8e ../../CEENbot API\libcapi324v221.a(SYS_set_state.o)
                0x00001118                SYS_set_state
 .text          0x000011a6      0x1f2 ../../CEENbot API\libcapi324v221.a(UART_configure.o)
                0x00001272                UART_configure
 .text          0x00001398        0x0 ../../CEENbot API\libcapi324v221.a(UART_globals.o)
 .text          0x00001398       0x9c ../../CEENbot API\libcapi324v221.a(UART_open.o)
                0x00001398                UART_open
 .text          0x00001434       0x32 ../../CEENbot API\libcapi324v221.a(UART_set_timeout.o)
                0x00001434                UART_set_timeout
 .text          0x00001466       0x1c ../../CEENbot API\libcapi324v221.a(CBOT_init.o)
                0x00001466                CBOT_init
 .text          0x00001482      0x480 ../../CEENbot API\libcapi324v221.a(CBOT_isr.o)
                0x00001482                CBOT_ISR_init
                0x00001486                __vector_16
                0x000014d8                __vector_17
                0x0000152a                __vector_18
                0x0000157c                __vector_9
                0x000015ce                __vector_10
                0x00001620                __vector_11
                0x00001672                __vector_13
                0x000016c4                __vector_14
                0x00001716                __vector_12
                0x00001768                __vector_15
                0x000017ba                __vector_4
                0x0000180c                __vector_5
                0x0000185e                __vector_6
                0x000018b0                __vector_7
 .text          0x00001902        0x0 ../../CEENbot API\libcapi324v221.a(ISR_globals.o)
 .text          0x00001902       0x28 ../../CEENbot API\libcapi324v221.a(ISR_open.o)
                0x00001902                ISR_open
 .text          0x0000192a        0x0 ../../CEENbot API\libcapi324v221.a(LCD_globals.o)
 .text          0x0000192a        0x4 ../../CEENbot API\libcapi324v221.a(__LCD_init.o)
                0x0000192a                __LCD_init
 .text          0x0000192e      0x15a ../../CEENbot API\libcapi324v221.a(__LCD_putchar.o)
                0x0000192e                __LCD_putchar
 .text          0x00001a88       0x24 ../../CEENbot API\libcapi324v221.a(ATMEGA_open.o)
                0x00001a88                ATMEGA_open
 .text          0x00001aac       0xa6 ../../CEENbot API\libcapi324v221.a(ATMEGA_set_clk_mode.o)
                0x00001aac                ATMEGA_set_clk_mode
 .text          0x00001b52        0x0 ../../CEENbot API\libcapi324v221.a(SPI_globals.o)
 .text          0x00001b52       0x72 ../../CEENbot API\libcapi324v221.a(SPI_open.o)
                0x00001b52                SPI_open
 .text          0x00001bc4       0x12 ../../CEENbot API\libcapi324v221.a(SPI_set_config_func.o)
                0x00001bc4                SPI_set_config_func
 .text          0x00001bd6       0x72 ../../CEENbot API\libcapi324v221.a(SPKR_close.o)
                0x00001bd6                __SPKR_close_beep_mode
                0x00001bf2                __SPKR_close_tone_mode
                0x00001c34                SPKR_close
 .text          0x00001c48        0x0 ../../CEENbot API\libcapi324v221.a(SPKR_globals.o)
 .text          0x00001c48      0x13c ../../CEENbot API\libcapi324v221.a(SPKR_open.o)
                0x00001c48                __SPKR_set_up_freq_LUT
                0x00001ce6                __SPKR_open_beep_mode
                0x00001d12                __SPKR_open_tone_mode
                0x00001d6a                SPKR_open
 .text          0x00001d84       0x9a ../../CEENbot API\libcapi324v221.a(SPKR_play_beep.o)
                0x00001d84                SPKR_play_beep
 .text          0x00001e1e        0xc ../../CEENbot API\libcapi324v221.a(__SPKR_stop.o)
                0x00001e1e                __SPKR_stop
 .text          0x00001e2a        0x0 ../../CEENbot API\libcapi324v221.a(STEPPER_globals.o)
 .text          0x00001e2a       0x2a ../../CEENbot API\libcapi324v221.a(STEPPER_go.o)
                0x00001e2a                STEPPER_go
 .text          0x00001e54       0x14 ../../CEENbot API\libcapi324v221.a(__STEPPER_init.o)
                0x00001e54                __STEPPER_init
 .text          0x00001e68       0x36 ../../CEENbot API\libcapi324v221.a(STEPPER_set_steps.o)
                0x00001e68                STEPPER_set_steps
 .text          0x00001e9e       0x2a ../../CEENbot API\libcapi324v221.a(STEPPER_set_stop_mode.o)
                0x00001e9e                STEPPER_set_stop_mode
 .text          0x00001ec8       0x7a ../../CEENbot API\libcapi324v221.a(STEPPER_setup_decels.o)
                0x00001ec8                STEPPER_setup_decels
 .text          0x00001f42       0x46 ../../CEENbot API\libcapi324v221.a(SYS_init.o)
                0x00001f42                SYS_init
 .text          0x00001f88       0x9e ../../CEENbot API\libcapi324v221.a(ATTINY_open.o)
                0x00001f88                ATTINY_open
 .text          0x00002026       0x42 ../../CEENbot API\libcapi324v221.a(TMRSRVC_delay.o)
                0x00002026                TMRSRVC_delay
 .text          0x00002068       0x7c ../../CEENbot API\libcapi324v221.a(TMRSRVC_new.o)
                0x00002068                TMRSRVC_new
 .text          0x000020e4       0x3e ../../CEENbot API\libcapi324v221.a(TMRSRVC_open.o)
                0x000020e4                TMRSRVC_open
 .text          0x00002122        0xc ../../CEENbot API\libcapi324v221.a(__TMRSRVC_start.o)
                0x00002122                __TMRSRVC_start
 .text          0x0000212e        0xe ../../CEENbot API\libcapi324v221.a(__UART0_putchar.o)
                0x0000212e                __UART0_putchar
 .text          0x0000213c        0xe ../../CEENbot API\libcapi324v221.a(__UART1_putchar.o)
                0x0000213c                __UART1_putchar
 .text          0x0000214a       0x1a ../../CEENbot API\libcapi324v221.a(__UART_init.o)
                0x0000214a                __UART_init
 .text          0x00002164       0x70 ../../CEENbot API\libcapi324v221.a(UART_transmit.o)
                0x00002164                UART_transmit
 .text          0x000021d4       0x22 ../../CEENbot API\libcapi324v221.a(__ISR_attach.o)
                0x000021d4                __ISR_attach
 .text          0x000021f6       0x28 ../../CEENbot API\libcapi324v221.a(ISR_attach.o)
                0x000021f6                ISR_attach
 .text          0x0000221e        0x6 ../../CEENbot API\libcapi324v221.a(__ATMEGA_init.o)
                0x0000221e                __ATMEGA_init
 .text          0x00002224       0x52 ../../CEENbot API\libcapi324v221.a(SPI_cfgrs.o)
                0x00002224                SPI_default_config
                0x00002234                SPI_ATtiny0_config
                0x00002244                SPI_PSXC_config
                0x00002254                SPI_LCD_config
                0x00002264                SPI_FLASH_config
 .text          0x00002276        0xe ../../CEENbot API\libcapi324v221.a(__SPI_init.o)
                0x00002276                __SPI_init
 .text          0x00002284        0x6 ../../CEENbot API\libcapi324v221.a(ISR__SPKR__TIMER1_COMPA_vect.o)
                0x00002284                __SPKR_TIMER1_COMPA_vect
 .text          0x0000228a       0x2e ../../CEENbot API\libcapi324v221.a(SPKR_beep.o)
                0x0000228a                SPKR_beep
 .text          0x000022b8       0x82 ../../CEENbot API\libcapi324v221.a(SPKR_clk.o)
                0x000022b8                SPKR_clk
 .text          0x0000233a       0x38 ../../CEENbot API\libcapi324v221.a(__SPKR_close.o)
                0x0000233a                __SPKR_close
 .text          0x00002372       0x54 ../../CEENbot API\libcapi324v221.a(__SPKR_init.o)
                0x00002372                __SPKR_init
 .text          0x000023c6       0xda ../../CEENbot API\libcapi324v221.a(STEPPER_set_decel_step_values.o)
                0x000023c6                STEPPER_set_decel_step_values
 .text          0x000024a0        0x0 ../../CEENbot API\libcapi324v221.a(ATTINY_globals.o)
 .text          0x000024a0        0xe ../../CEENbot API\libcapi324v221.a(ISR__TIMER0_COMPA_vect.o)
                0x000024a0                __TIMER0_COMPA_vect
 .text          0x000024ae        0x0 ../../CEENbot API\libcapi324v221.a(TMRSRVC_globals.o)
 .text          0x000024ae       0x12 ../../CEENbot API\libcapi324v221.a(__TMRSRVC_init.o)
                0x000024ae                __TMRSRVC_init
 .text          0x000024c0       0xd2 ../../CEENbot API\libcapi324v221.a(__TMRSRVC_insert.o)
                0x000024c0                TMRSRVC_insert
 .text          0x00002592        0x8 ../../CEENbot API\libcapi324v221.a(TMRSRVC_start.o)
                0x00002592                TMRSRVC_start
 .text          0x0000259a       0x32 ../../CEENbot API\libcapi324v221.a(TMRSRVC_tick.o)
                0x0000259a                TMRSRVC_tick
 .text          0x000025cc       0x4e ../../CEENbot API\libcapi324v221.a(SPKR_beep_clk.o)
                0x000025cc                SPKR_beep_clk
 .text          0x0000261a      0x162 ../../CEENbot API\libcapi324v221.a(STEPPER_clk.o)
                0x0000261a                STEPPER_clk
 .text          0x0000277c       0x8a ../../CEENbot API\libcapi324v221.a(STEPPER_process_accel.o)
                0x0000277c                STEPPER_process_accel
 .text          0x00002806      0x206 ../../CEENbot API\libcapi324v221.a(STEPPER_process_run_mode.o)
                0x00002806                STEPPER_process_run_mode
 .text          0x00002a0c       0xa8 ../../CEENbot API\libcapi324v221.a(STEPPER_process_step_mode.o)
                0x00002a0c                STEPPER_process_step_mode
 .text          0x00002ab4       0x4a ../../CEENbot API\libcapi324v221.a(STEPPER_stop.o)
                0x00002ab4                STEPPER_stop
 .text          0x00002afe       0xd6 ../../CEENbot API\libcapi324v221.a(TMRSRVC_process.o)
                0x00002afe                TMRSRVC_process
 .text          0x00002bd4        0x6 ../../CEENbot API\libcapi324v221.a(TMRSRVC_stop.o)
                0x00002bd4                TMRSRVC_stop
 .text          0x00002bda      0x130 ../../CEENbot API\libcapi324v221.a(STEPPER_process_pwm.o)
                0x00002bda                STEPPER_process_pwm
 .text          0x00002d0a        0x0 c:/program files (x86)/atmel/avr studio 5.0/avr toolchain/bin/../lib/gcc/avr/4.5.1/../../../../avr/lib/avr5\libm.a(divsf3.o)
 .text          0x00002d0a        0x0 c:/program files (x86)/atmel/avr studio 5.0/avr toolchain/bin/../lib/gcc/avr/4.5.1/../../../../avr/lib/avr5\libm.a(divsf3x.o)
 .text          0x00002d0a        0x0 c:/program files (x86)/atmel/avr studio 5.0/avr toolchain/bin/../lib/gcc/avr/4.5.1/../../../../avr/lib/avr5\libm.a(floatsisf.o)
 .text          0x00002d0a        0x0 c:/program files (x86)/atmel/avr studio 5.0/avr toolchain/bin/../lib/gcc/avr/4.5.1/../../../../avr/lib/avr5\libm.a(fp_inf.o)
 .text          0x00002d0a        0x0 c:/program files (x86)/atmel/avr studio 5.0/avr toolchain/bin/../lib/gcc/avr/4.5.1/../../../../avr/lib/avr5\libm.a(fp_nan.o)
 .text          0x00002d0a        0x0 c:/program files (x86)/atmel/avr studio 5.0/avr toolchain/bin/../lib/gcc/avr/4.5.1/../../../../avr/lib/avr5\libm.a(fp_pscA.o)
 .text          0x00002d0a        0x0 c:/program files (x86)/atmel/avr studio 5.0/avr toolchain/bin/../lib/gcc/avr/4.5.1/../../../../avr/lib/avr5\libm.a(fp_pscB.o)
 .text          0x00002d0a        0x0 c:/program files (x86)/atmel/avr studio 5.0/avr toolchain/bin/../lib/gcc/avr/4.5.1/../../../../avr/lib/avr5\libm.a(fp_round.o)
 .text          0x00002d0a        0x0 c:/program files (x86)/atmel/avr studio 5.0/avr toolchain/bin/../lib/gcc/avr/4.5.1/../../../../avr/lib/avr5\libm.a(fp_split3.o)
 .text          0x00002d0a        0x0 c:/program files (x86)/atmel/avr studio 5.0/avr toolchain/bin/../lib/gcc/avr/4.5.1/../../../../avr/lib/avr5\libm.a(fp_zero.o)
 .text          0x00002d0a        0x0 c:/program files (x86)/atmel/avr studio 5.0/avr toolchain/bin/../lib/gcc/avr/4.5.1/../../../../avr/lib/avr5\libm.a(lrint.o)
 .text          0x00002d0a        0x0 c:/program files (x86)/atmel/avr studio 5.0/avr toolchain/bin/../lib/gcc/avr/4.5.1/../../../../avr/lib/avr5\libm.a(mulsf3.o)
 .text          0x00002d0a        0x0 c:/program files (x86)/atmel/avr studio 5.0/avr toolchain/bin/../lib/gcc/avr/4.5.1/../../../../avr/lib/avr5\libm.a(mulsf3x.o)
 .text          0x00002d0a        0x0 c:/program files (x86)/atmel/avr studio 5.0/avr toolchain/bin/../lib/gcc/avr/4.5.1/../../../../avr/lib/avr5\libm.a(pow.o)
 .text          0x00002d0a        0x0 c:/program files (x86)/atmel/avr studio 5.0/avr toolchain/bin/../lib/gcc/avr/4.5.1/../../../../avr/lib/avr5\libm.a(exp.o)
 .text          0x00002d0a        0x0 c:/program files (x86)/atmel/avr studio 5.0/avr toolchain/bin/../lib/gcc/avr/4.5.1/../../../../avr/lib/avr5\libm.a(fp_powser.o)
 .text          0x00002d0a        0x0 c:/program files (x86)/atmel/avr studio 5.0/avr toolchain/bin/../lib/gcc/avr/4.5.1/../../../../avr/lib/avr5\libm.a(inverse.o)
 .text          0x00002d0a        0x0 c:/program files (x86)/atmel/avr studio 5.0/avr toolchain/bin/../lib/gcc/avr/4.5.1/../../../../avr/lib/avr5\libm.a(ldexp.o)
 .text          0x00002d0a        0x0 c:/program files (x86)/atmel/avr studio 5.0/avr toolchain/bin/../lib/gcc/avr/4.5.1/../../../../avr/lib/avr5\libm.a(log.o)
 .text          0x00002d0a        0x0 c:/program files (x86)/atmel/avr studio 5.0/avr toolchain/bin/../lib/gcc/avr/4.5.1/../../../../avr/lib/avr5\libm.a(modf.o)
 .text          0x00002d0a        0x0 c:/program files (x86)/atmel/avr studio 5.0/avr toolchain/bin/../lib/gcc/avr/4.5.1/../../../../avr/lib/avr5\libm.a(addsf3.o)
 .text          0x00002d0a        0x0 c:/program files (x86)/atmel/avr studio 5.0/avr toolchain/bin/../lib/gcc/avr/4.5.1/../../../../avr/lib/avr5\libm.a(addsf3x.o)
 .text          0x00002d0a        0x0 c:/program files (x86)/atmel/avr studio 5.0/avr toolchain/bin/../lib/gcc/avr/4.5.1/../../../../avr/lib/avr5\libm.a(fp_mpack.o)
 .text          0x00002d0a        0x0 c:/program files (x86)/atmel/avr studio 5.0/avr toolchain/bin/../lib/gcc/avr/4.5.1/avr5\libgcc.a(_mulsi3.o)
 .text          0x00002d0a        0x0 c:/program files (x86)/atmel/avr studio 5.0/avr toolchain/bin/../lib/gcc/avr/4.5.1/avr5\libgcc.a(_udivmodsi4.o)
 .text          0x00002d0a        0x0 c:/program files (x86)/atmel/avr studio 5.0/avr toolchain/bin/../lib/gcc/avr/4.5.1/avr5\libgcc.a(_exit.o)
 .text          0x00002d0a        0x0 c:/program files (x86)/atmel/avr studio 5.0/avr toolchain/bin/../lib/gcc/avr/4.5.1/avr5\libgcc.a(_copy_data.o)
 .text          0x00002d0a        0x0 c:/program files (x86)/atmel/avr studio 5.0/avr toolchain/bin/../lib/gcc/avr/4.5.1/avr5\libgcc.a(_clear_bss.o)
 .text          0x00002d0a        0x0 c:/program files (x86)/atmel/avr studio 5.0/avr toolchain/bin/../lib/gcc/avr/4.5.1/../../../../avr/lib/avr5\libc.a(malloc.o)
 .text          0x00002d0a        0x0 c:/program files (x86)/atmel/avr studio 5.0/avr toolchain/bin/../lib/gcc/avr/4.5.1/../../../../avr/lib/avr5\libc.a(iob.o)
 .text          0x00002d0a        0x0 c:/program files (x86)/atmel/avr studio 5.0/avr toolchain/bin/../lib/gcc/avr/4.5.1/../../../../avr/lib/avr5\libc.a(puts.o)
 .text          0x00002d0a        0x0 c:/program files (x86)/atmel/avr studio 5.0/avr toolchain/bin/../lib/gcc/avr/4.5.1/avr5\libgcc.a(_epilogue.o)
                0x00002d0a                . = ALIGN (0x2)
 *(.text.*)
 .text.avr-libc.fplib
                0x00002d0a        0x4 c:/program files (x86)/atmel/avr studio 5.0/avr toolchain/bin/../lib/gcc/avr/4.5.1/../../../../avr/lib/avr5\libm.a(divsf3.o)
                0x00002d0a                __divsf3
 .text.avr-libc.fplib
                0x00002d0e       0xcc c:/program files (x86)/atmel/avr studio 5.0/avr toolchain/bin/../lib/gcc/avr/4.5.1/../../../../avr/lib/avr5\libm.a(divsf3x.o)
                0x00002d24                __divsf3x
                0x00002d28                __divsf3_pse
 .text.avr-libc.fplib
                0x00002dda       0x7a c:/program files (x86)/atmel/avr studio 5.0/avr toolchain/bin/../lib/gcc/avr/4.5.1/../../../../avr/lib/avr5\libm.a(floatsisf.o)
                0x00002dda                __floatunsisf
                0x00002dde                __floatsisf
 .text.avr-libc.fplib
                0x00002e54        0xc c:/program files (x86)/atmel/avr studio 5.0/avr toolchain/bin/../lib/gcc/avr/4.5.1/../../../../avr/lib/avr5\libm.a(fp_inf.o)
                0x00002e54                __fp_inf
 .text.avr-libc.fplib
                0x00002e60        0x6 c:/program files (x86)/atmel/avr studio 5.0/avr toolchain/bin/../lib/gcc/avr/4.5.1/../../../../avr/lib/avr5\libm.a(fp_nan.o)
                0x00002e60                __fp_nan
 .text.avr-libc.fplib
                0x00002e66        0xe c:/program files (x86)/atmel/avr studio 5.0/avr toolchain/bin/../lib/gcc/avr/4.5.1/../../../../avr/lib/avr5\libm.a(fp_pscA.o)
                0x00002e66                __fp_pscA
 .text.avr-libc.fplib
                0x00002e74        0xe c:/program files (x86)/atmel/avr studio 5.0/avr toolchain/bin/../lib/gcc/avr/4.5.1/../../../../avr/lib/avr5\libm.a(fp_pscB.o)
                0x00002e74                __fp_pscB
 .text.avr-libc.fplib
                0x00002e82       0x22 c:/program files (x86)/atmel/avr studio 5.0/avr toolchain/bin/../lib/gcc/avr/4.5.1/../../../../avr/lib/avr5\libm.a(fp_round.o)
                0x00002e82                __fp_round
 .text.avr-libc.fplib
                0x00002ea4       0x44 c:/program files (x86)/atmel/avr studio 5.0/avr toolchain/bin/../lib/gcc/avr/4.5.1/../../../../avr/lib/avr5\libm.a(fp_split3.o)
                0x00002ea4                __fp_split3
                0x00002eb4                __fp_splitA
 .text.avr-libc.fplib
                0x00002ee8        0xe c:/program files (x86)/atmel/avr studio 5.0/avr toolchain/bin/../lib/gcc/avr/4.5.1/../../../../avr/lib/avr5\libm.a(fp_zero.o)
                0x00002ee8                __fp_zero
                0x00002eea                __fp_szero
 .text.avr-libc.fplib
                0x00002ef6       0x74 c:/program files (x86)/atmel/avr studio 5.0/avr toolchain/bin/../lib/gcc/avr/4.5.1/../../../../avr/lib/avr5\libm.a(lrint.o)
                0x00002ef6                lrint
 .text.avr-libc.fplib
                0x00002f6a        0x4 c:/program files (x86)/atmel/avr studio 5.0/avr toolchain/bin/../lib/gcc/avr/4.5.1/../../../../avr/lib/avr5\libm.a(mulsf3.o)
                0x00002f6a                __mulsf3
 .text.avr-libc.fplib
                0x00002f6e       0xc2 c:/program files (x86)/atmel/avr studio 5.0/avr toolchain/bin/../lib/gcc/avr/4.5.1/../../../../avr/lib/avr5\libm.a(mulsf3x.o)
                0x00002f82                __mulsf3x
                0x00002f86                __mulsf3_pse
 .text.avr-libc.fplib
                0x00003030       0x98 c:/program files (x86)/atmel/avr studio 5.0/avr toolchain/bin/../lib/gcc/avr/4.5.1/../../../../avr/lib/avr5\libm.a(pow.o)
                0x00003030                pow
 .text.avr-libc.fplib
                0x000030c8       0x62 c:/program files (x86)/atmel/avr studio 5.0/avr toolchain/bin/../lib/gcc/avr/4.5.1/../../../../avr/lib/avr5\libm.a(exp.o)
                0x000030d2                exp
 .text.avr-libc.fplib
                0x0000312a       0x4a c:/program files (x86)/atmel/avr studio 5.0/avr toolchain/bin/../lib/gcc/avr/4.5.1/../../../../avr/lib/avr5\libm.a(fp_powser.o)
                0x0000312a                __fp_powser
 .text.avr-libc.fplib
                0x00003174        0xe c:/program files (x86)/atmel/avr studio 5.0/avr toolchain/bin/../lib/gcc/avr/4.5.1/../../../../avr/lib/avr5\libm.a(inverse.o)
                0x00003174                inverse
 .text.avr-libc.fplib
                0x00003182       0x6c c:/program files (x86)/atmel/avr studio 5.0/avr toolchain/bin/../lib/gcc/avr/4.5.1/../../../../avr/lib/avr5\libm.a(ldexp.o)
                0x00003186                ldexp
 .text.avr-libc.fplib
                0x000031ee       0x8a c:/program files (x86)/atmel/avr studio 5.0/avr toolchain/bin/../lib/gcc/avr/4.5.1/../../../../avr/lib/avr5\libm.a(log.o)
                0x000031f8                log
 .text.avr-libc.fplib
                0x00003278       0x66 c:/program files (x86)/atmel/avr studio 5.0/avr toolchain/bin/../lib/gcc/avr/4.5.1/../../../../avr/lib/avr5\libm.a(modf.o)
                0x00003278                modf
                0x00003278                modff
 .text.avr-libc.fplib
                0x000032de        0xa c:/program files (x86)/atmel/avr studio 5.0/avr toolchain/bin/../lib/gcc/avr/4.5.1/../../../../avr/lib/avr5\libm.a(addsf3.o)
                0x000032de                __subsf3
                0x000032e0                __addsf3
 .text.avr-libc.fplib
                0x000032e8       0xc0 c:/program files (x86)/atmel/avr studio 5.0/avr toolchain/bin/../lib/gcc/avr/4.5.1/../../../../avr/lib/avr5\libm.a(addsf3x.o)
                0x00003302                __addsf3x
 .text.avr-libc.fplib
                0x000033a8       0x1c c:/program files (x86)/atmel/avr studio 5.0/avr toolchain/bin/../lib/gcc/avr/4.5.1/../../../../avr/lib/avr5\libm.a(fp_mpack.o)
                0x000033a8                __fp_mpack
                0x000033ac                __fp_mpack_finite
 .text.libgcc   0x000033c4       0x3e c:/program files (x86)/atmel/avr studio 5.0/avr toolchain/bin/../lib/gcc/avr/4.5.1/avr5\libgcc.a(_mulsi3.o)
                0x000033c4                __mulsi3
 .text.libgcc   0x00003402       0x44 c:/program files (x86)/atmel/avr studio 5.0/avr toolchain/bin/../lib/gcc/avr/4.5.1/avr5\libgcc.a(_udivmodsi4.o)
                0x00003402                __udivmodsi4
 .text.libgcc   0x00003446        0x0 c:/program files (x86)/atmel/avr studio 5.0/avr toolchain/bin/../lib/gcc/avr/4.5.1/avr5\libgcc.a(_exit.o)
 .text.libgcc   0x00003446        0x0 c:/program files (x86)/atmel/avr studio 5.0/avr toolchain/bin/../lib/gcc/avr/4.5.1/avr5\libgcc.a(_copy_data.o)
 .text.libgcc   0x00003446        0x0 c:/program files (x86)/atmel/avr studio 5.0/avr toolchain/bin/../lib/gcc/avr/4.5.1/avr5\libgcc.a(_clear_bss.o)
 .text.avr-libc
                0x00003446      0x266 c:/program files (x86)/atmel/avr studio 5.0/avr toolchain/bin/../lib/gcc/avr/4.5.1/../../../../avr/lib/avr5\libc.a(malloc.o)
                0x00003446                malloc
                0x0000357a                free
 .text.avr-libc
                0x000036ac       0x6a c:/program files (x86)/atmel/avr studio 5.0/avr toolchain/bin/../lib/gcc/avr/4.5.1/../../../../avr/lib/avr5\libc.a(puts.o)
                0x000036ac                puts
 .text.libgcc   0x00003716       0x36 c:/program files (x86)/atmel/avr studio 5.0/avr toolchain/bin/../lib/gcc/avr/4.5.1/avr5\libgcc.a(_epilogue.o)
                0x00003716                __epilogue_restores__
                0x0000374c                . = ALIGN (0x2)
 *(.fini9)
 .fini9         0x0000374c        0x0 c:/program files (x86)/atmel/avr studio 5.0/avr toolchain/bin/../lib/gcc/avr/4.5.1/avr5\libgcc.a(_exit.o)
                0x0000374c                _exit
                0x0000374c                exit
 *(.fini9)
 *(.fini8)
 *(.fini8)
 *(.fini7)
 *(.fini7)
 *(.fini6)
 *(.fini6)
 *(.fini5)
 *(.fini5)
 *(.fini4)
 *(.fini4)
 *(.fini3)
 *(.fini3)
 *(.fini2)
 *(.fini2)
 *(.fini1)
 *(.fini1)
 *(.fini0)
 .fini0         0x0000374c        0x4 c:/program files (x86)/atmel/avr studio 5.0/avr toolchain/bin/../lib/gcc/avr/4.5.1/avr5\libgcc.a(_exit.o)
 *(.fini0)
                0x00003750                _etext = .

.data           0x00800100       0x7e load address 0x00003750
                0x00800100                PROVIDE (__data_start, .)
 *(.data)
 .data          0x00800100        0x0 c:/program files (x86)/atmel/avr studio 5.0/avr toolchain/bin/../lib/gcc/avr/4.5.1/../../../../avr/lib/avr5/crtm324p.o
 .data          0x00800100        0xe Voice Control.o
 .data          0x0080010e        0x0 ../../CEENbot API\libcapi324v221.a(CBOT_main.o)
 .data          0x0080010e        0x0 ../../CEENbot API\libcapi324v221.a(LCD_clear.o)
 .data          0x0080010e        0x0 ../../CEENbot API\libcapi324v221.a(LCD_open.o)
 .data          0x0080010e        0x0 ../../CEENbot API\libcapi324v221.a(LCD_set_backlight.o)
 .data          0x0080010e        0x0 ../../CEENbot API\libcapi324v221.a(LCD_set_next_PGC.o)
 .data          0x0080010e        0x0 ../../CEENbot API\libcapi324v221.a(LCD_set_PGC_addr.o)
 .data          0x0080010e        0x0 ../../CEENbot API\libcapi324v221.a(LCD_write.o)
 .data          0x0080010e        0x0 ../../CEENbot API\libcapi324v221.a(SPI_set_slave_addr.o)
 .data          0x0080010e        0x0 ../../CEENbot API\libcapi324v221.a(SPI_transmit.o)
 .data          0x0080010e        0x0 ../../CEENbot API\libcapi324v221.a(STEPPER_move.o)
 .data          0x0080010e        0x0 ../../CEENbot API\libcapi324v221.a(STEPPER_open.o)
 .data          0x0080010e        0x0 ../../CEENbot API\libcapi324v221.a(STEPPER_run.o)
 .data          0x0080010e        0x0 ../../CEENbot API\libcapi324v221.a(STEPPER_set_accel.o)
 .data          0x0080010e        0x0 ../../CEENbot API\libcapi324v221.a(STEPPER_set_dir.o)
 .data          0x0080010e        0x0 ../../CEENbot API\libcapi324v221.a(STEPPER_set_mode.o)
 .data          0x0080010e        0x0 ../../CEENbot API\libcapi324v221.a(STEPPER_set_speed.o)
 .data          0x0080010e        0x0 ../../CEENbot API\libcapi324v221.a(STEPPER_step.o)
 .data          0x0080010e        0x0 ../../CEENbot API\libcapi324v221.a(STEPPER_wait_and_then.o)
 .data          0x0080010e        0x0 ../../CEENbot API\libcapi324v221.a(SYS_get_state.o)
 .data          0x0080010e        0x0 ../../CEENbot API\libcapi324v221.a(SYS_globals.o)
 .data          0x0080010e        0x0 ../../CEENbot API\libcapi324v221.a(SYS_set_state.o)
 .data          0x0080010e        0x0 ../../CEENbot API\libcapi324v221.a(UART_configure.o)
 .data          0x0080010e       0x1c ../../CEENbot API\libcapi324v221.a(UART_globals.o)
                0x0080010e                UART0_stdout
                0x0080011c                UART1_stdout
 .data          0x0080012a        0x0 ../../CEENbot API\libcapi324v221.a(UART_open.o)
 .data          0x0080012a        0x0 ../../CEENbot API\libcapi324v221.a(UART_set_timeout.o)
 .data          0x0080012a        0x0 ../../CEENbot API\libcapi324v221.a(CBOT_init.o)
 .data          0x0080012a        0x0 ../../CEENbot API\libcapi324v221.a(CBOT_isr.o)
 .data          0x0080012a        0x0 ../../CEENbot API\libcapi324v221.a(ISR_globals.o)
 .data          0x0080012a        0x0 ../../CEENbot API\libcapi324v221.a(ISR_open.o)
 .data          0x0080012a        0xe ../../CEENbot API\libcapi324v221.a(LCD_globals.o)
                0x0080012a                LCD_stdout
 .data          0x00800138        0x0 ../../CEENbot API\libcapi324v221.a(__LCD_init.o)
 .data          0x00800138        0x0 ../../CEENbot API\libcapi324v221.a(__LCD_putchar.o)
 .data          0x00800138        0x0 ../../CEENbot API\libcapi324v221.a(ATMEGA_open.o)
 .data          0x00800138        0x0 ../../CEENbot API\libcapi324v221.a(ATMEGA_set_clk_mode.o)
 .data          0x00800138        0x0 ../../CEENbot API\libcapi324v221.a(SPI_globals.o)
 .data          0x00800138        0x0 ../../CEENbot API\libcapi324v221.a(SPI_open.o)
 .data          0x00800138        0x0 ../../CEENbot API\libcapi324v221.a(SPI_set_config_func.o)
 .data          0x00800138        0x0 ../../CEENbot API\libcapi324v221.a(SPKR_close.o)
 .data          0x00800138       0x38 ../../CEENbot API\libcapi324v221.a(SPKR_globals.o)
                0x00800138                note_LUT
                0x00800168                diatonic_LUT
 .data          0x00800170        0x0 ../../CEENbot API\libcapi324v221.a(SPKR_open.o)
 .data          0x00800170        0x0 ../../CEENbot API\libcapi324v221.a(SPKR_play_beep.o)
 .data          0x00800170        0x0 ../../CEENbot API\libcapi324v221.a(__SPKR_stop.o)
 .data          0x00800170        0x8 ../../CEENbot API\libcapi324v221.a(STEPPER_globals.o)
                0x00800170                Motor_L_LUT
                0x00800174                Motor_R_LUT
 .data          0x00800178        0x0 ../../CEENbot API\libcapi324v221.a(STEPPER_go.o)
 .data          0x00800178        0x0 ../../CEENbot API\libcapi324v221.a(__STEPPER_init.o)
 .data          0x00800178        0x0 ../../CEENbot API\libcapi324v221.a(STEPPER_set_steps.o)
 .data          0x00800178        0x0 ../../CEENbot API\libcapi324v221.a(STEPPER_set_stop_mode.o)
 .data          0x00800178        0x0 ../../CEENbot API\libcapi324v221.a(STEPPER_setup_decels.o)
 .data          0x00800178        0x0 ../../CEENbot API\libcapi324v221.a(SYS_init.o)
 .data          0x00800178        0x0 ../../CEENbot API\libcapi324v221.a(ATTINY_open.o)
 .data          0x00800178        0x0 ../../CEENbot API\libcapi324v221.a(TMRSRVC_delay.o)
 .data          0x00800178        0x0 ../../CEENbot API\libcapi324v221.a(TMRSRVC_new.o)
 .data          0x00800178        0x0 ../../CEENbot API\libcapi324v221.a(TMRSRVC_open.o)
 .data          0x00800178        0x0 ../../CEENbot API\libcapi324v221.a(__TMRSRVC_start.o)
 .data          0x00800178        0x0 ../../CEENbot API\libcapi324v221.a(__UART0_putchar.o)
 .data          0x00800178        0x0 ../../CEENbot API\libcapi324v221.a(__UART1_putchar.o)
 .data          0x00800178        0x0 ../../CEENbot API\libcapi324v221.a(__UART_init.o)
 .data          0x00800178        0x0 ../../CEENbot API\libcapi324v221.a(UART_transmit.o)
 .data          0x00800178        0x0 ../../CEENbot API\libcapi324v221.a(__ISR_attach.o)
 .data          0x00800178        0x0 ../../CEENbot API\libcapi324v221.a(ISR_attach.o)
 .data          0x00800178        0x0 ../../CEENbot API\libcapi324v221.a(__ATMEGA_init.o)
 .data          0x00800178        0x0 ../../CEENbot API\libcapi324v221.a(SPI_cfgrs.o)
 .data          0x00800178        0x0 ../../CEENbot API\libcapi324v221.a(__SPI_init.o)
 .data          0x00800178        0x0 ../../CEENbot API\libcapi324v221.a(ISR__SPKR__TIMER1_COMPA_vect.o)
 .data          0x00800178        0x0 ../../CEENbot API\libcapi324v221.a(SPKR_beep.o)
 .data          0x00800178        0x0 ../../CEENbot API\libcapi324v221.a(SPKR_clk.o)
 .data          0x00800178        0x0 ../../CEENbot API\libcapi324v221.a(__SPKR_close.o)
 .data          0x00800178        0x0 ../../CEENbot API\libcapi324v221.a(__SPKR_init.o)
 .data          0x00800178        0x0 ../../CEENbot API\libcapi324v221.a(STEPPER_set_decel_step_values.o)
 .data          0x00800178        0x0 ../../CEENbot API\libcapi324v221.a(ATTINY_globals.o)
 .data          0x00800178        0x0 ../../CEENbot API\libcapi324v221.a(ISR__TIMER0_COMPA_vect.o)
 .data          0x00800178        0x0 ../../CEENbot API\libcapi324v221.a(TMRSRVC_globals.o)
 .data          0x00800178        0x0 ../../CEENbot API\libcapi324v221.a(__TMRSRVC_init.o)
 .data          0x00800178        0x0 ../../CEENbot API\libcapi324v221.a(__TMRSRVC_insert.o)
 .data          0x00800178        0x0 ../../CEENbot API\libcapi324v221.a(TMRSRVC_start.o)
 .data          0x00800178        0x0 ../../CEENbot API\libcapi324v221.a(TMRSRVC_tick.o)
 .data          0x00800178        0x0 ../../CEENbot API\libcapi324v221.a(SPKR_beep_clk.o)
 .data          0x00800178        0x0 ../../CEENbot API\libcapi324v221.a(STEPPER_clk.o)
 .data          0x00800178        0x0 ../../CEENbot API\libcapi324v221.a(STEPPER_process_accel.o)
 .data          0x00800178        0x0 ../../CEENbot API\libcapi324v221.a(STEPPER_process_run_mode.o)
 .data          0x00800178        0x0 ../../CEENbot API\libcapi324v221.a(STEPPER_process_step_mode.o)
 .data          0x00800178        0x0 ../../CEENbot API\libcapi324v221.a(STEPPER_stop.o)
 .data          0x00800178        0x0 ../../CEENbot API\libcapi324v221.a(TMRSRVC_process.o)
 .data          0x00800178        0x0 ../../CEENbot API\libcapi324v221.a(TMRSRVC_stop.o)
 .data          0x00800178        0x0 ../../CEENbot API\libcapi324v221.a(STEPPER_process_pwm.o)
 .data          0x00800178        0x0 c:/program files (x86)/atmel/avr studio 5.0/avr toolchain/bin/../lib/gcc/avr/4.5.1/../../../../avr/lib/avr5\libm.a(divsf3.o)
 .data          0x00800178        0x0 c:/program files (x86)/atmel/avr studio 5.0/avr toolchain/bin/../lib/gcc/avr/4.5.1/../../../../avr/lib/avr5\libm.a(divsf3x.o)
 .data          0x00800178        0x0 c:/program files (x86)/atmel/avr studio 5.0/avr toolchain/bin/../lib/gcc/avr/4.5.1/../../../../avr/lib/avr5\libm.a(floatsisf.o)
 .data          0x00800178        0x0 c:/program files (x86)/atmel/avr studio 5.0/avr toolchain/bin/../lib/gcc/avr/4.5.1/../../../../avr/lib/avr5\libm.a(fp_inf.o)
 .data          0x00800178        0x0 c:/program files (x86)/atmel/avr studio 5.0/avr toolchain/bin/../lib/gcc/avr/4.5.1/../../../../avr/lib/avr5\libm.a(fp_nan.o)
 .data          0x00800178        0x0 c:/program files (x86)/atmel/avr studio 5.0/avr toolchain/bin/../lib/gcc/avr/4.5.1/../../../../avr/lib/avr5\libm.a(fp_pscA.o)
 .data          0x00800178        0x0 c:/program files (x86)/atmel/avr studio 5.0/avr toolchain/bin/../lib/gcc/avr/4.5.1/../../../../avr/lib/avr5\libm.a(fp_pscB.o)
 .data          0x00800178        0x0 c:/program files (x86)/atmel/avr studio 5.0/avr toolchain/bin/../lib/gcc/avr/4.5.1/../../../../avr/lib/avr5\libm.a(fp_round.o)
 .data          0x00800178        0x0 c:/program files (x86)/atmel/avr studio 5.0/avr toolchain/bin/../lib/gcc/avr/4.5.1/../../../../avr/lib/avr5\libm.a(fp_split3.o)
 .data          0x00800178        0x0 c:/program files (x86)/atmel/avr studio 5.0/avr toolchain/bin/../lib/gcc/avr/4.5.1/../../../../avr/lib/avr5\libm.a(fp_zero.o)
 .data          0x00800178        0x0 c:/program files (x86)/atmel/avr studio 5.0/avr toolchain/bin/../lib/gcc/avr/4.5.1/../../../../avr/lib/avr5\libm.a(lrint.o)
 .data          0x00800178        0x0 c:/program files (x86)/atmel/avr studio 5.0/avr toolchain/bin/../lib/gcc/avr/4.5.1/../../../../avr/lib/avr5\libm.a(mulsf3.o)
 .data          0x00800178        0x0 c:/program files (x86)/atmel/avr studio 5.0/avr toolchain/bin/../lib/gcc/avr/4.5.1/../../../../avr/lib/avr5\libm.a(mulsf3x.o)
 .data          0x00800178        0x0 c:/program files (x86)/atmel/avr studio 5.0/avr toolchain/bin/../lib/gcc/avr/4.5.1/../../../../avr/lib/avr5\libm.a(pow.o)
 .data          0x00800178        0x0 c:/program files (x86)/atmel/avr studio 5.0/avr toolchain/bin/../lib/gcc/avr/4.5.1/../../../../avr/lib/avr5\libm.a(exp.o)
 .data          0x00800178        0x0 c:/program files (x86)/atmel/avr studio 5.0/avr toolchain/bin/../lib/gcc/avr/4.5.1/../../../../avr/lib/avr5\libm.a(fp_powser.o)
 .data          0x00800178        0x0 c:/program files (x86)/atmel/avr studio 5.0/avr toolchain/bin/../lib/gcc/avr/4.5.1/../../../../avr/lib/avr5\libm.a(inverse.o)
 .data          0x00800178        0x0 c:/program files (x86)/atmel/avr studio 5.0/avr toolchain/bin/../lib/gcc/avr/4.5.1/../../../../avr/lib/avr5\libm.a(ldexp.o)
 .data          0x00800178        0x0 c:/program files (x86)/atmel/avr studio 5.0/avr toolchain/bin/../lib/gcc/avr/4.5.1/../../../../avr/lib/avr5\libm.a(log.o)
 .data          0x00800178        0x0 c:/program files (x86)/atmel/avr studio 5.0/avr toolchain/bin/../lib/gcc/avr/4.5.1/../../../../avr/lib/avr5\libm.a(modf.o)
 .data          0x00800178        0x0 c:/program files (x86)/atmel/avr studio 5.0/avr toolchain/bin/../lib/gcc/avr/4.5.1/../../../../avr/lib/avr5\libm.a(addsf3.o)
 .data          0x00800178        0x0 c:/program files (x86)/atmel/avr studio 5.0/avr toolchain/bin/../lib/gcc/avr/4.5.1/../../../../avr/lib/avr5\libm.a(addsf3x.o)
 .data          0x00800178        0x0 c:/program files (x86)/atmel/avr studio 5.0/avr toolchain/bin/../lib/gcc/avr/4.5.1/../../../../avr/lib/avr5\libm.a(fp_mpack.o)
 .data          0x00800178        0x0 c:/program files (x86)/atmel/avr studio 5.0/avr toolchain/bin/../lib/gcc/avr/4.5.1/avr5\libgcc.a(_mulsi3.o)
 .data          0x00800178        0x0 c:/program files (x86)/atmel/avr studio 5.0/avr toolchain/bin/../lib/gcc/avr/4.5.1/avr5\libgcc.a(_udivmodsi4.o)
 .data          0x00800178        0x0 c:/program files (x86)/atmel/avr studio 5.0/avr toolchain/bin/../lib/gcc/avr/4.5.1/avr5\libgcc.a(_exit.o)
 .data          0x00800178        0x0 c:/program files (x86)/atmel/avr studio 5.0/avr toolchain/bin/../lib/gcc/avr/4.5.1/avr5\libgcc.a(_copy_data.o)
 .data          0x00800178        0x0 c:/program files (x86)/atmel/avr studio 5.0/avr toolchain/bin/../lib/gcc/avr/4.5.1/avr5\libgcc.a(_clear_bss.o)
 .data          0x00800178        0x6 c:/program files (x86)/atmel/avr studio 5.0/avr toolchain/bin/../lib/gcc/avr/4.5.1/../../../../avr/lib/avr5\libc.a(malloc.o)
                0x00800178                __malloc_margin
                0x0080017a                __malloc_heap_start
                0x0080017c                __malloc_heap_end
 .data          0x0080017e        0x0 c:/program files (x86)/atmel/avr studio 5.0/avr toolchain/bin/../lib/gcc/avr/4.5.1/../../../../avr/lib/avr5\libc.a(iob.o)
 .data          0x0080017e        0x0 c:/program files (x86)/atmel/avr studio 5.0/avr toolchain/bin/../lib/gcc/avr/4.5.1/../../../../avr/lib/avr5\libc.a(puts.o)
 .data          0x0080017e        0x0 c:/program files (x86)/atmel/avr studio 5.0/avr toolchain/bin/../lib/gcc/avr/4.5.1/avr5\libgcc.a(_epilogue.o)
 *(.data*)
 *(.rodata)
 *(.rodata*)
 *(.gnu.linkonce.d*)
                0x0080017e                . = ALIGN (0x2)
                0x0080017e                _edata = .
                0x0080017e                PROVIDE (__data_end, .)

.bss            0x0080017e      0x102
                0x0080017e                PROVIDE (__bss_start, .)
 *(.bss)
 .bss           0x0080017e        0x0 c:/program files (x86)/atmel/avr studio 5.0/avr toolchain/bin/../lib/gcc/avr/4.5.1/../../../../avr/lib/avr5/crtm324p.o
 .bss           0x0080017e        0x0 Voice Control.o
 .bss           0x0080017e        0x0 ../../CEENbot API\libcapi324v221.a(CBOT_main.o)
 .bss           0x0080017e        0x0 ../../CEENbot API\libcapi324v221.a(LCD_clear.o)
 .bss           0x0080017e        0x0 ../../CEENbot API\libcapi324v221.a(LCD_open.o)
 .bss           0x0080017e        0x0 ../../CEENbot API\libcapi324v221.a(LCD_set_backlight.o)
 .bss           0x0080017e        0x0 ../../CEENbot API\libcapi324v221.a(LCD_set_next_PGC.o)
 .bss           0x0080017e        0x0 ../../CEENbot API\libcapi324v221.a(LCD_set_PGC_addr.o)
 .bss           0x0080017e        0x0 ../../CEENbot API\libcapi324v221.a(LCD_write.o)
 .bss           0x0080017e        0x0 ../../CEENbot API\libcapi324v221.a(SPI_set_slave_addr.o)
 .bss           0x0080017e        0x0 ../../CEENbot API\libcapi324v221.a(SPI_transmit.o)
 .bss           0x0080017e        0x0 ../../CEENbot API\libcapi324v221.a(STEPPER_move.o)
 .bss           0x0080017e        0x0 ../../CEENbot API\libcapi324v221.a(STEPPER_open.o)
 .bss           0x0080017e        0x0 ../../CEENbot API\libcapi324v221.a(STEPPER_run.o)
 .bss           0x0080017e        0x0 ../../CEENbot API\libcapi324v221.a(STEPPER_set_accel.o)
 .bss           0x0080017e        0x0 ../../CEENbot API\libcapi324v221.a(STEPPER_set_dir.o)
 .bss           0x0080017e        0x0 ../../CEENbot API\libcapi324v221.a(STEPPER_set_mode.o)
 .bss           0x0080017e        0x0 ../../CEENbot API\libcapi324v221.a(STEPPER_set_speed.o)
 .bss           0x0080017e        0x2 ../../CEENbot API\libcapi324v221.a(STEPPER_step.o)
 .bss           0x00800180        0x0 ../../CEENbot API\libcapi324v221.a(STEPPER_wait_and_then.o)
 .bss           0x00800180        0x0 ../../CEENbot API\libcapi324v221.a(SYS_get_state.o)
 .bss           0x00800180        0x0 ../../CEENbot API\libcapi324v221.a(SYS_globals.o)
 .bss           0x00800180        0x0 ../../CEENbot API\libcapi324v221.a(SYS_set_state.o)
 .bss           0x00800180        0x0 ../../CEENbot API\libcapi324v221.a(UART_configure.o)
 .bss           0x00800180        0x0 ../../CEENbot API\libcapi324v221.a(UART_globals.o)
 .bss           0x00800180        0x0 ../../CEENbot API\libcapi324v221.a(UART_open.o)
 .bss           0x00800180        0x0 ../../CEENbot API\libcapi324v221.a(UART_set_timeout.o)
 .bss           0x00800180        0x0 ../../CEENbot API\libcapi324v221.a(CBOT_init.o)
 .bss           0x00800180        0x0 ../../CEENbot API\libcapi324v221.a(CBOT_isr.o)
 .bss           0x00800180       0x40 ../../CEENbot API\libcapi324v221.a(ISR_globals.o)
                0x00800180                CBOT_ISR_vtable
 .bss           0x008001c0        0x0 ../../CEENbot API\libcapi324v221.a(ISR_open.o)
 .bss           0x008001c0        0x0 ../../CEENbot API\libcapi324v221.a(LCD_globals.o)
 .bss           0x008001c0        0x0 ../../CEENbot API\libcapi324v221.a(__LCD_init.o)
 .bss           0x008001c0        0x0 ../../CEENbot API\libcapi324v221.a(__LCD_putchar.o)
 .bss           0x008001c0        0x0 ../../CEENbot API\libcapi324v221.a(ATMEGA_open.o)
 .bss           0x008001c0        0x0 ../../CEENbot API\libcapi324v221.a(ATMEGA_set_clk_mode.o)
 .bss           0x008001c0       0x10 ../../CEENbot API\libcapi324v221.a(SPI_globals.o)
                0x008001c0                spi_config_func_LUT
 .bss           0x008001d0        0x0 ../../CEENbot API\libcapi324v221.a(SPI_open.o)
 .bss           0x008001d0        0x0 ../../CEENbot API\libcapi324v221.a(SPI_set_config_func.o)
 .bss           0x008001d0        0x0 ../../CEENbot API\libcapi324v221.a(SPKR_close.o)
 .bss           0x008001d0       0x10 ../../CEENbot API\libcapi324v221.a(SPKR_globals.o)
                0x008001d0                tone_mode_active
                0x008001d1                beep_mode_active
                0x008001d2                spkr_accum32
                0x008001d6                spkr_freq
                0x008001da                beep_accum16
                0x008001dc                beep_freq
                0x008001de                p_Freq_LUT
 .bss           0x008001e0        0x0 ../../CEENbot API\libcapi324v221.a(SPKR_open.o)
 .bss           0x008001e0        0x0 ../../CEENbot API\libcapi324v221.a(SPKR_play_beep.o)
 .bss           0x008001e0        0x0 ../../CEENbot API\libcapi324v221.a(__SPKR_stop.o)
 .bss           0x008001e0        0x0 ../../CEENbot API\libcapi324v221.a(STEPPER_globals.o)
 .bss           0x008001e0        0x0 ../../CEENbot API\libcapi324v221.a(STEPPER_go.o)
 .bss           0x008001e0        0x0 ../../CEENbot API\libcapi324v221.a(__STEPPER_init.o)
 .bss           0x008001e0        0x0 ../../CEENbot API\libcapi324v221.a(STEPPER_set_steps.o)
 .bss           0x008001e0        0x0 ../../CEENbot API\libcapi324v221.a(STEPPER_set_stop_mode.o)
 .bss           0x008001e0        0x0 ../../CEENbot API\libcapi324v221.a(STEPPER_setup_decels.o)
 .bss           0x008001e0        0x0 ../../CEENbot API\libcapi324v221.a(SYS_init.o)
 .bss           0x008001e0        0x0 ../../CEENbot API\libcapi324v221.a(ATTINY_open.o)
 .bss           0x008001e0        0x0 ../../CEENbot API\libcapi324v221.a(TMRSRVC_delay.o)
 .bss           0x008001e0        0x0 ../../CEENbot API\libcapi324v221.a(TMRSRVC_new.o)
 .bss           0x008001e0        0x0 ../../CEENbot API\libcapi324v221.a(TMRSRVC_open.o)
 .bss           0x008001e0        0x0 ../../CEENbot API\libcapi324v221.a(__TMRSRVC_start.o)
 .bss           0x008001e0        0x0 ../../CEENbot API\libcapi324v221.a(__UART0_putchar.o)
 .bss           0x008001e0        0x0 ../../CEENbot API\libcapi324v221.a(__UART1_putchar.o)
 .bss           0x008001e0        0x0 ../../CEENbot API\libcapi324v221.a(__UART_init.o)
 .bss           0x008001e0        0x0 ../../CEENbot API\libcapi324v221.a(UART_transmit.o)
 .bss           0x008001e0        0x0 ../../CEENbot API\libcapi324v221.a(__ISR_attach.o)
 .bss           0x008001e0        0x0 ../../CEENbot API\libcapi324v221.a(ISR_attach.o)
 .bss           0x008001e0        0x0 ../../CEENbot API\libcapi324v221.a(__ATMEGA_init.o)
 .bss           0x008001e0        0x0 ../../CEENbot API\libcapi324v221.a(SPI_cfgrs.o)
 .bss           0x008001e0        0x0 ../../CEENbot API\libcapi324v221.a(__SPI_init.o)
 .bss           0x008001e0        0x0 ../../CEENbot API\libcapi324v221.a(ISR__SPKR__TIMER1_COMPA_vect.o)
 .bss           0x008001e0        0x0 ../../CEENbot API\libcapi324v221.a(SPKR_beep.o)
 .bss           0x008001e0        0x0 ../../CEENbot API\libcapi324v221.a(SPKR_clk.o)
 .bss           0x008001e0        0x0 ../../CEENbot API\libcapi324v221.a(__SPKR_close.o)
 .bss           0x008001e0        0x0 ../../CEENbot API\libcapi324v221.a(__SPKR_init.o)
 .bss           0x008001e0        0x0 ../../CEENbot API\libcapi324v221.a(STEPPER_set_decel_step_values.o)
 .bss           0x008001e0        0x0 ../../CEENbot API\libcapi324v221.a(ATTINY_globals.o)
 .bss           0x008001e0        0x0 ../../CEENbot API\libcapi324v221.a(ISR__TIMER0_COMPA_vect.o)
 .bss           0x008001e0        0x2 ../../CEENbot API\libcapi324v221.a(TMRSRVC_globals.o)
                0x008001e0                timer_busy_status
                0x008001e1                timer_run_status
 .bss           0x008001e2        0x0 ../../CEENbot API\libcapi324v221.a(__TMRSRVC_init.o)
 .bss           0x008001e2        0x0 ../../CEENbot API\libcapi324v221.a(__TMRSRVC_insert.o)
 .bss           0x008001e2        0x0 ../../CEENbot API\libcapi324v221.a(TMRSRVC_start.o)
 .bss           0x008001e2        0x0 ../../CEENbot API\libcapi324v221.a(TMRSRVC_tick.o)
 .bss           0x008001e2        0x0 ../../CEENbot API\libcapi324v221.a(SPKR_beep_clk.o)
 .bss           0x008001e2        0x0 ../../CEENbot API\libcapi324v221.a(STEPPER_clk.o)
 .bss           0x008001e2        0x0 ../../CEENbot API\libcapi324v221.a(STEPPER_process_accel.o)
 .bss           0x008001e2        0x1 ../../CEENbot API\libcapi324v221.a(STEPPER_process_run_mode.o)
 .bss           0x008001e3        0x0 ../../CEENbot API\libcapi324v221.a(STEPPER_process_step_mode.o)
 .bss           0x008001e3        0x0 ../../CEENbot API\libcapi324v221.a(STEPPER_stop.o)
 .bss           0x008001e3        0x0 ../../CEENbot API\libcapi324v221.a(TMRSRVC_process.o)
 .bss           0x008001e3        0x0 ../../CEENbot API\libcapi324v221.a(TMRSRVC_stop.o)
 .bss           0x008001e3        0x4 ../../CEENbot API\libcapi324v221.a(STEPPER_process_pwm.o)
 .bss           0x008001e7        0x0 c:/program files (x86)/atmel/avr studio 5.0/avr toolchain/bin/../lib/gcc/avr/4.5.1/../../../../avr/lib/avr5\libm.a(divsf3.o)
 .bss           0x008001e7        0x0 c:/program files (x86)/atmel/avr studio 5.0/avr toolchain/bin/../lib/gcc/avr/4.5.1/../../../../avr/lib/avr5\libm.a(divsf3x.o)
 .bss           0x008001e7        0x0 c:/program files (x86)/atmel/avr studio 5.0/avr toolchain/bin/../lib/gcc/avr/4.5.1/../../../../avr/lib/avr5\libm.a(floatsisf.o)
 .bss           0x008001e7        0x0 c:/program files (x86)/atmel/avr studio 5.0/avr toolchain/bin/../lib/gcc/avr/4.5.1/../../../../avr/lib/avr5\libm.a(fp_inf.o)
 .bss           0x008001e7        0x0 c:/program files (x86)/atmel/avr studio 5.0/avr toolchain/bin/../lib/gcc/avr/4.5.1/../../../../avr/lib/avr5\libm.a(fp_nan.o)
 .bss           0x008001e7        0x0 c:/program files (x86)/atmel/avr studio 5.0/avr toolchain/bin/../lib/gcc/avr/4.5.1/../../../../avr/lib/avr5\libm.a(fp_pscA.o)
 .bss           0x008001e7        0x0 c:/program files (x86)/atmel/avr studio 5.0/avr toolchain/bin/../lib/gcc/avr/4.5.1/../../../../avr/lib/avr5\libm.a(fp_pscB.o)
 .bss           0x008001e7        0x0 c:/program files (x86)/atmel/avr studio 5.0/avr toolchain/bin/../lib/gcc/avr/4.5.1/../../../../avr/lib/avr5\libm.a(fp_round.o)
 .bss           0x008001e7        0x0 c:/program files (x86)/atmel/avr studio 5.0/avr toolchain/bin/../lib/gcc/avr/4.5.1/../../../../avr/lib/avr5\libm.a(fp_split3.o)
 .bss           0x008001e7        0x0 c:/program files (x86)/atmel/avr studio 5.0/avr toolchain/bin/../lib/gcc/avr/4.5.1/../../../../avr/lib/avr5\libm.a(fp_zero.o)
 .bss           0x008001e7        0x0 c:/program files (x86)/atmel/avr studio 5.0/avr toolchain/bin/../lib/gcc/avr/4.5.1/../../../../avr/lib/avr5\libm.a(lrint.o)
 .bss           0x008001e7        0x0 c:/program files (x86)/atmel/avr studio 5.0/avr toolchain/bin/../lib/gcc/avr/4.5.1/../../../../avr/lib/avr5\libm.a(mulsf3.o)
 .bss           0x008001e7        0x0 c:/program files (x86)/atmel/avr studio 5.0/avr toolchain/bin/../lib/gcc/avr/4.5.1/../../../../avr/lib/avr5\libm.a(mulsf3x.o)
 .bss           0x008001e7        0x0 c:/program files (x86)/atmel/avr studio 5.0/avr toolchain/bin/../lib/gcc/avr/4.5.1/../../../../avr/lib/avr5\libm.a(pow.o)
 .bss           0x008001e7        0x0 c:/program files (x86)/atmel/avr studio 5.0/avr toolchain/bin/../lib/gcc/avr/4.5.1/../../../../avr/lib/avr5\libm.a(exp.o)
 .bss           0x008001e7        0x0 c:/program files (x86)/atmel/avr studio 5.0/avr toolchain/bin/../lib/gcc/avr/4.5.1/../../../../avr/lib/avr5\libm.a(fp_powser.o)
 .bss           0x008001e7        0x0 c:/program files (x86)/atmel/avr studio 5.0/avr toolchain/bin/../lib/gcc/avr/4.5.1/../../../../avr/lib/avr5\libm.a(inverse.o)
 .bss           0x008001e7        0x0 c:/program files (x86)/atmel/avr studio 5.0/avr toolchain/bin/../lib/gcc/avr/4.5.1/../../../../avr/lib/avr5\libm.a(ldexp.o)
 .bss           0x008001e7        0x0 c:/program files (x86)/atmel/avr studio 5.0/avr toolchain/bin/../lib/gcc/avr/4.5.1/../../../../avr/lib/avr5\libm.a(log.o)
 .bss           0x008001e7        0x0 c:/program files (x86)/atmel/avr studio 5.0/avr toolchain/bin/../lib/gcc/avr/4.5.1/../../../../avr/lib/avr5\libm.a(modf.o)
 .bss           0x008001e7        0x0 c:/program files (x86)/atmel/avr studio 5.0/avr toolchain/bin/../lib/gcc/avr/4.5.1/../../../../avr/lib/avr5\libm.a(addsf3.o)
 .bss           0x008001e7        0x0 c:/program files (x86)/atmel/avr studio 5.0/avr toolchain/bin/../lib/gcc/avr/4.5.1/../../../../avr/lib/avr5\libm.a(addsf3x.o)
 .bss           0x008001e7        0x0 c:/program files (x86)/atmel/avr studio 5.0/avr toolchain/bin/../lib/gcc/avr/4.5.1/../../../../avr/lib/avr5\libm.a(fp_mpack.o)
 .bss           0x008001e7        0x0 c:/program files (x86)/atmel/avr studio 5.0/avr toolchain/bin/../lib/gcc/avr/4.5.1/avr5\libgcc.a(_mulsi3.o)
 .bss           0x008001e7        0x0 c:/program files (x86)/atmel/avr studio 5.0/avr toolchain/bin/../lib/gcc/avr/4.5.1/avr5\libgcc.a(_udivmodsi4.o)
 .bss           0x008001e7        0x0 c:/program files (x86)/atmel/avr studio 5.0/avr toolchain/bin/../lib/gcc/avr/4.5.1/avr5\libgcc.a(_exit.o)
 .bss           0x008001e7        0x0 c:/program files (x86)/atmel/avr studio 5.0/avr toolchain/bin/../lib/gcc/avr/4.5.1/avr5\libgcc.a(_copy_data.o)
 .bss           0x008001e7        0x0 c:/program files (x86)/atmel/avr studio 5.0/avr toolchain/bin/../lib/gcc/avr/4.5.1/avr5\libgcc.a(_clear_bss.o)
 .bss           0x008001e7        0x0 c:/program files (x86)/atmel/avr studio 5.0/avr toolchain/bin/../lib/gcc/avr/4.5.1/../../../../avr/lib/avr5\libc.a(malloc.o)
 .bss           0x008001e7        0x0 c:/program files (x86)/atmel/avr studio 5.0/avr toolchain/bin/../lib/gcc/avr/4.5.1/../../../../avr/lib/avr5\libc.a(iob.o)
 .bss           0x008001e7        0x0 c:/program files (x86)/atmel/avr studio 5.0/avr toolchain/bin/../lib/gcc/avr/4.5.1/../../../../avr/lib/avr5\libc.a(puts.o)
 .bss           0x008001e7        0x0 c:/program files (x86)/atmel/avr studio 5.0/avr toolchain/bin/../lib/gcc/avr/4.5.1/avr5\libgcc.a(_epilogue.o)
 *(.bss*)
 *(COMMON)
 COMMON         0x008001e7       0x13 ../../CEENbot API\libcapi324v221.a(SYS_globals.o)
                0x008001e7                CBOT_system
 COMMON         0x008001fa       0x1c ../../CEENbot API\libcapi324v221.a(UART_globals.o)
                0x008001fa                UART1_timeout_timer
                0x00800203                UART0_timeout_timer
                0x0080020c                UART_params
 COMMON         0x00800216        0x5 ../../CEENbot API\libcapi324v221.a(LCD_globals.o)
                0x00800216                LCD_params
 COMMON         0x0080021b        0x1 ../../CEENbot API\libcapi324v221.a(SPI_globals.o)
                0x0080021b                curr_spi_addr
 COMMON         0x0080021c       0x39 ../../CEENbot API\libcapi324v221.a(STEPPER_globals.o)
                0x0080021c                STEPPER_params
                0x00800253                step_done
 COMMON         0x00800255       0x1e ../../CEENbot API\libcapi324v221.a(ATTINY_globals.o)
                0x00800255                ATTINY_params
 COMMON         0x00800273        0x3 ../../CEENbot API\libcapi324v221.a(TMRSRVC_globals.o)
                0x00800273                tmrNodes
 COMMON         0x00800276        0x4 c:/program files (x86)/atmel/avr studio 5.0/avr toolchain/bin/../lib/gcc/avr/4.5.1/../../../../avr/lib/avr5\libc.a(malloc.o)
                0x00800276                __brkval
                0x00800278                __flp
 COMMON         0x0080027a        0x6 c:/program files (x86)/atmel/avr studio 5.0/avr toolchain/bin/../lib/gcc/avr/4.5.1/../../../../avr/lib/avr5\libc.a(iob.o)
                0x0080027a                __iob
                0x00800280                PROVIDE (__bss_end, .)
                0x00003750                __data_load_start = LOADADDR (.data)
                0x000037ce                __data_load_end = (__data_load_start + SIZEOF (.data))

.noinit         0x00800280        0x0
                0x00800280                PROVIDE (__noinit_start, .)
 *(.noinit*)
                0x00800280                PROVIDE (__noinit_end, .)
                0x00800280                _end = .
                0x00800280                PROVIDE (__heap_start, .)

.eeprom         0x00810000        0x0
 *(.eeprom*)
                0x00810000                __eeprom_end = .

.fuse
 *(.fuse)
 *(.lfuse)
 *(.hfuse)
 *(.efuse)

.lock
 *(.lock*)

.signature
 *(.signature*)

.stab           0x00000000     0x3420
 *(.stab)
 .stab          0x00000000      0x6cc c:/program files (x86)/atmel/avr studio 5.0/avr toolchain/bin/../lib/gcc/avr/4.5.1/../../../../avr/lib/avr5/crtm324p.o
 .stab          0x000006cc       0x48 c:/program files (x86)/atmel/avr studio 5.0/avr toolchain/bin/../lib/gcc/avr/4.5.1/../../../../avr/lib/avr5\libm.a(divsf3.o)
                                 0x54 (size before relaxing)
 .stab          0x00000714      0x510 c:/program files (x86)/atmel/avr studio 5.0/avr toolchain/bin/../lib/gcc/avr/4.5.1/../../../../avr/lib/avr5\libm.a(divsf3x.o)
                                0x51c (size before relaxing)
 .stab          0x00000c24      0x318 c:/program files (x86)/atmel/avr studio 5.0/avr toolchain/bin/../lib/gcc/avr/4.5.1/../../../../avr/lib/avr5\libm.a(floatsisf.o)
                                0x324 (size before relaxing)
 .stab          0x00000f3c       0x78 c:/program files (x86)/atmel/avr studio 5.0/avr toolchain/bin/../lib/gcc/avr/4.5.1/../../../../avr/lib/avr5\libm.a(fp_inf.o)
                                 0x84 (size before relaxing)
 .stab          0x00000fb4       0x54 c:/program files (x86)/atmel/avr studio 5.0/avr toolchain/bin/../lib/gcc/avr/4.5.1/../../../../avr/lib/avr5\libm.a(fp_nan.o)
                                 0x60 (size before relaxing)
 .stab          0x00001008       0x84 c:/program files (x86)/atmel/avr studio 5.0/avr toolchain/bin/../lib/gcc/avr/4.5.1/../../../../avr/lib/avr5\libm.a(fp_pscA.o)
                                 0x90 (size before relaxing)
 .stab          0x0000108c       0x84 c:/program files (x86)/atmel/avr studio 5.0/avr toolchain/bin/../lib/gcc/avr/4.5.1/../../../../avr/lib/avr5\libm.a(fp_pscB.o)
                                 0x90 (size before relaxing)
 .stab          0x00001110       0xfc c:/program files (x86)/atmel/avr studio 5.0/avr toolchain/bin/../lib/gcc/avr/4.5.1/../../../../avr/lib/avr5\libm.a(fp_round.o)
                                0x108 (size before relaxing)
 .stab          0x0000120c      0x1d4 c:/program files (x86)/atmel/avr studio 5.0/avr toolchain/bin/../lib/gcc/avr/4.5.1/../../../../avr/lib/avr5\libm.a(fp_split3.o)
                                0x1e0 (size before relaxing)
 .stab          0x000013e0       0x90 c:/program files (x86)/atmel/avr studio 5.0/avr toolchain/bin/../lib/gcc/avr/4.5.1/../../../../avr/lib/avr5\libm.a(fp_zero.o)
                                 0x9c (size before relaxing)
 .stab          0x00001470      0x2e8 c:/program files (x86)/atmel/avr studio 5.0/avr toolchain/bin/../lib/gcc/avr/4.5.1/../../../../avr/lib/avr5\libm.a(lrint.o)
                                0x2f4 (size before relaxing)
 .stab          0x00001758       0x48 c:/program files (x86)/atmel/avr studio 5.0/avr toolchain/bin/../lib/gcc/avr/4.5.1/../../../../avr/lib/avr5\libm.a(mulsf3.o)
                                 0x54 (size before relaxing)
 .stab          0x000017a0      0x4d4 c:/program files (x86)/atmel/avr studio 5.0/avr toolchain/bin/../lib/gcc/avr/4.5.1/../../../../avr/lib/avr5\libm.a(mulsf3x.o)
                                0x4e0 (size before relaxing)
 .stab          0x00001c74      0x3c0 c:/program files (x86)/atmel/avr studio 5.0/avr toolchain/bin/../lib/gcc/avr/4.5.1/../../../../avr/lib/avr5\libm.a(pow.o)
                                0x3cc (size before relaxing)
 .stab          0x00002034      0x288 c:/program files (x86)/atmel/avr studio 5.0/avr toolchain/bin/../lib/gcc/avr/4.5.1/../../../../avr/lib/avr5\libm.a(exp.o)
                                0x294 (size before relaxing)
 .stab          0x000022bc      0x1ec c:/program files (x86)/atmel/avr studio 5.0/avr toolchain/bin/../lib/gcc/avr/4.5.1/../../../../avr/lib/avr5\libm.a(fp_powser.o)
                                0x1f8 (size before relaxing)
 .stab          0x000024a8       0x84 c:/program files (x86)/atmel/avr studio 5.0/avr toolchain/bin/../lib/gcc/avr/4.5.1/../../../../avr/lib/avr5\libm.a(inverse.o)
                                 0x90 (size before relaxing)
 .stab          0x0000252c      0x2c4 c:/program files (x86)/atmel/avr studio 5.0/avr toolchain/bin/../lib/gcc/avr/4.5.1/../../../../avr/lib/avr5\libm.a(ldexp.o)
                                0x2d0 (size before relaxing)
 .stab          0x000027f0      0x378 c:/program files (x86)/atmel/avr studio 5.0/avr toolchain/bin/../lib/gcc/avr/4.5.1/../../../../avr/lib/avr5\libm.a(log.o)
                                0x384 (size before relaxing)
 .stab          0x00002b68      0x2a0 c:/program files (x86)/atmel/avr studio 5.0/avr toolchain/bin/../lib/gcc/avr/4.5.1/../../../../avr/lib/avr5\libm.a(modf.o)
                                0x2ac (size before relaxing)
 .stab          0x00002e08       0x78 c:/program files (x86)/atmel/avr studio 5.0/avr toolchain/bin/../lib/gcc/avr/4.5.1/../../../../avr/lib/avr5\libm.a(addsf3.o)
                                 0x84 (size before relaxing)
 .stab          0x00002e80      0x4bc c:/program files (x86)/atmel/avr studio 5.0/avr toolchain/bin/../lib/gcc/avr/4.5.1/../../../../avr/lib/avr5\libm.a(addsf3x.o)
                                0x4c8 (size before relaxing)
 .stab          0x0000333c       0xe4 c:/program files (x86)/atmel/avr studio 5.0/avr toolchain/bin/../lib/gcc/avr/4.5.1/../../../../avr/lib/avr5\libm.a(fp_mpack.o)
                                 0xf0 (size before relaxing)

.stabstr        0x00000000      0x943
 *(.stabstr)
 .stabstr       0x00000000      0x943 c:/program files (x86)/atmel/avr studio 5.0/avr toolchain/bin/../lib/gcc/avr/4.5.1/../../../../avr/lib/avr5/crtm324p.o

.stab.excl
 *(.stab.excl)

.stab.exclstr
 *(.stab.exclstr)

.stab.index
 *(.stab.index)

.stab.indexstr
 *(.stab.indexstr)

.comment
 *(.comment)

.debug
 *(.debug)

.line
 *(.line)

.debug_srcinfo
 *(.debug_srcinfo)

.debug_sfnames
 *(.debug_sfnames)

.debug_aranges  0x00000000       0x68
 *(.debug_aranges)
 .debug_aranges
                0x00000000       0x20 Voice Control.o
 .debug_aranges
                0x00000020       0x28 c:/program files (x86)/atmel/avr studio 5.0/avr toolchain/bin/../lib/gcc/avr/4.5.1/../../../../avr/lib/avr5\libc.a(malloc.o)
 .debug_aranges
                0x00000048       0x20 c:/program files (x86)/atmel/avr studio 5.0/avr toolchain/bin/../lib/gcc/avr/4.5.1/../../../../avr/lib/avr5\libc.a(puts.o)

.debug_pubnames
                0x00000000      0x10e
 *(.debug_pubnames)
 .debug_pubnames
                0x00000000       0x58 Voice Control.o
 .debug_pubnames
                0x00000058       0x7f c:/program files (x86)/atmel/avr studio 5.0/avr toolchain/bin/../lib/gcc/avr/4.5.1/../../../../avr/lib/avr5\libc.a(malloc.o)
 .debug_pubnames
                0x000000d7       0x1c c:/program files (x86)/atmel/avr studio 5.0/avr toolchain/bin/../lib/gcc/avr/4.5.1/../../../../avr/lib/avr5\libc.a(iob.o)
 .debug_pubnames
                0x000000f3       0x1b c:/program files (x86)/atmel/avr studio 5.0/avr toolchain/bin/../lib/gcc/avr/4.5.1/../../../../avr/lib/avr5\libc.a(puts.o)

.debug_info     0x00000000      0x796
 *(.debug_info)
 .debug_info    0x00000000      0x206 Voice Control.o
 .debug_info    0x00000206      0x296 c:/program files (x86)/atmel/avr studio 5.0/avr toolchain/bin/../lib/gcc/avr/4.5.1/../../../../avr/lib/avr5\libc.a(malloc.o)
 .debug_info    0x0000049c      0x14f c:/program files (x86)/atmel/avr studio 5.0/avr toolchain/bin/../lib/gcc/avr/4.5.1/../../../../avr/lib/avr5\libc.a(iob.o)
 .debug_info    0x000005eb      0x1ab c:/program files (x86)/atmel/avr studio 5.0/avr toolchain/bin/../lib/gcc/avr/4.5.1/../../../../avr/lib/avr5\libc.a(puts.o)
 *(.gnu.linkonce.wi.*)

.debug_abbrev   0x00000000      0x352
 *(.debug_abbrev)
 .debug_abbrev  0x00000000       0x97 Voice Control.o
 .debug_abbrev  0x00000097       0xf5 c:/program files (x86)/atmel/avr studio 5.0/avr toolchain/bin/../lib/gcc/avr/4.5.1/../../../../avr/lib/avr5\libc.a(malloc.o)
 .debug_abbrev  0x0000018c       0xc5 c:/program files (x86)/atmel/avr studio 5.0/avr toolchain/bin/../lib/gcc/avr/4.5.1/../../../../avr/lib/avr5\libc.a(iob.o)
 .debug_abbrev  0x00000251      0x101 c:/program files (x86)/atmel/avr studio 5.0/avr toolchain/bin/../lib/gcc/avr/4.5.1/../../../../avr/lib/avr5\libc.a(puts.o)

.debug_line     0x00000000      0x7c8
 *(.debug_line)
 .debug_line    0x00000000      0x1d7 Voice Control.o
 .debug_line    0x000001d7      0x3c8 c:/program files (x86)/atmel/avr studio 5.0/avr toolchain/bin/../lib/gcc/avr/4.5.1/../../../../avr/lib/avr5\libc.a(malloc.o)
 .debug_line    0x0000059f       0xeb c:/program files (x86)/atmel/avr studio 5.0/avr toolchain/bin/../lib/gcc/avr/4.5.1/../../../../avr/lib/avr5\libc.a(iob.o)
 .debug_line    0x0000068a      0x13e c:/program files (x86)/atmel/avr studio 5.0/avr toolchain/bin/../lib/gcc/avr/4.5.1/../../../../avr/lib/avr5\libc.a(puts.o)

.debug_frame    0x00000000       0xb0
 *(.debug_frame)
 .debug_frame   0x00000000       0x60 Voice Control.o
 .debug_frame   0x00000060       0x30 c:/program files (x86)/atmel/avr studio 5.0/avr toolchain/bin/../lib/gcc/avr/4.5.1/../../../../avr/lib/avr5\libc.a(malloc.o)
 .debug_frame   0x00000090       0x20 c:/program files (x86)/atmel/avr studio 5.0/avr toolchain/bin/../lib/gcc/avr/4.5.1/../../../../avr/lib/avr5\libc.a(puts.o)

.debug_str      0x00000000      0x475
 *(.debug_str)
 .debug_str     0x00000000      0x2bd Voice Control.o
                                0x2fc (size before relaxing)
 .debug_str     0x000002bd       0xf2 c:/program files (x86)/atmel/avr studio 5.0/avr toolchain/bin/../lib/gcc/avr/4.5.1/../../../../avr/lib/avr5\libc.a(malloc.o)
                                0x16a (size before relaxing)
 .debug_str     0x000003af       0x72 c:/program files (x86)/atmel/avr studio 5.0/avr toolchain/bin/../lib/gcc/avr/4.5.1/../../../../avr/lib/avr5\libc.a(iob.o)
                                 0xf2 (size before relaxing)
 .debug_str     0x00000421       0x54 c:/program files (x86)/atmel/avr studio 5.0/avr toolchain/bin/../lib/gcc/avr/4.5.1/../../../../avr/lib/avr5\libc.a(puts.o)
                                 0xf8 (size before relaxing)

.debug_loc      0x00000000      0x4d0
 *(.debug_loc)
 .debug_loc     0x00000000      0x429 c:/program files (x86)/atmel/avr studio 5.0/avr toolchain/bin/../lib/gcc/avr/4.5.1/../../../../avr/lib/avr5\libc.a(malloc.o)
 .debug_loc     0x00000429       0xa7 c:/program files (x86)/atmel/avr studio 5.0/avr toolchain/bin/../lib/gcc/avr/4.5.1/../../../../avr/lib/avr5\libc.a(puts.o)

.debug_macinfo
 *(.debug_macinfo)
OUTPUT(Voice Control.elf elf32-avr)
LOAD linker stubs

.debug_pubtypes
                0x00000000      0x14d
 .debug_pubtypes
                0x00000000       0xc2 Voice Control.o
 .debug_pubtypes
                0x000000c2       0x39 c:/program files (x86)/atmel/avr studio 5.0/avr toolchain/bin/../lib/gcc/avr/4.5.1/../../../../avr/lib/avr5\libc.a(malloc.o)
 .debug_pubtypes
                0x000000fb       0x29 c:/program files (x86)/atmel/avr studio 5.0/avr toolchain/bin/../lib/gcc/avr/4.5.1/../../../../avr/lib/avr5\libc.a(iob.o)
 .debug_pubtypes
                0x00000124       0x29 c:/program files (x86)/atmel/avr studio 5.0/avr toolchain/bin/../lib/gcc/avr/4.5.1/../../../../avr/lib/avr5\libc.a(puts.o)

.debug_ranges   0x00000000       0x28
 .debug_ranges  0x00000000       0x18 c:/program files (x86)/atmel/avr studio 5.0/avr toolchain/bin/../lib/gcc/avr/4.5.1/../../../../avr/lib/avr5\libc.a(malloc.o)
 .debug_ranges  0x00000018       0x10 c:/program files (x86)/atmel/avr studio 5.0/avr toolchain/bin/../lib/gcc/avr/4.5.1/../../../../avr/lib/avr5\libc.a(puts.o)
