Archive member included because of file (symbol)

../../CEENbot API\libcapi324v221.a(CBOT_main.o)
                              e:/program files/atmel/avr studio 5.0/avr toolchain/bin/../lib/gcc/avr/4.5.1/../../../../avr/lib/avr5/crtm324p.o (main)
../../CEENbot API\libcapi324v221.a(LCD_clear.o)
                              Voice Control.o (LCD_clear)
../../CEENbot API\libcapi324v221.a(LCD_open.o)
                              Voice Control.o (LCD_open)
../../CEENbot API\libcapi324v221.a(LCD_set_backlight.o)
                              ../../CEENbot API\libcapi324v221.a(LCD_open.o) (LCD_set_backlight)
../../CEENbot API\libcapi324v221.a(LCD_set_next_PGC.o)
                              ../../CEENbot API\libcapi324v221.a(LCD_clear.o) (LCD_set_next_PGC)
../../CEENbot API\libcapi324v221.a(LCD_set_PGC_addr.o)
                              ../../CEENbot API\libcapi324v221.a(LCD_clear.o) (LCD_set_PGC_addr)
../../CEENbot API\libcapi324v221.a(LCD_write.o)
                              ../../CEENbot API\libcapi324v221.a(LCD_clear.o) (LCD_write)
../../CEENbot API\libcapi324v221.a(SPI_set_slave_addr.o)
                              ../../CEENbot API\libcapi324v221.a(LCD_set_backlight.o) (SPI_set_slave_addr)
../../CEENbot API\libcapi324v221.a(SPI_transmit.o)
                              ../../CEENbot API\libcapi324v221.a(LCD_set_backlight.o) (SPI_transmit)
../../CEENbot API\libcapi324v221.a(SYS_get_state.o)
                              ../../CEENbot API\libcapi324v221.a(LCD_open.o) (SYS_get_state)
../../CEENbot API\libcapi324v221.a(SYS_globals.o)
                              ../../CEENbot API\libcapi324v221.a(SYS_get_state.o) (CBOT_system)
../../CEENbot API\libcapi324v221.a(SYS_set_state.o)
                              ../../CEENbot API\libcapi324v221.a(LCD_open.o) (SYS_set_state)
../../CEENbot API\libcapi324v221.a(CBOT_init.o)
                              ../../CEENbot API\libcapi324v221.a(CBOT_main.o) (CBOT_init)
../../CEENbot API\libcapi324v221.a(CBOT_isr.o)
                              ../../CEENbot API\libcapi324v221.a(CBOT_main.o) (CBOT_ISR_init)
../../CEENbot API\libcapi324v221.a(ISR_globals.o)
                              ../../CEENbot API\libcapi324v221.a(CBOT_isr.o) (CBOT_ISR_vtable)
../../CEENbot API\libcapi324v221.a(ISR_open.o)
                              ../../CEENbot API\libcapi324v221.a(CBOT_init.o) (ISR_open)
../../CEENbot API\libcapi324v221.a(LCD_globals.o)
                              ../../CEENbot API\libcapi324v221.a(LCD_open.o) (LCD_stdout)
../../CEENbot API\libcapi324v221.a(__LCD_init.o)
                              ../../CEENbot API\libcapi324v221.a(LCD_open.o) (__LCD_init)
../../CEENbot API\libcapi324v221.a(__LCD_putchar.o)
                              ../../CEENbot API\libcapi324v221.a(LCD_globals.o) (__LCD_putchar)
../../CEENbot API\libcapi324v221.a(ATMEGA_open.o)
                              ../../CEENbot API\libcapi324v221.a(CBOT_init.o) (ATMEGA_open)
../../CEENbot API\libcapi324v221.a(ATMEGA_set_clk_mode.o)
                              ../../CEENbot API\libcapi324v221.a(ATMEGA_open.o) (ATMEGA_set_clk_mode)
../../CEENbot API\libcapi324v221.a(SPI_globals.o)
                              ../../CEENbot API\libcapi324v221.a(SPI_set_slave_addr.o) (spi_config_func_LUT)
../../CEENbot API\libcapi324v221.a(SPI_open.o)
                              ../../CEENbot API\libcapi324v221.a(CBOT_init.o) (SPI_open)
../../CEENbot API\libcapi324v221.a(SPI_set_config_func.o)
                              ../../CEENbot API\libcapi324v221.a(SPI_open.o) (SPI_set_config_func)
../../CEENbot API\libcapi324v221.a(SPKR_close.o)
                              ../../CEENbot API\libcapi324v221.a(__LCD_putchar.o) (SPKR_close)
../../CEENbot API\libcapi324v221.a(SPKR_globals.o)
                              ../../CEENbot API\libcapi324v221.a(SPKR_close.o) (tone_mode_active)
../../CEENbot API\libcapi324v221.a(SPKR_open.o)
                              ../../CEENbot API\libcapi324v221.a(__LCD_putchar.o) (SPKR_open)
../../CEENbot API\libcapi324v221.a(SPKR_play_beep.o)
                              ../../CEENbot API\libcapi324v221.a(__LCD_putchar.o) (SPKR_play_beep)
../../CEENbot API\libcapi324v221.a(__SPKR_stop.o)
                              ../../CEENbot API\libcapi324v221.a(SPKR_close.o) (__SPKR_stop)
../../CEENbot API\libcapi324v221.a(SYS_init.o)
                              ../../CEENbot API\libcapi324v221.a(CBOT_init.o) (SYS_init)
../../CEENbot API\libcapi324v221.a(ATTINY_open.o)
                              ../../CEENbot API\libcapi324v221.a(CBOT_init.o) (ATTINY_open)
../../CEENbot API\libcapi324v221.a(TMRSRVC_delay.o)
                              ../../CEENbot API\libcapi324v221.a(SPKR_play_beep.o) (TMRSRVC_delay)
../../CEENbot API\libcapi324v221.a(TMRSRVC_new.o)
                              ../../CEENbot API\libcapi324v221.a(TMRSRVC_delay.o) (TMRSRVC_new)
../../CEENbot API\libcapi324v221.a(TMRSRVC_open.o)
                              ../../CEENbot API\libcapi324v221.a(CBOT_init.o) (TMRSRVC_open)
../../CEENbot API\libcapi324v221.a(__TMRSRVC_start.o)
                              ../../CEENbot API\libcapi324v221.a(TMRSRVC_open.o) (__TMRSRVC_start)
../../CEENbot API\libcapi324v221.a(__ISR_attach.o)
                              ../../CEENbot API\libcapi324v221.a(TMRSRVC_open.o) (__ISR_attach)
../../CEENbot API\libcapi324v221.a(ISR_attach.o)
                              ../../CEENbot API\libcapi324v221.a(SPKR_open.o) (ISR_attach)
../../CEENbot API\libcapi324v221.a(__ATMEGA_init.o)
                              ../../CEENbot API\libcapi324v221.a(ATMEGA_open.o) (__ATMEGA_init)
../../CEENbot API\libcapi324v221.a(SPI_cfgrs.o)
                              ../../CEENbot API\libcapi324v221.a(SPI_open.o) (SPI_default_config)
../../CEENbot API\libcapi324v221.a(__SPI_init.o)
                              ../../CEENbot API\libcapi324v221.a(SPI_open.o) (__SPI_init)
../../CEENbot API\libcapi324v221.a(ISR__SPKR__TIMER1_COMPA_vect.o)
                              ../../CEENbot API\libcapi324v221.a(SPKR_open.o) (__SPKR_TIMER1_COMPA_vect)
../../CEENbot API\libcapi324v221.a(SPKR_beep.o)
                              ../../CEENbot API\libcapi324v221.a(SPKR_play_beep.o) (SPKR_beep)
../../CEENbot API\libcapi324v221.a(SPKR_clk.o)
                              ../../CEENbot API\libcapi324v221.a(ISR__SPKR__TIMER1_COMPA_vect.o) (SPKR_clk)
../../CEENbot API\libcapi324v221.a(__SPKR_close.o)
                              ../../CEENbot API\libcapi324v221.a(SPKR_close.o) (__SPKR_close)
../../CEENbot API\libcapi324v221.a(__SPKR_init.o)
                              ../../CEENbot API\libcapi324v221.a(SPKR_open.o) (__SPKR_init)
../../CEENbot API\libcapi324v221.a(ATTINY_globals.o)
                              ../../CEENbot API\libcapi324v221.a(ATTINY_open.o) (ATTINY_params)
../../CEENbot API\libcapi324v221.a(ISR__TIMER0_COMPA_vect.o)
                              ../../CEENbot API\libcapi324v221.a(TMRSRVC_open.o) (__TIMER0_COMPA_vect)
../../CEENbot API\libcapi324v221.a(TMRSRVC_globals.o)
                              ../../CEENbot API\libcapi324v221.a(TMRSRVC_new.o) (timer_busy_status)
../../CEENbot API\libcapi324v221.a(__TMRSRVC_init.o)
                              ../../CEENbot API\libcapi324v221.a(TMRSRVC_open.o) (__TMRSRVC_init)
../../CEENbot API\libcapi324v221.a(__TMRSRVC_insert.o)
                              ../../CEENbot API\libcapi324v221.a(TMRSRVC_new.o) (TMRSRVC_insert)
../../CEENbot API\libcapi324v221.a(TMRSRVC_start.o)
                              ../../CEENbot API\libcapi324v221.a(__TMRSRVC_insert.o) (TMRSRVC_start)
../../CEENbot API\libcapi324v221.a(TMRSRVC_tick.o)
                              ../../CEENbot API\libcapi324v221.a(ISR__TIMER0_COMPA_vect.o) (TMRSRVC_tick)
../../CEENbot API\libcapi324v221.a(SPKR_beep_clk.o)
                              ../../CEENbot API\libcapi324v221.a(ISR__TIMER0_COMPA_vect.o) (SPKR_beep_clk)
../../CEENbot API\libcapi324v221.a(STEPPER_clk.o)
                              ../../CEENbot API\libcapi324v221.a(ISR__TIMER0_COMPA_vect.o) (STEPPER_clk)
../../CEENbot API\libcapi324v221.a(STEPPER_globals.o)
                              ../../CEENbot API\libcapi324v221.a(STEPPER_clk.o) (STEPPER_params)
../../CEENbot API\libcapi324v221.a(STEPPER_process_accel.o)
                              ../../CEENbot API\libcapi324v221.a(STEPPER_clk.o) (STEPPER_process_accel)
../../CEENbot API\libcapi324v221.a(STEPPER_process_run_mode.o)
                              ../../CEENbot API\libcapi324v221.a(STEPPER_clk.o) (STEPPER_process_run_mode)
../../CEENbot API\libcapi324v221.a(STEPPER_process_step_mode.o)
                              ../../CEENbot API\libcapi324v221.a(STEPPER_process_run_mode.o) (STEPPER_process_step_mode)
../../CEENbot API\libcapi324v221.a(STEPPER_set_speed.o)
                              ../../CEENbot API\libcapi324v221.a(STEPPER_process_step_mode.o) (STEPPER_set_speed)
../../CEENbot API\libcapi324v221.a(STEPPER_stop.o)
                              ../../CEENbot API\libcapi324v221.a(STEPPER_process_run_mode.o) (STEPPER_stop)
../../CEENbot API\libcapi324v221.a(TMRSRVC_process.o)
                              ../../CEENbot API\libcapi324v221.a(TMRSRVC_tick.o) (TMRSRVC_process)
../../CEENbot API\libcapi324v221.a(TMRSRVC_stop.o)
                              ../../CEENbot API\libcapi324v221.a(TMRSRVC_process.o) (TMRSRVC_stop)
../../CEENbot API\libcapi324v221.a(STEPPER_process_pwm.o)
                              ../../CEENbot API\libcapi324v221.a(STEPPER_process_run_mode.o) (STEPPER_process_pwm)
../../CEENbot API\libcapi324v221.a(STEPPER_set_steps.o)
                              ../../CEENbot API\libcapi324v221.a(STEPPER_stop.o) (STEPPER_set_steps)
e:/program files/atmel/avr studio 5.0/avr toolchain/bin/../lib/gcc/avr/4.5.1/../../../../avr/lib/avr5\libm.a(divsf3.o)
                              ../../CEENbot API\libcapi324v221.a(SPKR_open.o) (__divsf3)
e:/program files/atmel/avr studio 5.0/avr toolchain/bin/../lib/gcc/avr/4.5.1/../../../../avr/lib/avr5\libm.a(divsf3x.o)
                              e:/program files/atmel/avr studio 5.0/avr toolchain/bin/../lib/gcc/avr/4.5.1/../../../../avr/lib/avr5\libm.a(divsf3.o) (__divsf3x)
e:/program files/atmel/avr studio 5.0/avr toolchain/bin/../lib/gcc/avr/4.5.1/../../../../avr/lib/avr5\libm.a(floatsisf.o)
                              ../../CEENbot API\libcapi324v221.a(SPKR_open.o) (__floatunsisf)
e:/program files/atmel/avr studio 5.0/avr toolchain/bin/../lib/gcc/avr/4.5.1/../../../../avr/lib/avr5\libm.a(fp_inf.o)
                              e:/program files/atmel/avr studio 5.0/avr toolchain/bin/../lib/gcc/avr/4.5.1/../../../../avr/lib/avr5\libm.a(divsf3x.o) (__fp_inf)
e:/program files/atmel/avr studio 5.0/avr toolchain/bin/../lib/gcc/avr/4.5.1/../../../../avr/lib/avr5\libm.a(fp_nan.o)
                              e:/program files/atmel/avr studio 5.0/avr toolchain/bin/../lib/gcc/avr/4.5.1/../../../../avr/lib/avr5\libm.a(divsf3x.o) (__fp_nan)
e:/program files/atmel/avr studio 5.0/avr toolchain/bin/../lib/gcc/avr/4.5.1/../../../../avr/lib/avr5\libm.a(fp_pscA.o)
                              e:/program files/atmel/avr studio 5.0/avr toolchain/bin/../lib/gcc/avr/4.5.1/../../../../avr/lib/avr5\libm.a(divsf3x.o) (__fp_pscA)
e:/program files/atmel/avr studio 5.0/avr toolchain/bin/../lib/gcc/avr/4.5.1/../../../../avr/lib/avr5\libm.a(fp_pscB.o)
                              e:/program files/atmel/avr studio 5.0/avr toolchain/bin/../lib/gcc/avr/4.5.1/../../../../avr/lib/avr5\libm.a(divsf3x.o) (__fp_pscB)
e:/program files/atmel/avr studio 5.0/avr toolchain/bin/../lib/gcc/avr/4.5.1/../../../../avr/lib/avr5\libm.a(fp_round.o)
                              e:/program files/atmel/avr studio 5.0/avr toolchain/bin/../lib/gcc/avr/4.5.1/../../../../avr/lib/avr5\libm.a(divsf3.o) (__fp_round)
e:/program files/atmel/avr studio 5.0/avr toolchain/bin/../lib/gcc/avr/4.5.1/../../../../avr/lib/avr5\libm.a(fp_split3.o)
                              e:/program files/atmel/avr studio 5.0/avr toolchain/bin/../lib/gcc/avr/4.5.1/../../../../avr/lib/avr5\libm.a(divsf3x.o) (__fp_split3)
e:/program files/atmel/avr studio 5.0/avr toolchain/bin/../lib/gcc/avr/4.5.1/../../../../avr/lib/avr5\libm.a(fp_zero.o)
                              e:/program files/atmel/avr studio 5.0/avr toolchain/bin/../lib/gcc/avr/4.5.1/../../../../avr/lib/avr5\libm.a(divsf3x.o) (__fp_szero)
e:/program files/atmel/avr studio 5.0/avr toolchain/bin/../lib/gcc/avr/4.5.1/../../../../avr/lib/avr5\libm.a(lrint.o)
                              ../../CEENbot API\libcapi324v221.a(SPKR_open.o) (lrint)
e:/program files/atmel/avr studio 5.0/avr toolchain/bin/../lib/gcc/avr/4.5.1/../../../../avr/lib/avr5\libm.a(mulsf3.o)
                              ../../CEENbot API\libcapi324v221.a(SPKR_open.o) (__mulsf3)
e:/program files/atmel/avr studio 5.0/avr toolchain/bin/../lib/gcc/avr/4.5.1/../../../../avr/lib/avr5\libm.a(mulsf3x.o)
                              e:/program files/atmel/avr studio 5.0/avr toolchain/bin/../lib/gcc/avr/4.5.1/../../../../avr/lib/avr5\libm.a(mulsf3.o) (__mulsf3x)
e:/program files/atmel/avr studio 5.0/avr toolchain/bin/../lib/gcc/avr/4.5.1/../../../../avr/lib/avr5\libm.a(pow.o)
                              ../../CEENbot API\libcapi324v221.a(SPKR_open.o) (pow)
e:/program files/atmel/avr studio 5.0/avr toolchain/bin/../lib/gcc/avr/4.5.1/../../../../avr/lib/avr5\libm.a(exp.o)
                              e:/program files/atmel/avr studio 5.0/avr toolchain/bin/../lib/gcc/avr/4.5.1/../../../../avr/lib/avr5\libm.a(pow.o) (exp)
e:/program files/atmel/avr studio 5.0/avr toolchain/bin/../lib/gcc/avr/4.5.1/../../../../avr/lib/avr5\libm.a(fp_powser.o)
                              e:/program files/atmel/avr studio 5.0/avr toolchain/bin/../lib/gcc/avr/4.5.1/../../../../avr/lib/avr5\libm.a(exp.o) (__fp_powser)
e:/program files/atmel/avr studio 5.0/avr toolchain/bin/../lib/gcc/avr/4.5.1/../../../../avr/lib/avr5\libm.a(inverse.o)
                              e:/program files/atmel/avr studio 5.0/avr toolchain/bin/../lib/gcc/avr/4.5.1/../../../../avr/lib/avr5\libm.a(exp.o) (inverse)
e:/program files/atmel/avr studio 5.0/avr toolchain/bin/../lib/gcc/avr/4.5.1/../../../../avr/lib/avr5\libm.a(ldexp.o)
                              e:/program files/atmel/avr studio 5.0/avr toolchain/bin/../lib/gcc/avr/4.5.1/../../../../avr/lib/avr5\libm.a(exp.o) (ldexp)
e:/program files/atmel/avr studio 5.0/avr toolchain/bin/../lib/gcc/avr/4.5.1/../../../../avr/lib/avr5\libm.a(log.o)
                              e:/program files/atmel/avr studio 5.0/avr toolchain/bin/../lib/gcc/avr/4.5.1/../../../../avr/lib/avr5\libm.a(pow.o) (log)
e:/program files/atmel/avr studio 5.0/avr toolchain/bin/../lib/gcc/avr/4.5.1/../../../../avr/lib/avr5\libm.a(modf.o)
                              e:/program files/atmel/avr studio 5.0/avr toolchain/bin/../lib/gcc/avr/4.5.1/../../../../avr/lib/avr5\libm.a(exp.o) (modf)
e:/program files/atmel/avr studio 5.0/avr toolchain/bin/../lib/gcc/avr/4.5.1/../../../../avr/lib/avr5\libm.a(addsf3.o)
                              e:/program files/atmel/avr studio 5.0/avr toolchain/bin/../lib/gcc/avr/4.5.1/../../../../avr/lib/avr5\libm.a(modf.o) (__subsf3)
e:/program files/atmel/avr studio 5.0/avr toolchain/bin/../lib/gcc/avr/4.5.1/../../../../avr/lib/avr5\libm.a(addsf3x.o)
                              e:/program files/atmel/avr studio 5.0/avr toolchain/bin/../lib/gcc/avr/4.5.1/../../../../avr/lib/avr5\libm.a(fp_powser.o) (__addsf3x)
e:/program files/atmel/avr studio 5.0/avr toolchain/bin/../lib/gcc/avr/4.5.1/../../../../avr/lib/avr5\libm.a(fp_mpack.o)
                              e:/program files/atmel/avr studio 5.0/avr toolchain/bin/../lib/gcc/avr/4.5.1/../../../../avr/lib/avr5\libm.a(ldexp.o) (__fp_mpack)
e:/program files/atmel/avr studio 5.0/avr toolchain/bin/../lib/gcc/avr/4.5.1/avr5\libgcc.a(_mulsi3.o)
                              ../../CEENbot API\libcapi324v221.a(SPKR_open.o) (__mulsi3)
e:/program files/atmel/avr studio 5.0/avr toolchain/bin/../lib/gcc/avr/4.5.1/avr5\libgcc.a(_udivmodsi4.o)
                              ../../CEENbot API\libcapi324v221.a(SPKR_play_beep.o) (__udivmodsi4)
e:/program files/atmel/avr studio 5.0/avr toolchain/bin/../lib/gcc/avr/4.5.1/avr5\libgcc.a(_exit.o)
                              e:/program files/atmel/avr studio 5.0/avr toolchain/bin/../lib/gcc/avr/4.5.1/../../../../avr/lib/avr5/crtm324p.o (exit)
e:/program files/atmel/avr studio 5.0/avr toolchain/bin/../lib/gcc/avr/4.5.1/avr5\libgcc.a(_copy_data.o)
                              Voice Control.o (__do_copy_data)
e:/program files/atmel/avr studio 5.0/avr toolchain/bin/../lib/gcc/avr/4.5.1/avr5\libgcc.a(_clear_bss.o)
                              ../../CEENbot API\libcapi324v221.a(CBOT_main.o) (__do_clear_bss)
e:/program files/atmel/avr studio 5.0/avr toolchain/bin/../lib/gcc/avr/4.5.1/../../../../avr/lib/avr5\libc.a(malloc.o)
                              ../../CEENbot API\libcapi324v221.a(SPKR_open.o) (malloc)
e:/program files/atmel/avr studio 5.0/avr toolchain/bin/../lib/gcc/avr/4.5.1/../../../../avr/lib/avr5\libc.a(iob.o)
                              ../../CEENbot API\libcapi324v221.a(LCD_open.o) (__iob)
e:/program files/atmel/avr studio 5.0/avr toolchain/bin/../lib/gcc/avr/4.5.1/../../../../avr/lib/avr5\libc.a(puts.o)
                              Voice Control.o (puts)
e:/program files/atmel/avr studio 5.0/avr toolchain/bin/../lib/gcc/avr/4.5.1/avr5\libgcc.a(_epilogue.o)
                              e:/program files/atmel/avr studio 5.0/avr toolchain/bin/../lib/gcc/avr/4.5.1/../../../../avr/lib/avr5\libc.a(puts.o) (__epilogue_restores__)

Allocating common symbols
Common symbol       size              file

__brkval            0x2               e:/program files/atmel/avr studio 5.0/avr toolchain/bin/../lib/gcc/avr/4.5.1/../../../../avr/lib/avr5\libc.a(malloc.o)
ATTINY_params       0x1e              ../../CEENbot API\libcapi324v221.a(ATTINY_globals.o)
CBOT_system         0x13              ../../CEENbot API\libcapi324v221.a(SYS_globals.o)
tmrNodes            0x3               ../../CEENbot API\libcapi324v221.a(TMRSRVC_globals.o)
STEPPER_params      0x37              ../../CEENbot API\libcapi324v221.a(STEPPER_globals.o)
curr_spi_addr       0x1               ../../CEENbot API\libcapi324v221.a(SPI_globals.o)
LCD_params          0x5               ../../CEENbot API\libcapi324v221.a(LCD_globals.o)
__flp               0x2               e:/program files/atmel/avr studio 5.0/avr toolchain/bin/../lib/gcc/avr/4.5.1/../../../../avr/lib/avr5\libc.a(malloc.o)
__iob               0x6               e:/program files/atmel/avr studio 5.0/avr toolchain/bin/../lib/gcc/avr/4.5.1/../../../../avr/lib/avr5\libc.a(iob.o)
step_done           0x2               ../../CEENbot API\libcapi324v221.a(STEPPER_globals.o)

Memory Configuration

Name             Origin             Length             Attributes
text             0x00000000         0x00020000         xr
data             0x00800060         0x0000ffa0         rw !x
eeprom           0x00810000         0x00010000         rw !x
fuse             0x00820000         0x00000400         rw !x
lock             0x00830000         0x00000400         rw !x
signature        0x00840000         0x00000400         rw !x
*default*        0x00000000         0xffffffff

Linker script and memory map

Address of section .data set to 0x800100
LOAD e:/program files/atmel/avr studio 5.0/avr toolchain/bin/../lib/gcc/avr/4.5.1/../../../../avr/lib/avr5/crtm324p.o
LOAD Voice Control.o
LOAD ../../CEENbot API\libcapi324v221.a
LOAD e:/program files/atmel/avr studio 5.0/avr toolchain/bin/../lib/gcc/avr/4.5.1/../../../../avr/lib/avr5\libm.a
LOAD e:/program files/atmel/avr studio 5.0/avr toolchain/bin/../lib/gcc/avr/4.5.1/avr5\libgcc.a
LOAD e:/program files/atmel/avr studio 5.0/avr toolchain/bin/../lib/gcc/avr/4.5.1/../../../../avr/lib/avr5\libc.a
LOAD e:/program files/atmel/avr studio 5.0/avr toolchain/bin/../lib/gcc/avr/4.5.1/avr5\libgcc.a

.hash
 *(.hash)

.dynsym
 *(.dynsym)

.dynstr
 *(.dynstr)

.gnu.version
 *(.gnu.version)

.gnu.version_d
 *(.gnu.version_d)

.gnu.version_r
 *(.gnu.version_r)

.rel.init
 *(.rel.init)

.rela.init
 *(.rela.init)

.rel.text
 *(.rel.text)
 *(.rel.text.*)
 *(.rel.gnu.linkonce.t*)

.rela.text
 *(.rela.text)
 *(.rela.text.*)
 *(.rela.gnu.linkonce.t*)

.rel.fini
 *(.rel.fini)

.rela.fini
 *(.rela.fini)

.rel.rodata
 *(.rel.rodata)
 *(.rel.rodata.*)
 *(.rel.gnu.linkonce.r*)

.rela.rodata
 *(.rela.rodata)
 *(.rela.rodata.*)
 *(.rela.gnu.linkonce.r*)

.rel.data
 *(.rel.data)
 *(.rel.data.*)
 *(.rel.gnu.linkonce.d*)

.rela.data
 *(.rela.data)
 *(.rela.data.*)
 *(.rela.gnu.linkonce.d*)

.rel.ctors
 *(.rel.ctors)

.rela.ctors
 *(.rela.ctors)

.rel.dtors
 *(.rel.dtors)

.rela.dtors
 *(.rela.dtors)

.rel.got
 *(.rel.got)

.rela.got
 *(.rela.got)

.rel.bss
 *(.rel.bss)

.rela.bss
 *(.rela.bss)

.rel.plt
 *(.rel.plt)

.rela.plt
 *(.rela.plt)

.text           0x00000000     0x2a68
 *(.vectors)
 .vectors       0x00000000       0x7c e:/program files/atmel/avr studio 5.0/avr toolchain/bin/../lib/gcc/avr/4.5.1/../../../../avr/lib/avr5/crtm324p.o
                0x00000000                __vector_default
                0x00000000                __vectors
 *(.vectors)
 *(.progmem.gcc*)
 .progmem.gcc_sw_table
                0x0000007c       0x26 ../../CEENbot API\libcapi324v221.a(SYS_get_state.o)
 .progmem.gcc_sw_table
                0x000000a2       0x26 ../../CEENbot API\libcapi324v221.a(SYS_set_state.o)
 .progmem.gcc_fplib
                0x000000c8       0x28 e:/program files/atmel/avr studio 5.0/avr toolchain/bin/../lib/gcc/avr/4.5.1/../../../../avr/lib/avr5\libm.a(exp.o)
 .progmem.gcc_fplib
                0x000000f0       0x5a e:/program files/atmel/avr studio 5.0/avr toolchain/bin/../lib/gcc/avr/4.5.1/../../../../avr/lib/avr5\libm.a(log.o)
 *(.progmem*)
 .progmem.data  0x0000014a      0x415 ../../CEENbot API\libcapi324v221.a(LCD_globals.o)
                0x0000014a                char_bitmap
                0x0000035f                CEENBoT_Inc_logo_bitmap
                0x00000560                . = ALIGN (0x2)
 *fill*         0x0000055f        0x1 00
                0x00000560                __trampolines_start = .
 *(.trampolines)
 .trampolines   0x00000560        0x0 linker stubs
 *(.trampolines*)
                0x00000560                __trampolines_end = .
 *(.jumptables)
 *(.jumptables*)
 *(.lowtext)
 *(.lowtext*)
                0x00000560                __ctors_start = .
 *(.ctors)
                0x00000560                __ctors_end = .
                0x00000560                __dtors_start = .
 *(.dtors)
                0x00000560                __dtors_end = .
 SORT(*)(.ctors)
 SORT(*)(.dtors)
 *(.init0)
 .init0         0x00000560        0x0 e:/program files/atmel/avr studio 5.0/avr toolchain/bin/../lib/gcc/avr/4.5.1/../../../../avr/lib/avr5/crtm324p.o
                0x00000560                __init
 *(.init0)
 *(.init1)
 *(.init1)
 *(.init2)
 .init2         0x00000560        0xc e:/program files/atmel/avr studio 5.0/avr toolchain/bin/../lib/gcc/avr/4.5.1/../../../../avr/lib/avr5/crtm324p.o
 *(.init2)
 *(.init3)
 *(.init3)
 *(.init4)
 .init4         0x0000056c       0x16 e:/program files/atmel/avr studio 5.0/avr toolchain/bin/../lib/gcc/avr/4.5.1/avr5\libgcc.a(_copy_data.o)
                0x0000056c                __do_copy_data
 .init4         0x00000582       0x10 e:/program files/atmel/avr studio 5.0/avr toolchain/bin/../lib/gcc/avr/4.5.1/avr5\libgcc.a(_clear_bss.o)
                0x00000582                __do_clear_bss
 *(.init4)
 *(.init5)
 *(.init5)
 *(.init6)
 *(.init6)
 *(.init7)
 *(.init7)
 *(.init8)
 *(.init8)
 *(.init9)
 .init9         0x00000592        0x8 e:/program files/atmel/avr studio 5.0/avr toolchain/bin/../lib/gcc/avr/4.5.1/../../../../avr/lib/avr5/crtm324p.o
 *(.init9)
 *(.text)
 .text          0x0000059a        0x4 e:/program files/atmel/avr studio 5.0/avr toolchain/bin/../lib/gcc/avr/4.5.1/../../../../avr/lib/avr5/crtm324p.o
                0x0000059a                __vector_22
                0x0000059a                __vector_28
                0x0000059a                __vector_1
                0x0000059a                __vector_24
                0x0000059a                __bad_interrupt
                0x0000059a                __vector_3
                0x0000059a                __vector_23
                0x0000059a                __vector_30
                0x0000059a                __vector_25
                0x0000059a                __vector_19
                0x0000059a                __vector_27
                0x0000059a                __vector_2
                0x0000059a                __vector_21
                0x0000059a                __vector_29
                0x0000059a                __vector_8
                0x0000059a                __vector_26
                0x0000059a                __vector_20
 .text          0x0000059e       0x1a Voice Control.o
                0x0000059e                CBOT_main
 .text          0x000005b8       0x12 ../../CEENbot API\libcapi324v221.a(CBOT_main.o)
                0x000005b8                main
 .text          0x000005ca       0x3a ../../CEENbot API\libcapi324v221.a(LCD_clear.o)
                0x000005ca                LCD_clear
 .text          0x00000604      0x102 ../../CEENbot API\libcapi324v221.a(LCD_open.o)
                0x00000604                LCD_open
 .text          0x00000706       0x42 ../../CEENbot API\libcapi324v221.a(LCD_set_backlight.o)
                0x00000706                LCD_set_backlight
 .text          0x00000748        0xe ../../CEENbot API\libcapi324v221.a(LCD_set_next_PGC.o)
                0x00000748                LCD_set_next_PGC
 .text          0x00000756       0x32 ../../CEENbot API\libcapi324v221.a(LCD_set_PGC_addr.o)
                0x00000756                LCD_set_PGC_addr
 .text          0x00000788       0x36 ../../CEENbot API\libcapi324v221.a(LCD_write.o)
                0x00000788                LCD_write
 .text          0x000007be       0xa2 ../../CEENbot API\libcapi324v221.a(SPI_set_slave_addr.o)
                0x000007be                SPI_set_slave_addr
 .text          0x00000860       0x1e ../../CEENbot API\libcapi324v221.a(SPI_transmit.o)
                0x00000860                SPI_transmit
 .text          0x0000087e       0x90 ../../CEENbot API\libcapi324v221.a(SYS_get_state.o)
                0x0000087e                SYS_get_state
 .text          0x0000090e        0x0 ../../CEENbot API\libcapi324v221.a(SYS_globals.o)
 .text          0x0000090e       0x8e ../../CEENbot API\libcapi324v221.a(SYS_set_state.o)
                0x0000090e                SYS_set_state
 .text          0x0000099c       0x1c ../../CEENbot API\libcapi324v221.a(CBOT_init.o)
                0x0000099c                CBOT_init
 .text          0x000009b8      0x480 ../../CEENbot API\libcapi324v221.a(CBOT_isr.o)
                0x000009b8                CBOT_ISR_init
                0x000009bc                __vector_16
                0x00000a0e                __vector_17
                0x00000a60                __vector_18
                0x00000ab2                __vector_9
                0x00000b04                __vector_10
                0x00000b56                __vector_11
                0x00000ba8                __vector_13
                0x00000bfa                __vector_14
                0x00000c4c                __vector_12
                0x00000c9e                __vector_15
                0x00000cf0                __vector_4
                0x00000d42                __vector_5
                0x00000d94                __vector_6
                0x00000de6                __vector_7
 .text          0x00000e38        0x0 ../../CEENbot API\libcapi324v221.a(ISR_globals.o)
 .text          0x00000e38       0x28 ../../CEENbot API\libcapi324v221.a(ISR_open.o)
                0x00000e38                ISR_open
 .text          0x00000e60        0x0 ../../CEENbot API\libcapi324v221.a(LCD_globals.o)
 .text          0x00000e60        0x4 ../../CEENbot API\libcapi324v221.a(__LCD_init.o)
                0x00000e60                __LCD_init
 .text          0x00000e64      0x15a ../../CEENbot API\libcapi324v221.a(__LCD_putchar.o)
                0x00000e64                __LCD_putchar
 .text          0x00000fbe       0x24 ../../CEENbot API\libcapi324v221.a(ATMEGA_open.o)
                0x00000fbe                ATMEGA_open
 .text          0x00000fe2       0xa6 ../../CEENbot API\libcapi324v221.a(ATMEGA_set_clk_mode.o)
                0x00000fe2                ATMEGA_set_clk_mode
 .text          0x00001088        0x0 ../../CEENbot API\libcapi324v221.a(SPI_globals.o)
 .text          0x00001088       0x72 ../../CEENbot API\libcapi324v221.a(SPI_open.o)
                0x00001088                SPI_open
 .text          0x000010fa       0x12 ../../CEENbot API\libcapi324v221.a(SPI_set_config_func.o)
                0x000010fa                SPI_set_config_func
 .text          0x0000110c       0x72 ../../CEENbot API\libcapi324v221.a(SPKR_close.o)
                0x0000110c                __SPKR_close_beep_mode
                0x00001128                __SPKR_close_tone_mode
                0x0000116a                SPKR_close
 .text          0x0000117e        0x0 ../../CEENbot API\libcapi324v221.a(SPKR_globals.o)
 .text          0x0000117e      0x13c ../../CEENbot API\libcapi324v221.a(SPKR_open.o)
                0x0000117e                __SPKR_set_up_freq_LUT
                0x0000121c                __SPKR_open_beep_mode
                0x00001248                __SPKR_open_tone_mode
                0x000012a0                SPKR_open
 .text          0x000012ba       0x9a ../../CEENbot API\libcapi324v221.a(SPKR_play_beep.o)
                0x000012ba                SPKR_play_beep
 .text          0x00001354        0xc ../../CEENbot API\libcapi324v221.a(__SPKR_stop.o)
                0x00001354                __SPKR_stop
 .text          0x00001360       0x46 ../../CEENbot API\libcapi324v221.a(SYS_init.o)
                0x00001360                SYS_init
 .text          0x000013a6       0x9e ../../CEENbot API\libcapi324v221.a(ATTINY_open.o)
                0x000013a6                ATTINY_open
 .text          0x00001444       0x42 ../../CEENbot API\libcapi324v221.a(TMRSRVC_delay.o)
                0x00001444                TMRSRVC_delay
 .text          0x00001486       0x7c ../../CEENbot API\libcapi324v221.a(TMRSRVC_new.o)
                0x00001486                TMRSRVC_new
 .text          0x00001502       0x3e ../../CEENbot API\libcapi324v221.a(TMRSRVC_open.o)
                0x00001502                TMRSRVC_open
 .text          0x00001540        0xc ../../CEENbot API\libcapi324v221.a(__TMRSRVC_start.o)
                0x00001540                __TMRSRVC_start
 .text          0x0000154c       0x22 ../../CEENbot API\libcapi324v221.a(__ISR_attach.o)
                0x0000154c                __ISR_attach
 .text          0x0000156e       0x28 ../../CEENbot API\libcapi324v221.a(ISR_attach.o)
                0x0000156e                ISR_attach
 .text          0x00001596        0x6 ../../CEENbot API\libcapi324v221.a(__ATMEGA_init.o)
                0x00001596                __ATMEGA_init
 .text          0x0000159c       0x52 ../../CEENbot API\libcapi324v221.a(SPI_cfgrs.o)
                0x0000159c                SPI_default_config
                0x000015ac                SPI_ATtiny0_config
                0x000015bc                SPI_PSXC_config
                0x000015cc                SPI_LCD_config
                0x000015dc                SPI_FLASH_config
 .text          0x000015ee        0xe ../../CEENbot API\libcapi324v221.a(__SPI_init.o)
                0x000015ee                __SPI_init
 .text          0x000015fc        0x6 ../../CEENbot API\libcapi324v221.a(ISR__SPKR__TIMER1_COMPA_vect.o)
                0x000015fc                __SPKR_TIMER1_COMPA_vect
 .text          0x00001602       0x2e ../../CEENbot API\libcapi324v221.a(SPKR_beep.o)
                0x00001602                SPKR_beep
 .text          0x00001630       0x82 ../../CEENbot API\libcapi324v221.a(SPKR_clk.o)
                0x00001630                SPKR_clk
 .text          0x000016b2       0x38 ../../CEENbot API\libcapi324v221.a(__SPKR_close.o)
                0x000016b2                __SPKR_close
 .text          0x000016ea       0x54 ../../CEENbot API\libcapi324v221.a(__SPKR_init.o)
                0x000016ea                __SPKR_init
 .text          0x0000173e        0x0 ../../CEENbot API\libcapi324v221.a(ATTINY_globals.o)
 .text          0x0000173e        0xe ../../CEENbot API\libcapi324v221.a(ISR__TIMER0_COMPA_vect.o)
                0x0000173e                __TIMER0_COMPA_vect
 .text          0x0000174c        0x0 ../../CEENbot API\libcapi324v221.a(TMRSRVC_globals.o)
 .text          0x0000174c       0x12 ../../CEENbot API\libcapi324v221.a(__TMRSRVC_init.o)
                0x0000174c                __TMRSRVC_init
 .text          0x0000175e       0xd2 ../../CEENbot API\libcapi324v221.a(__TMRSRVC_insert.o)
                0x0000175e                TMRSRVC_insert
 .text          0x00001830        0x8 ../../CEENbot API\libcapi324v221.a(TMRSRVC_start.o)
                0x00001830                TMRSRVC_start
 .text          0x00001838       0x32 ../../CEENbot API\libcapi324v221.a(TMRSRVC_tick.o)
                0x00001838                TMRSRVC_tick
 .text          0x0000186a       0x4e ../../CEENbot API\libcapi324v221.a(SPKR_beep_clk.o)
                0x0000186a                SPKR_beep_clk
 .text          0x000018b8      0x162 ../../CEENbot API\libcapi324v221.a(STEPPER_clk.o)
                0x000018b8                STEPPER_clk
 .text          0x00001a1a        0x0 ../../CEENbot API\libcapi324v221.a(STEPPER_globals.o)
 .text          0x00001a1a       0x8a ../../CEENbot API\libcapi324v221.a(STEPPER_process_accel.o)
                0x00001a1a                STEPPER_process_accel
 .text          0x00001aa4      0x206 ../../CEENbot API\libcapi324v221.a(STEPPER_process_run_mode.o)
                0x00001aa4                STEPPER_process_run_mode
 .text          0x00001caa       0xa8 ../../CEENbot API\libcapi324v221.a(STEPPER_process_step_mode.o)
                0x00001caa                STEPPER_process_step_mode
 .text          0x00001d52       0x44 ../../CEENbot API\libcapi324v221.a(STEPPER_set_speed.o)
                0x00001d52                STEPPER_set_speed
 .text          0x00001d96       0x4a ../../CEENbot API\libcapi324v221.a(STEPPER_stop.o)
                0x00001d96                STEPPER_stop
 .text          0x00001de0       0xd6 ../../CEENbot API\libcapi324v221.a(TMRSRVC_process.o)
                0x00001de0                TMRSRVC_process
 .text          0x00001eb6        0x6 ../../CEENbot API\libcapi324v221.a(TMRSRVC_stop.o)
                0x00001eb6                TMRSRVC_stop
 .text          0x00001ebc      0x130 ../../CEENbot API\libcapi324v221.a(STEPPER_process_pwm.o)
                0x00001ebc                STEPPER_process_pwm
 .text          0x00001fec       0x36 ../../CEENbot API\libcapi324v221.a(STEPPER_set_steps.o)
                0x00001fec                STEPPER_set_steps
 .text          0x00002022        0x0 e:/program files/atmel/avr studio 5.0/avr toolchain/bin/../lib/gcc/avr/4.5.1/../../../../avr/lib/avr5\libm.a(divsf3.o)
 .text          0x00002022        0x0 e:/program files/atmel/avr studio 5.0/avr toolchain/bin/../lib/gcc/avr/4.5.1/../../../../avr/lib/avr5\libm.a(divsf3x.o)
 .text          0x00002022        0x0 e:/program files/atmel/avr studio 5.0/avr toolchain/bin/../lib/gcc/avr/4.5.1/../../../../avr/lib/avr5\libm.a(floatsisf.o)
 .text          0x00002022        0x0 e:/program files/atmel/avr studio 5.0/avr toolchain/bin/../lib/gcc/avr/4.5.1/../../../../avr/lib/avr5\libm.a(fp_inf.o)
 .text          0x00002022        0x0 e:/program files/atmel/avr studio 5.0/avr toolchain/bin/../lib/gcc/avr/4.5.1/../../../../avr/lib/avr5\libm.a(fp_nan.o)
 .text          0x00002022        0x0 e:/program files/atmel/avr studio 5.0/avr toolchain/bin/../lib/gcc/avr/4.5.1/../../../../avr/lib/avr5\libm.a(fp_pscA.o)
 .text          0x00002022        0x0 e:/program files/atmel/avr studio 5.0/avr toolchain/bin/../lib/gcc/avr/4.5.1/../../../../avr/lib/avr5\libm.a(fp_pscB.o)
 .text          0x00002022        0x0 e:/program files/atmel/avr studio 5.0/avr toolchain/bin/../lib/gcc/avr/4.5.1/../../../../avr/lib/avr5\libm.a(fp_round.o)
 .text          0x00002022        0x0 e:/program files/atmel/avr studio 5.0/avr toolchain/bin/../lib/gcc/avr/4.5.1/../../../../avr/lib/avr5\libm.a(fp_split3.o)
 .text          0x00002022        0x0 e:/program files/atmel/avr studio 5.0/avr toolchain/bin/../lib/gcc/avr/4.5.1/../../../../avr/lib/avr5\libm.a(fp_zero.o)
 .text          0x00002022        0x0 e:/program files/atmel/avr studio 5.0/avr toolchain/bin/../lib/gcc/avr/4.5.1/../../../../avr/lib/avr5\libm.a(lrint.o)
 .text          0x00002022        0x0 e:/program files/atmel/avr studio 5.0/avr toolchain/bin/../lib/gcc/avr/4.5.1/../../../../avr/lib/avr5\libm.a(mulsf3.o)
 .text          0x00002022        0x0 e:/program files/atmel/avr studio 5.0/avr toolchain/bin/../lib/gcc/avr/4.5.1/../../../../avr/lib/avr5\libm.a(mulsf3x.o)
 .text          0x00002022        0x0 e:/program files/atmel/avr studio 5.0/avr toolchain/bin/../lib/gcc/avr/4.5.1/../../../../avr/lib/avr5\libm.a(pow.o)
 .text          0x00002022        0x0 e:/program files/atmel/avr studio 5.0/avr toolchain/bin/../lib/gcc/avr/4.5.1/../../../../avr/lib/avr5\libm.a(exp.o)
 .text          0x00002022        0x0 e:/program files/atmel/avr studio 5.0/avr toolchain/bin/../lib/gcc/avr/4.5.1/../../../../avr/lib/avr5\libm.a(fp_powser.o)
 .text          0x00002022        0x0 e:/program files/atmel/avr studio 5.0/avr toolchain/bin/../lib/gcc/avr/4.5.1/../../../../avr/lib/avr5\libm.a(inverse.o)
 .text          0x00002022        0x0 e:/program files/atmel/avr studio 5.0/avr toolchain/bin/../lib/gcc/avr/4.5.1/../../../../avr/lib/avr5\libm.a(ldexp.o)
 .text          0x00002022        0x0 e:/program files/atmel/avr studio 5.0/avr toolchain/bin/../lib/gcc/avr/4.5.1/../../../../avr/lib/avr5\libm.a(log.o)
 .text          0x00002022        0x0 e:/program files/atmel/avr studio 5.0/avr toolchain/bin/../lib/gcc/avr/4.5.1/../../../../avr/lib/avr5\libm.a(modf.o)
 .text          0x00002022        0x0 e:/program files/atmel/avr studio 5.0/avr toolchain/bin/../lib/gcc/avr/4.5.1/../../../../avr/lib/avr5\libm.a(addsf3.o)
 .text          0x00002022        0x0 e:/program files/atmel/avr studio 5.0/avr toolchain/bin/../lib/gcc/avr/4.5.1/../../../../avr/lib/avr5\libm.a(addsf3x.o)
 .text          0x00002022        0x0 e:/program files/atmel/avr studio 5.0/avr toolchain/bin/../lib/gcc/avr/4.5.1/../../../../avr/lib/avr5\libm.a(fp_mpack.o)
 .text          0x00002022        0x0 e:/program files/atmel/avr studio 5.0/avr toolchain/bin/../lib/gcc/avr/4.5.1/avr5\libgcc.a(_mulsi3.o)
 .text          0x00002022        0x0 e:/program files/atmel/avr studio 5.0/avr toolchain/bin/../lib/gcc/avr/4.5.1/avr5\libgcc.a(_udivmodsi4.o)
 .text          0x00002022        0x0 e:/program files/atmel/avr studio 5.0/avr toolchain/bin/../lib/gcc/avr/4.5.1/avr5\libgcc.a(_exit.o)
 .text          0x00002022        0x0 e:/program files/atmel/avr studio 5.0/avr toolchain/bin/../lib/gcc/avr/4.5.1/avr5\libgcc.a(_copy_data.o)
 .text          0x00002022        0x0 e:/program files/atmel/avr studio 5.0/avr toolchain/bin/../lib/gcc/avr/4.5.1/avr5\libgcc.a(_clear_bss.o)
 .text          0x00002022        0x0 e:/program files/atmel/avr studio 5.0/avr toolchain/bin/../lib/gcc/avr/4.5.1/../../../../avr/lib/avr5\libc.a(malloc.o)
 .text          0x00002022        0x0 e:/program files/atmel/avr studio 5.0/avr toolchain/bin/../lib/gcc/avr/4.5.1/../../../../avr/lib/avr5\libc.a(iob.o)
 .text          0x00002022        0x0 e:/program files/atmel/avr studio 5.0/avr toolchain/bin/../lib/gcc/avr/4.5.1/../../../../avr/lib/avr5\libc.a(puts.o)
 .text          0x00002022        0x0 e:/program files/atmel/avr studio 5.0/avr toolchain/bin/../lib/gcc/avr/4.5.1/avr5\libgcc.a(_epilogue.o)
                0x00002022                . = ALIGN (0x2)
 *(.text.*)
 .text.avr-libc.fplib
                0x00002022        0x4 e:/program files/atmel/avr studio 5.0/avr toolchain/bin/../lib/gcc/avr/4.5.1/../../../../avr/lib/avr5\libm.a(divsf3.o)
                0x00002022                __divsf3
 .text.avr-libc.fplib
                0x00002026       0xcc e:/program files/atmel/avr studio 5.0/avr toolchain/bin/../lib/gcc/avr/4.5.1/../../../../avr/lib/avr5\libm.a(divsf3x.o)
                0x0000203c                __divsf3x
                0x00002040                __divsf3_pse
 .text.avr-libc.fplib
                0x000020f2       0x7a e:/program files/atmel/avr studio 5.0/avr toolchain/bin/../lib/gcc/avr/4.5.1/../../../../avr/lib/avr5\libm.a(floatsisf.o)
                0x000020f2                __floatunsisf
                0x000020f6                __floatsisf
 .text.avr-libc.fplib
                0x0000216c        0xc e:/program files/atmel/avr studio 5.0/avr toolchain/bin/../lib/gcc/avr/4.5.1/../../../../avr/lib/avr5\libm.a(fp_inf.o)
                0x0000216c                __fp_inf
 .text.avr-libc.fplib
                0x00002178        0x6 e:/program files/atmel/avr studio 5.0/avr toolchain/bin/../lib/gcc/avr/4.5.1/../../../../avr/lib/avr5\libm.a(fp_nan.o)
                0x00002178                __fp_nan
 .text.avr-libc.fplib
                0x0000217e        0xe e:/program files/atmel/avr studio 5.0/avr toolchain/bin/../lib/gcc/avr/4.5.1/../../../../avr/lib/avr5\libm.a(fp_pscA.o)
                0x0000217e                __fp_pscA
 .text.avr-libc.fplib
                0x0000218c        0xe e:/program files/atmel/avr studio 5.0/avr toolchain/bin/../lib/gcc/avr/4.5.1/../../../../avr/lib/avr5\libm.a(fp_pscB.o)
                0x0000218c                __fp_pscB
 .text.avr-libc.fplib
                0x0000219a       0x22 e:/program files/atmel/avr studio 5.0/avr toolchain/bin/../lib/gcc/avr/4.5.1/../../../../avr/lib/avr5\libm.a(fp_round.o)
                0x0000219a                __fp_round
 .text.avr-libc.fplib
                0x000021bc       0x44 e:/program files/atmel/avr studio 5.0/avr toolchain/bin/../lib/gcc/avr/4.5.1/../../../../avr/lib/avr5\libm.a(fp_split3.o)
                0x000021bc                __fp_split3
                0x000021cc                __fp_splitA
 .text.avr-libc.fplib
                0x00002200        0xe e:/program files/atmel/avr studio 5.0/avr toolchain/bin/../lib/gcc/avr/4.5.1/../../../../avr/lib/avr5\libm.a(fp_zero.o)
                0x00002200                __fp_zero
                0x00002202                __fp_szero
 .text.avr-libc.fplib
                0x0000220e       0x74 e:/program files/atmel/avr studio 5.0/avr toolchain/bin/../lib/gcc/avr/4.5.1/../../../../avr/lib/avr5\libm.a(lrint.o)
                0x0000220e                lrint
 .text.avr-libc.fplib
                0x00002282        0x4 e:/program files/atmel/avr studio 5.0/avr toolchain/bin/../lib/gcc/avr/4.5.1/../../../../avr/lib/avr5\libm.a(mulsf3.o)
                0x00002282                __mulsf3
 .text.avr-libc.fplib
                0x00002286       0xc2 e:/program files/atmel/avr studio 5.0/avr toolchain/bin/../lib/gcc/avr/4.5.1/../../../../avr/lib/avr5\libm.a(mulsf3x.o)
                0x0000229a                __mulsf3x
                0x0000229e                __mulsf3_pse
 .text.avr-libc.fplib
                0x00002348       0x98 e:/program files/atmel/avr studio 5.0/avr toolchain/bin/../lib/gcc/avr/4.5.1/../../../../avr/lib/avr5\libm.a(pow.o)
                0x00002348                pow
 .text.avr-libc.fplib
                0x000023e0       0x62 e:/program files/atmel/avr studio 5.0/avr toolchain/bin/../lib/gcc/avr/4.5.1/../../../../avr/lib/avr5\libm.a(exp.o)
                0x000023ea                exp
 .text.avr-libc.fplib
                0x00002442       0x4a e:/program files/atmel/avr studio 5.0/avr toolchain/bin/../lib/gcc/avr/4.5.1/../../../../avr/lib/avr5\libm.a(fp_powser.o)
                0x00002442                __fp_powser
 .text.avr-libc.fplib
                0x0000248c        0xe e:/program files/atmel/avr studio 5.0/avr toolchain/bin/../lib/gcc/avr/4.5.1/../../../../avr/lib/avr5\libm.a(inverse.o)
                0x0000248c                inverse
 .text.avr-libc.fplib
                0x0000249a       0x6c e:/program files/atmel/avr studio 5.0/avr toolchain/bin/../lib/gcc/avr/4.5.1/../../../../avr/lib/avr5\libm.a(ldexp.o)
                0x0000249e                ldexp
 .text.avr-libc.fplib
                0x00002506       0x8a e:/program files/atmel/avr studio 5.0/avr toolchain/bin/../lib/gcc/avr/4.5.1/../../../../avr/lib/avr5\libm.a(log.o)
                0x00002510                log
 .text.avr-libc.fplib
                0x00002590       0x66 e:/program files/atmel/avr studio 5.0/avr toolchain/bin/../lib/gcc/avr/4.5.1/../../../../avr/lib/avr5\libm.a(modf.o)
                0x00002590                modf
                0x00002590                modff
 .text.avr-libc.fplib
                0x000025f6        0xa e:/program files/atmel/avr studio 5.0/avr toolchain/bin/../lib/gcc/avr/4.5.1/../../../../avr/lib/avr5\libm.a(addsf3.o)
                0x000025f6                __subsf3
                0x000025f8                __addsf3
 .text.avr-libc.fplib
                0x00002600       0xc0 e:/program files/atmel/avr studio 5.0/avr toolchain/bin/../lib/gcc/avr/4.5.1/../../../../avr/lib/avr5\libm.a(addsf3x.o)
                0x0000261a                __addsf3x
 .text.avr-libc.fplib
                0x000026c0       0x1c e:/program files/atmel/avr studio 5.0/avr toolchain/bin/../lib/gcc/avr/4.5.1/../../../../avr/lib/avr5\libm.a(fp_mpack.o)
                0x000026c0                __fp_mpack
                0x000026c4                __fp_mpack_finite
 .text.libgcc   0x000026dc       0x3e e:/program files/atmel/avr studio 5.0/avr toolchain/bin/../lib/gcc/avr/4.5.1/avr5\libgcc.a(_mulsi3.o)
                0x000026dc                __mulsi3
 .text.libgcc   0x0000271a       0x44 e:/program files/atmel/avr studio 5.0/avr toolchain/bin/../lib/gcc/avr/4.5.1/avr5\libgcc.a(_udivmodsi4.o)
                0x0000271a                __udivmodsi4
 .text.libgcc   0x0000275e        0x0 e:/program files/atmel/avr studio 5.0/avr toolchain/bin/../lib/gcc/avr/4.5.1/avr5\libgcc.a(_exit.o)
 .text.libgcc   0x0000275e        0x0 e:/program files/atmel/avr studio 5.0/avr toolchain/bin/../lib/gcc/avr/4.5.1/avr5\libgcc.a(_copy_data.o)
 .text.libgcc   0x0000275e        0x0 e:/program files/atmel/avr studio 5.0/avr toolchain/bin/../lib/gcc/avr/4.5.1/avr5\libgcc.a(_clear_bss.o)
 .text.avr-libc
                0x0000275e      0x266 e:/program files/atmel/avr studio 5.0/avr toolchain/bin/../lib/gcc/avr/4.5.1/../../../../avr/lib/avr5\libc.a(malloc.o)
                0x0000275e                malloc
                0x00002892                free
 .text.avr-libc
                0x000029c4       0x6a e:/program files/atmel/avr studio 5.0/avr toolchain/bin/../lib/gcc/avr/4.5.1/../../../../avr/lib/avr5\libc.a(puts.o)
                0x000029c4                puts
 .text.libgcc   0x00002a2e       0x36 e:/program files/atmel/avr studio 5.0/avr toolchain/bin/../lib/gcc/avr/4.5.1/avr5\libgcc.a(_epilogue.o)
                0x00002a2e                __epilogue_restores__
                0x00002a64                . = ALIGN (0x2)
 *(.fini9)
 .fini9         0x00002a64        0x0 e:/program files/atmel/avr studio 5.0/avr toolchain/bin/../lib/gcc/avr/4.5.1/avr5\libgcc.a(_exit.o)
                0x00002a64                _exit
                0x00002a64                exit
 *(.fini9)
 *(.fini8)
 *(.fini8)
 *(.fini7)
 *(.fini7)
 *(.fini6)
 *(.fini6)
 *(.fini5)
 *(.fini5)
 *(.fini4)
 *(.fini4)
 *(.fini3)
 *(.fini3)
 *(.fini2)
 *(.fini2)
 *(.fini1)
 *(.fini1)
 *(.fini0)
 .fini0         0x00002a64        0x4 e:/program files/atmel/avr studio 5.0/avr toolchain/bin/../lib/gcc/avr/4.5.1/avr5\libgcc.a(_exit.o)
 *(.fini0)
                0x00002a68                _etext = .

.data           0x00800100       0x62 load address 0x00002a68
                0x00800100                PROVIDE (__data_start, .)
 *(.data)
 .data          0x00800100        0x0 e:/program files/atmel/avr studio 5.0/avr toolchain/bin/../lib/gcc/avr/4.5.1/../../../../avr/lib/avr5/crtm324p.o
 .data          0x00800100        0xe Voice Control.o
 .data          0x0080010e        0x0 ../../CEENbot API\libcapi324v221.a(CBOT_main.o)
 .data          0x0080010e        0x0 ../../CEENbot API\libcapi324v221.a(LCD_clear.o)
 .data          0x0080010e        0x0 ../../CEENbot API\libcapi324v221.a(LCD_open.o)
 .data          0x0080010e        0x0 ../../CEENbot API\libcapi324v221.a(LCD_set_backlight.o)
 .data          0x0080010e        0x0 ../../CEENbot API\libcapi324v221.a(LCD_set_next_PGC.o)
 .data          0x0080010e        0x0 ../../CEENbot API\libcapi324v221.a(LCD_set_PGC_addr.o)
 .data          0x0080010e        0x0 ../../CEENbot API\libcapi324v221.a(LCD_write.o)
 .data          0x0080010e        0x0 ../../CEENbot API\libcapi324v221.a(SPI_set_slave_addr.o)
 .data          0x0080010e        0x0 ../../CEENbot API\libcapi324v221.a(SPI_transmit.o)
 .data          0x0080010e        0x0 ../../CEENbot API\libcapi324v221.a(SYS_get_state.o)
 .data          0x0080010e        0x0 ../../CEENbot API\libcapi324v221.a(SYS_globals.o)
 .data          0x0080010e        0x0 ../../CEENbot API\libcapi324v221.a(SYS_set_state.o)
 .data          0x0080010e        0x0 ../../CEENbot API\libcapi324v221.a(CBOT_init.o)
 .data          0x0080010e        0x0 ../../CEENbot API\libcapi324v221.a(CBOT_isr.o)
 .data          0x0080010e        0x0 ../../CEENbot API\libcapi324v221.a(ISR_globals.o)
 .data          0x0080010e        0x0 ../../CEENbot API\libcapi324v221.a(ISR_open.o)
 .data          0x0080010e        0xe ../../CEENbot API\libcapi324v221.a(LCD_globals.o)
                0x0080010e                LCD_stdout
 .data          0x0080011c        0x0 ../../CEENbot API\libcapi324v221.a(__LCD_init.o)
 .data          0x0080011c        0x0 ../../CEENbot API\libcapi324v221.a(__LCD_putchar.o)
 .data          0x0080011c        0x0 ../../CEENbot API\libcapi324v221.a(ATMEGA_open.o)
 .data          0x0080011c        0x0 ../../CEENbot API\libcapi324v221.a(ATMEGA_set_clk_mode.o)
 .data          0x0080011c        0x0 ../../CEENbot API\libcapi324v221.a(SPI_globals.o)
 .data          0x0080011c        0x0 ../../CEENbot API\libcapi324v221.a(SPI_open.o)
 .data          0x0080011c        0x0 ../../CEENbot API\libcapi324v221.a(SPI_set_config_func.o)
 .data          0x0080011c        0x0 ../../CEENbot API\libcapi324v221.a(SPKR_close.o)
 .data          0x0080011c       0x38 ../../CEENbot API\libcapi324v221.a(SPKR_globals.o)
                0x0080011c                note_LUT
                0x0080014c                diatonic_LUT
 .data          0x00800154        0x0 ../../CEENbot API\libcapi324v221.a(SPKR_open.o)
 .data          0x00800154        0x0 ../../CEENbot API\libcapi324v221.a(SPKR_play_beep.o)
 .data          0x00800154        0x0 ../../CEENbot API\libcapi324v221.a(__SPKR_stop.o)
 .data          0x00800154        0x0 ../../CEENbot API\libcapi324v221.a(SYS_init.o)
 .data          0x00800154        0x0 ../../CEENbot API\libcapi324v221.a(ATTINY_open.o)
 .data          0x00800154        0x0 ../../CEENbot API\libcapi324v221.a(TMRSRVC_delay.o)
 .data          0x00800154        0x0 ../../CEENbot API\libcapi324v221.a(TMRSRVC_new.o)
 .data          0x00800154        0x0 ../../CEENbot API\libcapi324v221.a(TMRSRVC_open.o)
 .data          0x00800154        0x0 ../../CEENbot API\libcapi324v221.a(__TMRSRVC_start.o)
 .data          0x00800154        0x0 ../../CEENbot API\libcapi324v221.a(__ISR_attach.o)
 .data          0x00800154        0x0 ../../CEENbot API\libcapi324v221.a(ISR_attach.o)
 .data          0x00800154        0x0 ../../CEENbot API\libcapi324v221.a(__ATMEGA_init.o)
 .data          0x00800154        0x0 ../../CEENbot API\libcapi324v221.a(SPI_cfgrs.o)
 .data          0x00800154        0x0 ../../CEENbot API\libcapi324v221.a(__SPI_init.o)
 .data          0x00800154        0x0 ../../CEENbot API\libcapi324v221.a(ISR__SPKR__TIMER1_COMPA_vect.o)
 .data          0x00800154        0x0 ../../CEENbot API\libcapi324v221.a(SPKR_beep.o)
 .data          0x00800154        0x0 ../../CEENbot API\libcapi324v221.a(SPKR_clk.o)
 .data          0x00800154        0x0 ../../CEENbot API\libcapi324v221.a(__SPKR_close.o)
 .data          0x00800154        0x0 ../../CEENbot API\libcapi324v221.a(__SPKR_init.o)
 .data          0x00800154        0x0 ../../CEENbot API\libcapi324v221.a(ATTINY_globals.o)
 .data          0x00800154        0x0 ../../CEENbot API\libcapi324v221.a(ISR__TIMER0_COMPA_vect.o)
 .data          0x00800154        0x0 ../../CEENbot API\libcapi324v221.a(TMRSRVC_globals.o)
 .data          0x00800154        0x0 ../../CEENbot API\libcapi324v221.a(__TMRSRVC_init.o)
 .data          0x00800154        0x0 ../../CEENbot API\libcapi324v221.a(__TMRSRVC_insert.o)
 .data          0x00800154        0x0 ../../CEENbot API\libcapi324v221.a(TMRSRVC_start.o)
 .data          0x00800154        0x0 ../../CEENbot API\libcapi324v221.a(TMRSRVC_tick.o)
 .data          0x00800154        0x0 ../../CEENbot API\libcapi324v221.a(SPKR_beep_clk.o)
 .data          0x00800154        0x0 ../../CEENbot API\libcapi324v221.a(STEPPER_clk.o)
 .data          0x00800154        0x8 ../../CEENbot API\libcapi324v221.a(STEPPER_globals.o)
                0x00800154                Motor_L_LUT
                0x00800158                Motor_R_LUT
 .data          0x0080015c        0x0 ../../CEENbot API\libcapi324v221.a(STEPPER_process_accel.o)
 .data          0x0080015c        0x0 ../../CEENbot API\libcapi324v221.a(STEPPER_process_run_mode.o)
 .data          0x0080015c        0x0 ../../CEENbot API\libcapi324v221.a(STEPPER_process_step_mode.o)
 .data          0x0080015c        0x0 ../../CEENbot API\libcapi324v221.a(STEPPER_set_speed.o)
 .data          0x0080015c        0x0 ../../CEENbot API\libcapi324v221.a(STEPPER_stop.o)
 .data          0x0080015c        0x0 ../../CEENbot API\libcapi324v221.a(TMRSRVC_process.o)
 .data          0x0080015c        0x0 ../../CEENbot API\libcapi324v221.a(TMRSRVC_stop.o)
 .data          0x0080015c        0x0 ../../CEENbot API\libcapi324v221.a(STEPPER_process_pwm.o)
 .data          0x0080015c        0x0 ../../CEENbot API\libcapi324v221.a(STEPPER_set_steps.o)
 .data          0x0080015c        0x0 e:/program files/atmel/avr studio 5.0/avr toolchain/bin/../lib/gcc/avr/4.5.1/../../../../avr/lib/avr5\libm.a(divsf3.o)
 .data          0x0080015c        0x0 e:/program files/atmel/avr studio 5.0/avr toolchain/bin/../lib/gcc/avr/4.5.1/../../../../avr/lib/avr5\libm.a(divsf3x.o)
 .data          0x0080015c        0x0 e:/program files/atmel/avr studio 5.0/avr toolchain/bin/../lib/gcc/avr/4.5.1/../../../../avr/lib/avr5\libm.a(floatsisf.o)
 .data          0x0080015c        0x0 e:/program files/atmel/avr studio 5.0/avr toolchain/bin/../lib/gcc/avr/4.5.1/../../../../avr/lib/avr5\libm.a(fp_inf.o)
 .data          0x0080015c        0x0 e:/program files/atmel/avr studio 5.0/avr toolchain/bin/../lib/gcc/avr/4.5.1/../../../../avr/lib/avr5\libm.a(fp_nan.o)
 .data          0x0080015c        0x0 e:/program files/atmel/avr studio 5.0/avr toolchain/bin/../lib/gcc/avr/4.5.1/../../../../avr/lib/avr5\libm.a(fp_pscA.o)
 .data          0x0080015c        0x0 e:/program files/atmel/avr studio 5.0/avr toolchain/bin/../lib/gcc/avr/4.5.1/../../../../avr/lib/avr5\libm.a(fp_pscB.o)
 .data          0x0080015c        0x0 e:/program files/atmel/avr studio 5.0/avr toolchain/bin/../lib/gcc/avr/4.5.1/../../../../avr/lib/avr5\libm.a(fp_round.o)
 .data          0x0080015c        0x0 e:/program files/atmel/avr studio 5.0/avr toolchain/bin/../lib/gcc/avr/4.5.1/../../../../avr/lib/avr5\libm.a(fp_split3.o)
 .data          0x0080015c        0x0 e:/program files/atmel/avr studio 5.0/avr toolchain/bin/../lib/gcc/avr/4.5.1/../../../../avr/lib/avr5\libm.a(fp_zero.o)
 .data          0x0080015c        0x0 e:/program files/atmel/avr studio 5.0/avr toolchain/bin/../lib/gcc/avr/4.5.1/../../../../avr/lib/avr5\libm.a(lrint.o)
 .data          0x0080015c        0x0 e:/program files/atmel/avr studio 5.0/avr toolchain/bin/../lib/gcc/avr/4.5.1/../../../../avr/lib/avr5\libm.a(mulsf3.o)
 .data          0x0080015c        0x0 e:/program files/atmel/avr studio 5.0/avr toolchain/bin/../lib/gcc/avr/4.5.1/../../../../avr/lib/avr5\libm.a(mulsf3x.o)
 .data          0x0080015c        0x0 e:/program files/atmel/avr studio 5.0/avr toolchain/bin/../lib/gcc/avr/4.5.1/../../../../avr/lib/avr5\libm.a(pow.o)
 .data          0x0080015c        0x0 e:/program files/atmel/avr studio 5.0/avr toolchain/bin/../lib/gcc/avr/4.5.1/../../../../avr/lib/avr5\libm.a(exp.o)
 .data          0x0080015c        0x0 e:/program files/atmel/avr studio 5.0/avr toolchain/bin/../lib/gcc/avr/4.5.1/../../../../avr/lib/avr5\libm.a(fp_powser.o)
 .data          0x0080015c        0x0 e:/program files/atmel/avr studio 5.0/avr toolchain/bin/../lib/gcc/avr/4.5.1/../../../../avr/lib/avr5\libm.a(inverse.o)
 .data          0x0080015c        0x0 e:/program files/atmel/avr studio 5.0/avr toolchain/bin/../lib/gcc/avr/4.5.1/../../../../avr/lib/avr5\libm.a(ldexp.o)
 .data          0x0080015c        0x0 e:/program files/atmel/avr studio 5.0/avr toolchain/bin/../lib/gcc/avr/4.5.1/../../../../avr/lib/avr5\libm.a(log.o)
 .data          0x0080015c        0x0 e:/program files/atmel/avr studio 5.0/avr toolchain/bin/../lib/gcc/avr/4.5.1/../../../../avr/lib/avr5\libm.a(modf.o)
 .data          0x0080015c        0x0 e:/program files/atmel/avr studio 5.0/avr toolchain/bin/../lib/gcc/avr/4.5.1/../../../../avr/lib/avr5\libm.a(addsf3.o)
 .data          0x0080015c        0x0 e:/program files/atmel/avr studio 5.0/avr toolchain/bin/../lib/gcc/avr/4.5.1/../../../../avr/lib/avr5\libm.a(addsf3x.o)
 .data          0x0080015c        0x0 e:/program files/atmel/avr studio 5.0/avr toolchain/bin/../lib/gcc/avr/4.5.1/../../../../avr/lib/avr5\libm.a(fp_mpack.o)
 .data          0x0080015c        0x0 e:/program files/atmel/avr studio 5.0/avr toolchain/bin/../lib/gcc/avr/4.5.1/avr5\libgcc.a(_mulsi3.o)
 .data          0x0080015c        0x0 e:/program files/atmel/avr studio 5.0/avr toolchain/bin/../lib/gcc/avr/4.5.1/avr5\libgcc.a(_udivmodsi4.o)
 .data          0x0080015c        0x0 e:/program files/atmel/avr studio 5.0/avr toolchain/bin/../lib/gcc/avr/4.5.1/avr5\libgcc.a(_exit.o)
 .data          0x0080015c        0x0 e:/program files/atmel/avr studio 5.0/avr toolchain/bin/../lib/gcc/avr/4.5.1/avr5\libgcc.a(_copy_data.o)
 .data          0x0080015c        0x0 e:/program files/atmel/avr studio 5.0/avr toolchain/bin/../lib/gcc/avr/4.5.1/avr5\libgcc.a(_clear_bss.o)
 .data          0x0080015c        0x6 e:/program files/atmel/avr studio 5.0/avr toolchain/bin/../lib/gcc/avr/4.5.1/../../../../avr/lib/avr5\libc.a(malloc.o)
                0x0080015c                __malloc_margin
                0x0080015e                __malloc_heap_start
                0x00800160                __malloc_heap_end
 .data          0x00800162        0x0 e:/program files/atmel/avr studio 5.0/avr toolchain/bin/../lib/gcc/avr/4.5.1/../../../../avr/lib/avr5\libc.a(iob.o)
 .data          0x00800162        0x0 e:/program files/atmel/avr studio 5.0/avr toolchain/bin/../lib/gcc/avr/4.5.1/../../../../avr/lib/avr5\libc.a(puts.o)
 .data          0x00800162        0x0 e:/program files/atmel/avr studio 5.0/avr toolchain/bin/../lib/gcc/avr/4.5.1/avr5\libgcc.a(_epilogue.o)
 *(.data*)
 *(.rodata)
 *(.rodata*)
 *(.gnu.linkonce.d*)
                0x00800162                . = ALIGN (0x2)
                0x00800162                _edata = .
                0x00800162                PROVIDE (__data_end, .)

.bss            0x00800162       0xe4
                0x00800162                PROVIDE (__bss_start, .)
 *(.bss)
 .bss           0x00800162        0x0 e:/program files/atmel/avr studio 5.0/avr toolchain/bin/../lib/gcc/avr/4.5.1/../../../../avr/lib/avr5/crtm324p.o
 .bss           0x00800162        0x0 Voice Control.o
 .bss           0x00800162        0x0 ../../CEENbot API\libcapi324v221.a(CBOT_main.o)
 .bss           0x00800162        0x0 ../../CEENbot API\libcapi324v221.a(LCD_clear.o)
 .bss           0x00800162        0x0 ../../CEENbot API\libcapi324v221.a(LCD_open.o)
 .bss           0x00800162        0x0 ../../CEENbot API\libcapi324v221.a(LCD_set_backlight.o)
 .bss           0x00800162        0x0 ../../CEENbot API\libcapi324v221.a(LCD_set_next_PGC.o)
 .bss           0x00800162        0x0 ../../CEENbot API\libcapi324v221.a(LCD_set_PGC_addr.o)
 .bss           0x00800162        0x0 ../../CEENbot API\libcapi324v221.a(LCD_write.o)
 .bss           0x00800162        0x0 ../../CEENbot API\libcapi324v221.a(SPI_set_slave_addr.o)
 .bss           0x00800162        0x0 ../../CEENbot API\libcapi324v221.a(SPI_transmit.o)
 .bss           0x00800162        0x0 ../../CEENbot API\libcapi324v221.a(SYS_get_state.o)
 .bss           0x00800162        0x0 ../../CEENbot API\libcapi324v221.a(SYS_globals.o)
 .bss           0x00800162        0x0 ../../CEENbot API\libcapi324v221.a(SYS_set_state.o)
 .bss           0x00800162        0x0 ../../CEENbot API\libcapi324v221.a(CBOT_init.o)
 .bss           0x00800162        0x0 ../../CEENbot API\libcapi324v221.a(CBOT_isr.o)
 .bss           0x00800162       0x40 ../../CEENbot API\libcapi324v221.a(ISR_globals.o)
                0x00800162                CBOT_ISR_vtable
 .bss           0x008001a2        0x0 ../../CEENbot API\libcapi324v221.a(ISR_open.o)
 .bss           0x008001a2        0x0 ../../CEENbot API\libcapi324v221.a(LCD_globals.o)
 .bss           0x008001a2        0x0 ../../CEENbot API\libcapi324v221.a(__LCD_init.o)
 .bss           0x008001a2        0x0 ../../CEENbot API\libcapi324v221.a(__LCD_putchar.o)
 .bss           0x008001a2        0x0 ../../CEENbot API\libcapi324v221.a(ATMEGA_open.o)
 .bss           0x008001a2        0x0 ../../CEENbot API\libcapi324v221.a(ATMEGA_set_clk_mode.o)
 .bss           0x008001a2       0x10 ../../CEENbot API\libcapi324v221.a(SPI_globals.o)
                0x008001a2                spi_config_func_LUT
 .bss           0x008001b2        0x0 ../../CEENbot API\libcapi324v221.a(SPI_open.o)
 .bss           0x008001b2        0x0 ../../CEENbot API\libcapi324v221.a(SPI_set_config_func.o)
 .bss           0x008001b2        0x0 ../../CEENbot API\libcapi324v221.a(SPKR_close.o)
 .bss           0x008001b2       0x10 ../../CEENbot API\libcapi324v221.a(SPKR_globals.o)
                0x008001b2                tone_mode_active
                0x008001b3                beep_mode_active
                0x008001b4                spkr_accum32
                0x008001b8                spkr_freq
                0x008001bc                beep_accum16
                0x008001be                beep_freq
                0x008001c0                p_Freq_LUT
 .bss           0x008001c2        0x0 ../../CEENbot API\libcapi324v221.a(SPKR_open.o)
 .bss           0x008001c2        0x0 ../../CEENbot API\libcapi324v221.a(SPKR_play_beep.o)
 .bss           0x008001c2        0x0 ../../CEENbot API\libcapi324v221.a(__SPKR_stop.o)
 .bss           0x008001c2        0x0 ../../CEENbot API\libcapi324v221.a(SYS_init.o)
 .bss           0x008001c2        0x0 ../../CEENbot API\libcapi324v221.a(ATTINY_open.o)
 .bss           0x008001c2        0x0 ../../CEENbot API\libcapi324v221.a(TMRSRVC_delay.o)
 .bss           0x008001c2        0x0 ../../CEENbot API\libcapi324v221.a(TMRSRVC_new.o)
 .bss           0x008001c2        0x0 ../../CEENbot API\libcapi324v221.a(TMRSRVC_open.o)
 .bss           0x008001c2        0x0 ../../CEENbot API\libcapi324v221.a(__TMRSRVC_start.o)
 .bss           0x008001c2        0x0 ../../CEENbot API\libcapi324v221.a(__ISR_attach.o)
 .bss           0x008001c2        0x0 ../../CEENbot API\libcapi324v221.a(ISR_attach.o)
 .bss           0x008001c2        0x0 ../../CEENbot API\libcapi324v221.a(__ATMEGA_init.o)
 .bss           0x008001c2        0x0 ../../CEENbot API\libcapi324v221.a(SPI_cfgrs.o)
 .bss           0x008001c2        0x0 ../../CEENbot API\libcapi324v221.a(__SPI_init.o)
 .bss           0x008001c2        0x0 ../../CEENbot API\libcapi324v221.a(ISR__SPKR__TIMER1_COMPA_vect.o)
 .bss           0x008001c2        0x0 ../../CEENbot API\libcapi324v221.a(SPKR_beep.o)
 .bss           0x008001c2        0x0 ../../CEENbot API\libcapi324v221.a(SPKR_clk.o)
 .bss           0x008001c2        0x0 ../../CEENbot API\libcapi324v221.a(__SPKR_close.o)
 .bss           0x008001c2        0x0 ../../CEENbot API\libcapi324v221.a(__SPKR_init.o)
 .bss           0x008001c2        0x0 ../../CEENbot API\libcapi324v221.a(ATTINY_globals.o)
 .bss           0x008001c2        0x0 ../../CEENbot API\libcapi324v221.a(ISR__TIMER0_COMPA_vect.o)
 .bss           0x008001c2        0x2 ../../CEENbot API\libcapi324v221.a(TMRSRVC_globals.o)
                0x008001c2                timer_busy_status
                0x008001c3                timer_run_status
 .bss           0x008001c4        0x0 ../../CEENbot API\libcapi324v221.a(__TMRSRVC_init.o)
 .bss           0x008001c4        0x0 ../../CEENbot API\libcapi324v221.a(__TMRSRVC_insert.o)
 .bss           0x008001c4        0x0 ../../CEENbot API\libcapi324v221.a(TMRSRVC_start.o)
 .bss           0x008001c4        0x0 ../../CEENbot API\libcapi324v221.a(TMRSRVC_tick.o)
 .bss           0x008001c4        0x0 ../../CEENbot API\libcapi324v221.a(SPKR_beep_clk.o)
 .bss           0x008001c4        0x0 ../../CEENbot API\libcapi324v221.a(STEPPER_clk.o)
 .bss           0x008001c4        0x0 ../../CEENbot API\libcapi324v221.a(STEPPER_globals.o)
 .bss           0x008001c4        0x0 ../../CEENbot API\libcapi324v221.a(STEPPER_process_accel.o)
 .bss           0x008001c4        0x1 ../../CEENbot API\libcapi324v221.a(STEPPER_process_run_mode.o)
 .bss           0x008001c5        0x0 ../../CEENbot API\libcapi324v221.a(STEPPER_process_step_mode.o)
 .bss           0x008001c5        0x0 ../../CEENbot API\libcapi324v221.a(STEPPER_set_speed.o)
 .bss           0x008001c5        0x0 ../../CEENbot API\libcapi324v221.a(STEPPER_stop.o)
 .bss           0x008001c5        0x0 ../../CEENbot API\libcapi324v221.a(TMRSRVC_process.o)
 .bss           0x008001c5        0x0 ../../CEENbot API\libcapi324v221.a(TMRSRVC_stop.o)
 .bss           0x008001c5        0x4 ../../CEENbot API\libcapi324v221.a(STEPPER_process_pwm.o)
 .bss           0x008001c9        0x0 ../../CEENbot API\libcapi324v221.a(STEPPER_set_steps.o)
 .bss           0x008001c9        0x0 e:/program files/atmel/avr studio 5.0/avr toolchain/bin/../lib/gcc/avr/4.5.1/../../../../avr/lib/avr5\libm.a(divsf3.o)
 .bss           0x008001c9        0x0 e:/program files/atmel/avr studio 5.0/avr toolchain/bin/../lib/gcc/avr/4.5.1/../../../../avr/lib/avr5\libm.a(divsf3x.o)
 .bss           0x008001c9        0x0 e:/program files/atmel/avr studio 5.0/avr toolchain/bin/../lib/gcc/avr/4.5.1/../../../../avr/lib/avr5\libm.a(floatsisf.o)
 .bss           0x008001c9        0x0 e:/program files/atmel/avr studio 5.0/avr toolchain/bin/../lib/gcc/avr/4.5.1/../../../../avr/lib/avr5\libm.a(fp_inf.o)
 .bss           0x008001c9        0x0 e:/program files/atmel/avr studio 5.0/avr toolchain/bin/../lib/gcc/avr/4.5.1/../../../../avr/lib/avr5\libm.a(fp_nan.o)
 .bss           0x008001c9        0x0 e:/program files/atmel/avr studio 5.0/avr toolchain/bin/../lib/gcc/avr/4.5.1/../../../../avr/lib/avr5\libm.a(fp_pscA.o)
 .bss           0x008001c9        0x0 e:/program files/atmel/avr studio 5.0/avr toolchain/bin/../lib/gcc/avr/4.5.1/../../../../avr/lib/avr5\libm.a(fp_pscB.o)
 .bss           0x008001c9        0x0 e:/program files/atmel/avr studio 5.0/avr toolchain/bin/../lib/gcc/avr/4.5.1/../../../../avr/lib/avr5\libm.a(fp_round.o)
 .bss           0x008001c9        0x0 e:/program files/atmel/avr studio 5.0/avr toolchain/bin/../lib/gcc/avr/4.5.1/../../../../avr/lib/avr5\libm.a(fp_split3.o)
 .bss           0x008001c9        0x0 e:/program files/atmel/avr studio 5.0/avr toolchain/bin/../lib/gcc/avr/4.5.1/../../../../avr/lib/avr5\libm.a(fp_zero.o)
 .bss           0x008001c9        0x0 e:/program files/atmel/avr studio 5.0/avr toolchain/bin/../lib/gcc/avr/4.5.1/../../../../avr/lib/avr5\libm.a(lrint.o)
 .bss           0x008001c9        0x0 e:/program files/atmel/avr studio 5.0/avr toolchain/bin/../lib/gcc/avr/4.5.1/../../../../avr/lib/avr5\libm.a(mulsf3.o)
 .bss           0x008001c9        0x0 e:/program files/atmel/avr studio 5.0/avr toolchain/bin/../lib/gcc/avr/4.5.1/../../../../avr/lib/avr5\libm.a(mulsf3x.o)
 .bss           0x008001c9        0x0 e:/program files/atmel/avr studio 5.0/avr toolchain/bin/../lib/gcc/avr/4.5.1/../../../../avr/lib/avr5\libm.a(pow.o)
 .bss           0x008001c9        0x0 e:/program files/atmel/avr studio 5.0/avr toolchain/bin/../lib/gcc/avr/4.5.1/../../../../avr/lib/avr5\libm.a(exp.o)
 .bss           0x008001c9        0x0 e:/program files/atmel/avr studio 5.0/avr toolchain/bin/../lib/gcc/avr/4.5.1/../../../../avr/lib/avr5\libm.a(fp_powser.o)
 .bss           0x008001c9        0x0 e:/program files/atmel/avr studio 5.0/avr toolchain/bin/../lib/gcc/avr/4.5.1/../../../../avr/lib/avr5\libm.a(inverse.o)
 .bss           0x008001c9        0x0 e:/program files/atmel/avr studio 5.0/avr toolchain/bin/../lib/gcc/avr/4.5.1/../../../../avr/lib/avr5\libm.a(ldexp.o)
 .bss           0x008001c9        0x0 e:/program files/atmel/avr studio 5.0/avr toolchain/bin/../lib/gcc/avr/4.5.1/../../../../avr/lib/avr5\libm.a(log.o)
 .bss           0x008001c9        0x0 e:/program files/atmel/avr studio 5.0/avr toolchain/bin/../lib/gcc/avr/4.5.1/../../../../avr/lib/avr5\libm.a(modf.o)
 .bss           0x008001c9        0x0 e:/program files/atmel/avr studio 5.0/avr toolchain/bin/../lib/gcc/avr/4.5.1/../../../../avr/lib/avr5\libm.a(addsf3.o)
 .bss           0x008001c9        0x0 e:/program files/atmel/avr studio 5.0/avr toolchain/bin/../lib/gcc/avr/4.5.1/../../../../avr/lib/avr5\libm.a(addsf3x.o)
 .bss           0x008001c9        0x0 e:/program files/atmel/avr studio 5.0/avr toolchain/bin/../lib/gcc/avr/4.5.1/../../../../avr/lib/avr5\libm.a(fp_mpack.o)
 .bss           0x008001c9        0x0 e:/program files/atmel/avr studio 5.0/avr toolchain/bin/../lib/gcc/avr/4.5.1/avr5\libgcc.a(_mulsi3.o)
 .bss           0x008001c9        0x0 e:/program files/atmel/avr studio 5.0/avr toolchain/bin/../lib/gcc/avr/4.5.1/avr5\libgcc.a(_udivmodsi4.o)
 .bss           0x008001c9        0x0 e:/program files/atmel/avr studio 5.0/avr toolchain/bin/../lib/gcc/avr/4.5.1/avr5\libgcc.a(_exit.o)
 .bss           0x008001c9        0x0 e:/program files/atmel/avr studio 5.0/avr toolchain/bin/../lib/gcc/avr/4.5.1/avr5\libgcc.a(_copy_data.o)
 .bss           0x008001c9        0x0 e:/program files/atmel/avr studio 5.0/avr toolchain/bin/../lib/gcc/avr/4.5.1/avr5\libgcc.a(_clear_bss.o)
 .bss           0x008001c9        0x0 e:/program files/atmel/avr studio 5.0/avr toolchain/bin/../lib/gcc/avr/4.5.1/../../../../avr/lib/avr5\libc.a(malloc.o)
 .bss           0x008001c9        0x0 e:/program files/atmel/avr studio 5.0/avr toolchain/bin/../lib/gcc/avr/4.5.1/../../../../avr/lib/avr5\libc.a(iob.o)
 .bss           0x008001c9        0x0 e:/program files/atmel/avr studio 5.0/avr toolchain/bin/../lib/gcc/avr/4.5.1/../../../../avr/lib/avr5\libc.a(puts.o)
 .bss           0x008001c9        0x0 e:/program files/atmel/avr studio 5.0/avr toolchain/bin/../lib/gcc/avr/4.5.1/avr5\libgcc.a(_epilogue.o)
 *(.bss*)
 *(COMMON)
 COMMON         0x008001c9       0x13 ../../CEENbot API\libcapi324v221.a(SYS_globals.o)
                0x008001c9                CBOT_system
 COMMON         0x008001dc        0x5 ../../CEENbot API\libcapi324v221.a(LCD_globals.o)
                0x008001dc                LCD_params
 COMMON         0x008001e1        0x1 ../../CEENbot API\libcapi324v221.a(SPI_globals.o)
                0x008001e1                curr_spi_addr
 COMMON         0x008001e2       0x1e ../../CEENbot API\libcapi324v221.a(ATTINY_globals.o)
                0x008001e2                ATTINY_params
 COMMON         0x00800200        0x3 ../../CEENbot API\libcapi324v221.a(TMRSRVC_globals.o)
                0x00800200                tmrNodes
 COMMON         0x00800203       0x39 ../../CEENbot API\libcapi324v221.a(STEPPER_globals.o)
                0x00800203                STEPPER_params
                0x0080023a                step_done
 COMMON         0x0080023c        0x4 e:/program files/atmel/avr studio 5.0/avr toolchain/bin/../lib/gcc/avr/4.5.1/../../../../avr/lib/avr5\libc.a(malloc.o)
                0x0080023c                __brkval
                0x0080023e                __flp
 COMMON         0x00800240        0x6 e:/program files/atmel/avr studio 5.0/avr toolchain/bin/../lib/gcc/avr/4.5.1/../../../../avr/lib/avr5\libc.a(iob.o)
                0x00800240                __iob
                0x00800246                PROVIDE (__bss_end, .)
                0x00002a68                __data_load_start = LOADADDR (.data)
                0x00002aca                __data_load_end = (__data_load_start + SIZEOF (.data))

.noinit         0x00800246        0x0
                0x00800246                PROVIDE (__noinit_start, .)
 *(.noinit*)
                0x00800246                PROVIDE (__noinit_end, .)
                0x00800246                _end = .
                0x00800246                PROVIDE (__heap_start, .)

.eeprom         0x00810000        0x0
 *(.eeprom*)
                0x00810000                __eeprom_end = .

.fuse
 *(.fuse)
 *(.lfuse)
 *(.hfuse)
 *(.efuse)

.lock
 *(.lock*)

.signature
 *(.signature*)

.stab           0x00000000     0x3420
 *(.stab)
 .stab          0x00000000      0x6cc e:/program files/atmel/avr studio 5.0/avr toolchain/bin/../lib/gcc/avr/4.5.1/../../../../avr/lib/avr5/crtm324p.o
 .stab          0x000006cc       0x48 e:/program files/atmel/avr studio 5.0/avr toolchain/bin/../lib/gcc/avr/4.5.1/../../../../avr/lib/avr5\libm.a(divsf3.o)
                                 0x54 (size before relaxing)
 .stab          0x00000714      0x510 e:/program files/atmel/avr studio 5.0/avr toolchain/bin/../lib/gcc/avr/4.5.1/../../../../avr/lib/avr5\libm.a(divsf3x.o)
                                0x51c (size before relaxing)
 .stab          0x00000c24      0x318 e:/program files/atmel/avr studio 5.0/avr toolchain/bin/../lib/gcc/avr/4.5.1/../../../../avr/lib/avr5\libm.a(floatsisf.o)
                                0x324 (size before relaxing)
 .stab          0x00000f3c       0x78 e:/program files/atmel/avr studio 5.0/avr toolchain/bin/../lib/gcc/avr/4.5.1/../../../../avr/lib/avr5\libm.a(fp_inf.o)
                                 0x84 (size before relaxing)
 .stab          0x00000fb4       0x54 e:/program files/atmel/avr studio 5.0/avr toolchain/bin/../lib/gcc/avr/4.5.1/../../../../avr/lib/avr5\libm.a(fp_nan.o)
                                 0x60 (size before relaxing)
 .stab          0x00001008       0x84 e:/program files/atmel/avr studio 5.0/avr toolchain/bin/../lib/gcc/avr/4.5.1/../../../../avr/lib/avr5\libm.a(fp_pscA.o)
                                 0x90 (size before relaxing)
 .stab          0x0000108c       0x84 e:/program files/atmel/avr studio 5.0/avr toolchain/bin/../lib/gcc/avr/4.5.1/../../../../avr/lib/avr5\libm.a(fp_pscB.o)
                                 0x90 (size before relaxing)
 .stab          0x00001110       0xfc e:/program files/atmel/avr studio 5.0/avr toolchain/bin/../lib/gcc/avr/4.5.1/../../../../avr/lib/avr5\libm.a(fp_round.o)
                                0x108 (size before relaxing)
 .stab          0x0000120c      0x1d4 e:/program files/atmel/avr studio 5.0/avr toolchain/bin/../lib/gcc/avr/4.5.1/../../../../avr/lib/avr5\libm.a(fp_split3.o)
                                0x1e0 (size before relaxing)
 .stab          0x000013e0       0x90 e:/program files/atmel/avr studio 5.0/avr toolchain/bin/../lib/gcc/avr/4.5.1/../../../../avr/lib/avr5\libm.a(fp_zero.o)
                                 0x9c (size before relaxing)
 .stab          0x00001470      0x2e8 e:/program files/atmel/avr studio 5.0/avr toolchain/bin/../lib/gcc/avr/4.5.1/../../../../avr/lib/avr5\libm.a(lrint.o)
                                0x2f4 (size before relaxing)
 .stab          0x00001758       0x48 e:/program files/atmel/avr studio 5.0/avr toolchain/bin/../lib/gcc/avr/4.5.1/../../../../avr/lib/avr5\libm.a(mulsf3.o)
                                 0x54 (size before relaxing)
 .stab          0x000017a0      0x4d4 e:/program files/atmel/avr studio 5.0/avr toolchain/bin/../lib/gcc/avr/4.5.1/../../../../avr/lib/avr5\libm.a(mulsf3x.o)
                                0x4e0 (size before relaxing)
 .stab          0x00001c74      0x3c0 e:/program files/atmel/avr studio 5.0/avr toolchain/bin/../lib/gcc/avr/4.5.1/../../../../avr/lib/avr5\libm.a(pow.o)
                                0x3cc (size before relaxing)
 .stab          0x00002034      0x288 e:/program files/atmel/avr studio 5.0/avr toolchain/bin/../lib/gcc/avr/4.5.1/../../../../avr/lib/avr5\libm.a(exp.o)
                                0x294 (size before relaxing)
 .stab          0x000022bc      0x1ec e:/program files/atmel/avr studio 5.0/avr toolchain/bin/../lib/gcc/avr/4.5.1/../../../../avr/lib/avr5\libm.a(fp_powser.o)
                                0x1f8 (size before relaxing)
 .stab          0x000024a8       0x84 e:/program files/atmel/avr studio 5.0/avr toolchain/bin/../lib/gcc/avr/4.5.1/../../../../avr/lib/avr5\libm.a(inverse.o)
                                 0x90 (size before relaxing)
 .stab          0x0000252c      0x2c4 e:/program files/atmel/avr studio 5.0/avr toolchain/bin/../lib/gcc/avr/4.5.1/../../../../avr/lib/avr5\libm.a(ldexp.o)
                                0x2d0 (size before relaxing)
 .stab          0x000027f0      0x378 e:/program files/atmel/avr studio 5.0/avr toolchain/bin/../lib/gcc/avr/4.5.1/../../../../avr/lib/avr5\libm.a(log.o)
                                0x384 (size before relaxing)
 .stab          0x00002b68      0x2a0 e:/program files/atmel/avr studio 5.0/avr toolchain/bin/../lib/gcc/avr/4.5.1/../../../../avr/lib/avr5\libm.a(modf.o)
                                0x2ac (size before relaxing)
 .stab          0x00002e08       0x78 e:/program files/atmel/avr studio 5.0/avr toolchain/bin/../lib/gcc/avr/4.5.1/../../../../avr/lib/avr5\libm.a(addsf3.o)
                                 0x84 (size before relaxing)
 .stab          0x00002e80      0x4bc e:/program files/atmel/avr studio 5.0/avr toolchain/bin/../lib/gcc/avr/4.5.1/../../../../avr/lib/avr5\libm.a(addsf3x.o)
                                0x4c8 (size before relaxing)
 .stab          0x0000333c       0xe4 e:/program files/atmel/avr studio 5.0/avr toolchain/bin/../lib/gcc/avr/4.5.1/../../../../avr/lib/avr5\libm.a(fp_mpack.o)
                                 0xf0 (size before relaxing)

.stabstr        0x00000000      0x943
 *(.stabstr)
 .stabstr       0x00000000      0x943 e:/program files/atmel/avr studio 5.0/avr toolchain/bin/../lib/gcc/avr/4.5.1/../../../../avr/lib/avr5/crtm324p.o

.stab.excl
 *(.stab.excl)

.stab.exclstr
 *(.stab.exclstr)

.stab.index
 *(.stab.index)

.stab.indexstr
 *(.stab.indexstr)

.comment
 *(.comment)

.debug
 *(.debug)

.line
 *(.line)

.debug_srcinfo
 *(.debug_srcinfo)

.debug_sfnames
 *(.debug_sfnames)

.debug_aranges  0x00000000       0x68
 *(.debug_aranges)
 .debug_aranges
                0x00000000       0x20 Voice Control.o
 .debug_aranges
                0x00000020       0x28 e:/program files/atmel/avr studio 5.0/avr toolchain/bin/../lib/gcc/avr/4.5.1/../../../../avr/lib/avr5\libc.a(malloc.o)
 .debug_aranges
                0x00000048       0x20 e:/program files/atmel/avr studio 5.0/avr toolchain/bin/../lib/gcc/avr/4.5.1/../../../../avr/lib/avr5\libc.a(puts.o)

.debug_pubnames
                0x00000000       0xd6
 *(.debug_pubnames)
 .debug_pubnames
                0x00000000       0x20 Voice Control.o
 .debug_pubnames
                0x00000020       0x7f e:/program files/atmel/avr studio 5.0/avr toolchain/bin/../lib/gcc/avr/4.5.1/../../../../avr/lib/avr5\libc.a(malloc.o)
 .debug_pubnames
                0x0000009f       0x1c e:/program files/atmel/avr studio 5.0/avr toolchain/bin/../lib/gcc/avr/4.5.1/../../../../avr/lib/avr5\libc.a(iob.o)
 .debug_pubnames
                0x000000bb       0x1b e:/program files/atmel/avr studio 5.0/avr toolchain/bin/../lib/gcc/avr/4.5.1/../../../../avr/lib/avr5\libc.a(puts.o)

.debug_info     0x00000000      0x626
 *(.debug_info)
 .debug_info    0x00000000       0x96 Voice Control.o
 .debug_info    0x00000096      0x296 e:/program files/atmel/avr studio 5.0/avr toolchain/bin/../lib/gcc/avr/4.5.1/../../../../avr/lib/avr5\libc.a(malloc.o)
 .debug_info    0x0000032c      0x14f e:/program files/atmel/avr studio 5.0/avr toolchain/bin/../lib/gcc/avr/4.5.1/../../../../avr/lib/avr5\libc.a(iob.o)
 .debug_info    0x0000047b      0x1ab e:/program files/atmel/avr studio 5.0/avr toolchain/bin/../lib/gcc/avr/4.5.1/../../../../avr/lib/avr5\libc.a(puts.o)
 *(.gnu.linkonce.wi.*)

.debug_abbrev   0x00000000      0x2fa
 *(.debug_abbrev)
 .debug_abbrev  0x00000000       0x3f Voice Control.o
 .debug_abbrev  0x0000003f       0xf5 e:/program files/atmel/avr studio 5.0/avr toolchain/bin/../lib/gcc/avr/4.5.1/../../../../avr/lib/avr5\libc.a(malloc.o)
 .debug_abbrev  0x00000134       0xc5 e:/program files/atmel/avr studio 5.0/avr toolchain/bin/../lib/gcc/avr/4.5.1/../../../../avr/lib/avr5\libc.a(iob.o)
 .debug_abbrev  0x000001f9      0x101 e:/program files/atmel/avr studio 5.0/avr toolchain/bin/../lib/gcc/avr/4.5.1/../../../../avr/lib/avr5\libc.a(puts.o)

.debug_line     0x00000000      0x66f
 *(.debug_line)
 .debug_line    0x00000000       0x7e Voice Control.o
 .debug_line    0x0000007e      0x3c8 e:/program files/atmel/avr studio 5.0/avr toolchain/bin/../lib/gcc/avr/4.5.1/../../../../avr/lib/avr5\libc.a(malloc.o)
 .debug_line    0x00000446       0xeb e:/program files/atmel/avr studio 5.0/avr toolchain/bin/../lib/gcc/avr/4.5.1/../../../../avr/lib/avr5\libc.a(iob.o)
 .debug_line    0x00000531      0x13e e:/program files/atmel/avr studio 5.0/avr toolchain/bin/../lib/gcc/avr/4.5.1/../../../../avr/lib/avr5\libc.a(puts.o)

.debug_frame    0x00000000       0x70
 *(.debug_frame)
 .debug_frame   0x00000000       0x20 Voice Control.o
 .debug_frame   0x00000020       0x30 e:/program files/atmel/avr studio 5.0/avr toolchain/bin/../lib/gcc/avr/4.5.1/../../../../avr/lib/avr5\libc.a(malloc.o)
 .debug_frame   0x00000050       0x20 e:/program files/atmel/avr studio 5.0/avr toolchain/bin/../lib/gcc/avr/4.5.1/../../../../avr/lib/avr5\libc.a(puts.o)

.debug_str      0x00000000      0x282
 *(.debug_str)
 .debug_str     0x00000000       0xc2 Voice Control.o
                                 0xfb (size before relaxing)
 .debug_str     0x000000c2       0xf2 e:/program files/atmel/avr studio 5.0/avr toolchain/bin/../lib/gcc/avr/4.5.1/../../../../avr/lib/avr5\libc.a(malloc.o)
                                0x16a (size before relaxing)
 .debug_str     0x000001b4       0x7a e:/program files/atmel/avr studio 5.0/avr toolchain/bin/../lib/gcc/avr/4.5.1/../../../../avr/lib/avr5\libc.a(iob.o)
                                 0xf2 (size before relaxing)
 .debug_str     0x0000022e       0x54 e:/program files/atmel/avr studio 5.0/avr toolchain/bin/../lib/gcc/avr/4.5.1/../../../../avr/lib/avr5\libc.a(puts.o)
                                 0xf8 (size before relaxing)

.debug_loc      0x00000000      0x4d0
 *(.debug_loc)
 .debug_loc     0x00000000      0x429 e:/program files/atmel/avr studio 5.0/avr toolchain/bin/../lib/gcc/avr/4.5.1/../../../../avr/lib/avr5\libc.a(malloc.o)
 .debug_loc     0x00000429       0xa7 e:/program files/atmel/avr studio 5.0/avr toolchain/bin/../lib/gcc/avr/4.5.1/../../../../avr/lib/avr5\libc.a(puts.o)

.debug_macinfo
 *(.debug_macinfo)
OUTPUT(Voice Control.elf elf32-avr)
LOAD linker stubs

.debug_pubtypes
                0x00000000       0x9d
 .debug_pubtypes
                0x00000000       0x12 Voice Control.o
 .debug_pubtypes
                0x00000012       0x39 e:/program files/atmel/avr studio 5.0/avr toolchain/bin/../lib/gcc/avr/4.5.1/../../../../avr/lib/avr5\libc.a(malloc.o)
 .debug_pubtypes
                0x0000004b       0x29 e:/program files/atmel/avr studio 5.0/avr toolchain/bin/../lib/gcc/avr/4.5.1/../../../../avr/lib/avr5\libc.a(iob.o)
 .debug_pubtypes
                0x00000074       0x29 e:/program files/atmel/avr studio 5.0/avr toolchain/bin/../lib/gcc/avr/4.5.1/../../../../avr/lib/avr5\libc.a(puts.o)

.debug_ranges   0x00000000       0x28
 .debug_ranges  0x00000000       0x18 e:/program files/atmel/avr studio 5.0/avr toolchain/bin/../lib/gcc/avr/4.5.1/../../../../avr/lib/avr5\libc.a(malloc.o)
 .debug_ranges  0x00000018       0x10 e:/program files/atmel/avr studio 5.0/avr toolchain/bin/../lib/gcc/avr/4.5.1/../../../../avr/lib/avr5\libc.a(puts.o)
