Archive member included because of file (symbol)

../CEENbot API\libcapi324v221.a(CBOT_main.o)
                              e:/program files/atmel/avr studio 5.0/avr toolchain/bin/../lib/gcc/avr/4.5.1/../../../../avr/lib/avr5/crtm324p.o (main)
../CEENbot API\libcapi324v221.a(LCD_clear.o)
                              Voice Control.o (LCD_clear)
../CEENbot API\libcapi324v221.a(LCD_open.o)
                              Voice Control.o (LCD_open)
../CEENbot API\libcapi324v221.a(LCD_set_backlight.o)
                              ../CEENbot API\libcapi324v221.a(LCD_open.o) (LCD_set_backlight)
../CEENbot API\libcapi324v221.a(LCD_set_next_PGC.o)
                              ../CEENbot API\libcapi324v221.a(LCD_clear.o) (LCD_set_next_PGC)
../CEENbot API\libcapi324v221.a(LCD_set_PGC_addr.o)
                              ../CEENbot API\libcapi324v221.a(LCD_clear.o) (LCD_set_PGC_addr)
../CEENbot API\libcapi324v221.a(LCD_write.o)
                              ../CEENbot API\libcapi324v221.a(LCD_clear.o) (LCD_write)
../CEENbot API\libcapi324v221.a(SPI_set_slave_addr.o)
                              ../CEENbot API\libcapi324v221.a(LCD_set_backlight.o) (SPI_set_slave_addr)
../CEENbot API\libcapi324v221.a(SPI_transmit.o)
                              ../CEENbot API\libcapi324v221.a(LCD_set_backlight.o) (SPI_transmit)
../CEENbot API\libcapi324v221.a(STEPPER_move.o)
                              Voice Control.o (STEPPER_move)
../CEENbot API\libcapi324v221.a(STEPPER_open.o)
                              Voice Control.o (STEPPER_open)
../CEENbot API\libcapi324v221.a(STEPPER_run.o)
                              Voice Control.o (STEPPER_run)
../CEENbot API\libcapi324v221.a(STEPPER_set_accel.o)
                              ../CEENbot API\libcapi324v221.a(STEPPER_move.o) (STEPPER_set_accel)
../CEENbot API\libcapi324v221.a(STEPPER_set_dir.o)
                              ../CEENbot API\libcapi324v221.a(STEPPER_run.o) (STEPPER_set_dir)
../CEENbot API\libcapi324v221.a(STEPPER_set_mode.o)
                              ../CEENbot API\libcapi324v221.a(STEPPER_move.o) (STEPPER_set_mode)
../CEENbot API\libcapi324v221.a(STEPPER_set_speed.o)
                              ../CEENbot API\libcapi324v221.a(STEPPER_run.o) (STEPPER_set_speed)
../CEENbot API\libcapi324v221.a(STEPPER_step.o)
                              ../CEENbot API\libcapi324v221.a(STEPPER_move.o) (STEPPER_step)
../CEENbot API\libcapi324v221.a(STEPPER_stop.o)
                              Voice Control.o (STEPPER_stop)
../CEENbot API\libcapi324v221.a(STEPPER_wait_and_then.o)
                              ../CEENbot API\libcapi324v221.a(STEPPER_move.o) (STEPPER_wait_and_then)
../CEENbot API\libcapi324v221.a(SYS_get_state.o)
                              ../CEENbot API\libcapi324v221.a(LCD_open.o) (SYS_get_state)
../CEENbot API\libcapi324v221.a(SYS_globals.o)
                              ../CEENbot API\libcapi324v221.a(SYS_get_state.o) (CBOT_system)
../CEENbot API\libcapi324v221.a(SYS_set_state.o)
                              ../CEENbot API\libcapi324v221.a(LCD_open.o) (SYS_set_state)
../CEENbot API\libcapi324v221.a(ATTINY_get_SW_state.o)
                              Voice Control.o (ATTINY_get_SW_state)
../CEENbot API\libcapi324v221.a(TMRSRVC_new.o)
                              ../CEENbot API\libcapi324v221.a(ATTINY_get_SW_state.o) (TMRSRVC_new)
../CEENbot API\libcapi324v221.a(UART_configure.o)
                              Voice Control.o (UART_configure)
../CEENbot API\libcapi324v221.a(UART_globals.o)
                              ../CEENbot API\libcapi324v221.a(UART_configure.o) (UART_params)
../CEENbot API\libcapi324v221.a(UART_open.o)
                              Voice Control.o (UART_open)
../CEENbot API\libcapi324v221.a(UART_set_timeout.o)
                              ../CEENbot API\libcapi324v221.a(UART_open.o) (UART_set_timeout)
../CEENbot API\libcapi324v221.a(CBOT_init.o)
                              ../CEENbot API\libcapi324v221.a(CBOT_main.o) (CBOT_init)
../CEENbot API\libcapi324v221.a(CBOT_isr.o)
                              ../CEENbot API\libcapi324v221.a(CBOT_main.o) (CBOT_ISR_init)
../CEENbot API\libcapi324v221.a(ISR_globals.o)
                              ../CEENbot API\libcapi324v221.a(CBOT_isr.o) (CBOT_ISR_vtable)
../CEENbot API\libcapi324v221.a(ISR_open.o)
                              ../CEENbot API\libcapi324v221.a(CBOT_init.o) (ISR_open)
../CEENbot API\libcapi324v221.a(LCD_globals.o)
                              ../CEENbot API\libcapi324v221.a(LCD_open.o) (LCD_stdout)
../CEENbot API\libcapi324v221.a(__LCD_init.o)
                              ../CEENbot API\libcapi324v221.a(LCD_open.o) (__LCD_init)
../CEENbot API\libcapi324v221.a(__LCD_putchar.o)
                              ../CEENbot API\libcapi324v221.a(LCD_globals.o) (__LCD_putchar)
../CEENbot API\libcapi324v221.a(ATMEGA_open.o)
                              ../CEENbot API\libcapi324v221.a(CBOT_init.o) (ATMEGA_open)
[...]
Memory Configuration

Name             Origin             Length             Attributes
text             0x00000000         0x00020000         xr
data             0x00800060         0x0000ffa0         rw !x
eeprom           0x00810000         0x00010000         rw !x
fuse             0x00820000         0x00000400         rw !x
lock             0x00830000         0x00000400         rw !x
signature        0x00840000         0x00000400         rw !x
*default*        0x00000000         0xffffffff

Linker script and memory map

Address of section .data set to 0x800100
LOAD e:/program files/atmel/avr studio 5.0/avr toolchain/bin/../lib/gcc/avr/4.5.1/../../../../avr/lib/avr5/crtm324p.o
LOAD Voice Control.o
LOAD ../CEENbot API\libcapi324v221.a
LOAD e:/program files/atmel/avr studio 5.0/avr toolchain/bin/../lib/gcc/avr/4.5.1/../../../../avr/lib/avr5\libm.a
LOAD e:/program files/atmel/avr studio 5.0/avr toolchain/bin/../lib/gcc/avr/4.5.1/avr5\libgcc.a
LOAD e:/program files/atmel/avr studio 5.0/avr toolchain/bin/../lib/gcc/avr/4.5.1/../../../../avr/lib/avr5\libc.a
LOAD e:/program files/atmel/avr studio 5.0/avr toolchain/bin/../lib/gcc/avr/4.5.1/avr5\libgcc.a

.hash
 *(.hash)

.dynsym
 *(.dynsym)

.dynstr
 *(.dynstr)

.gnu.version
 *(.gnu.version)

.gnu.version_d
 *(.gnu.version_d)

.gnu.version_r
 *(.gnu.version_r)

.rel.init
 *(.rel.init)

.rela.init
 *(.rela.init)

.rel.text
 *(.rel.text)
 *(.rel.text.*)
 *(.rel.gnu.linkonce.t*)

.rela.text
 *(.rela.text)
 *(.rela.text.*)
 *(.rela.gnu.linkonce.t*)

.rel.fini
 *(.rel.fini)

.rela.fini
 *(.rela.fini)

.rel.rodata
 *(.rel.rodata)
 *(.rel.rodata.*)
 *(.rel.gnu.linkonce.r*)

.rela.rodata
 *(.rela.rodata)
 *(.rela.rodata.*)
 *(.rela.gnu.linkonce.r*)

.rel.data
 *(.rel.data)
 *(.rel.data.*)
 *(.rel.gnu.linkonce.d*)

.rela.data
 *(.rela.data)
 *(.rela.data.*)
 *(.rela.gnu.linkonce.d*)

.rel.ctors
 *(.rel.ctors)

.rela.ctors
 *(.rela.ctors)

.rel.dtors
 *(.rel.dtors)

.rela.dtors
 *(.rela.dtors)

.rel.got
 *(.rel.got)

.rela.got
 *(.rela.got)

.rel.bss
 *(.rel.bss)

.rela.bss
 *(.rela.bss)

.rel.plt
 *(.rel.plt)

.rela.plt
 *(.rela.plt)

.text           0x00000000     0x418c
 *(.vectors)
 .vectors       0x00000000       0x7c e:/program files/atmel/avr studio 5.0/avr toolchain/bin/../lib/gcc/avr/4.5.1/../../../../avr/lib/avr5/crtm324p.o
                0x00000000                __vector_default
                0x00000000                __vectors
 *(.vectors)
 *(.progmem.gcc*)
 .progmem.gcc_sw_table
                0x0000007c       0x26 ../CEENbot API\libcapi324v221.a(SYS_get_state.o)
 .progmem.gcc_sw_table
                0x000000a2       0x26 ../CEENbot API\libcapi324v221.a(SYS_set_state.o)
 .progmem.gcc_fplib
                0x000000c8       0x28 e:/program files/atmel/avr studio 5.0/avr toolchain/bin/../lib/gcc/avr/4.5.1/../../../../avr/lib/avr5\libm.a(exp.o)
 .progmem.gcc_fplib
                0x000000f0       0x5a e:/program files/atmel/avr studio 5.0/avr toolchain/bin/../lib/gcc/avr/4.5.1/../../../../avr/lib/avr5\libm.a(log.o)
 *(.progmem*)
 .progmem.data  0x0000014a      0x415 ../CEENbot API\libcapi324v221.a(LCD_globals.o)
                0x0000014a                char_bitmap
                0x0000035f                CEENBoT_Inc_logo_bitmap
                0x00000560                . = ALIGN (0x2)
 *fill*         0x0000055f        0x1 00
                0x00000560                __trampolines_start = .
 *(.trampolines)
 .trampolines   0x00000560        0x0 linker stubs
 *(.trampolines*)
                0x00000560                __trampolines_end = .
 *(.jumptables)
 *(.jumptables*)
 *(.lowtext)
 *(.lowtext*)
                0x00000560                __ctors_start = .
 *(.ctors)
                0x00000560                __ctors_end = .
                0x00000560                __dtors_start = .
 *(.dtors)
                0x00000560                __dtors_end = .
 SORT(*)(.ctors)
 SORT(*)(.dtors)
 *(.init0)
 .init0         0x00000560        0x0 e:/program files/atmel/avr studio 5.0/avr toolchain/bin/../lib/gcc/avr/4.5.1/../../../../avr/lib/avr5/crtm324p.o
                0x00000560                __init
 *(.init0)
 *(.init1)
 *(.init1)
 *(.init2)
 .init2         0x00000560        0xc e:/program files/atmel/avr studio 5.0/avr toolchain/bin/../lib/gcc/avr/4.5.1/../../../../avr/lib/avr5/crtm324p.o
 *(.init2)
 *(.init3)
 *(.init3)
 *(.init4)
 .init4         0x0000056c       0x16 e:/program files/atmel/avr studio 5.0/avr toolchain/bin/../lib/gcc/avr/4.5.1/avr5\libgcc.a(_copy_data.o)
                0x0000056c                __do_copy_data
 .init4         0x00000582       0x10 e:/program files/atmel/avr studio 5.0/avr toolchain/bin/../lib/gcc/avr/4.5.1/avr5\libgcc.a(_clear_bss.o)
                0x00000582                __do_clear_bss
 *(.init4)
 *(.init5)
 *(.init5)
 *(.init6)
 *(.init6)
 *(.init7)
 *(.init7)
 *(.init8)
 *(.init8)
 *(.init9)
 .init9         0x00000592        0x8 e:/program files/atmel/avr studio 5.0/avr toolchain/bin/../lib/gcc/avr/4.5.1/../../../../avr/lib/avr5/crtm324p.o
 *(.init9)
 *(.text)
 .text          0x0000059a        0x4 e:/program files/atmel/avr studio 5.0/avr toolchain/bin/../lib/gcc/avr/4.5.1/../../../../avr/lib/avr5/crtm324p.o
                0x0000059a                __vector_22
                0x0000059a                __vector_28
                0x0000059a                __vector_1
                0x0000059a                __vector_24
                0x0000059a                __bad_interrupt
                0x0000059a                __vector_3
                0x0000059a                __vector_23
                0x0000059a                __vector_30
                0x0000059a                __vector_25
                0x0000059a                __vector_19
                0x0000059a                __vector_27
                0x0000059a                __vector_2
                0x0000059a                __vector_21
                0x0000059a                __vector_29
                0x0000059a                __vector_8
                0x0000059a                __vector_26
                0x0000059a                __vector_20
 .text          0x0000059e      0x554 Voice Control.o
                0x0000059e                CBOT_main
                0x000008ea                goForward
                0x00000904                goBackward
                0x0000091e                turnLeft
                0x000009c0                turnRight
                0x00000a64                turnAround
                0x00000a7a                resumePrev
                0x00000ab0                stopBot
                0x00000ae4                makeSandwich
 .text          0x00000af2       0x12 ../CEENbot API\libcapi324v221.a(CBOT_main.o)
                0x00000af2                main
 .text          0x00000b04       0x3a ../CEENbot API\libcapi324v221.a(LCD_clear.o)
                0x00000b04                LCD_clear
 .text          0x00000b3e      0x102 ../CEENbot API\libcapi324v221.a(LCD_open.o)
                0x00000b3e                LCD_open
 .text          0x00000c40       0x42 ../CEENbot API\libcapi324v221.a(LCD_set_backlight.o)
                0x00000c40                LCD_set_backlight
 .text          0x00000c82        0xe ../CEENbot API\libcapi324v221.a(LCD_set_next_PGC.o)
                0x00000c82                LCD_set_next_PGC
 .text          0x00000c90       0x32 ../CEENbot API\libcapi324v221.a(LCD_set_PGC_addr.o)
                0x00000c90                LCD_set_PGC_addr
 .text          0x00000cc2       0x36 ../CEENbot API\libcapi324v221.a(LCD_write.o)
                0x00000cc2                LCD_write
 .text          0x00000cf8       0xa2 ../CEENbot API\libcapi324v221.a(SPI_set_slave_addr.o)
                0x00000cf8                SPI_set_slave_addr
 .text          0x00000d9a       0x1e ../CEENbot API\libcapi324v221.a(SPI_transmit.o)
                0x00000d9a                SPI_transmit
 .text          0x00000db8      0x2c8 ../CEENbot API\libcapi324v221.a(STEPPER_move.o)
                0x00000f32                STEPPER_move
 .text          0x00001080       0xae ../CEENbot API\libcapi324v221.a(STEPPER_open.o)
                0x00001080                STEPPER_open
 .text          0x0000112e       0x2e ../CEENbot API\libcapi324v221.a(STEPPER_run.o)
                0x0000112e                STEPPER_run
 .text          0x0000115c       0x44 ../CEENbot API\libcapi324v221.a(STEPPER_set_accel.o)
                0x0000115c                STEPPER_set_accel
 .text          0x000011a0       0x2a ../CEENbot API\libcapi324v221.a(STEPPER_set_dir.o)
                0x000011a0                STEPPER_set_dir
 .text          0x000011ca       0x2a ../CEENbot API\libcapi324v221.a(STEPPER_set_mode.o)
                0x000011ca                STEPPER_set_mode
 .text          0x000011f4       0x44 ../CEENbot API\libcapi324v221.a(STEPPER_set_speed.o)
                0x000011f4                STEPPER_set_speed
 .text          0x00001238      0x118 ../CEENbot API\libcapi324v221.a(STEPPER_step.o)
                0x00001238                STEPPER_step
 .text          0x00001350       0x4a ../CEENbot API\libcapi324v221.a(STEPPER_stop.o)
                0x00001350                STEPPER_stop
 .text          0x0000139a       0x9c ../CEENbot API\libcapi324v221.a(STEPPER_wait_and_then.o)
                0x0000139a                STEPPER_wait_and_then
 .text          0x00001436       0x90 ../CEENbot API\libcapi324v221.a(SYS_get_state.o)
                0x00001436                SYS_get_state
 .text          0x000014c6        0x0 ../CEENbot API\libcapi324v221.a(SYS_globals.o)
 .text          0x000014c6       0x8e ../CEENbot API\libcapi324v221.a(SYS_set_state.o)
                0x000014c6                SYS_set_state
 .text          0x00001554       0x9c ../CEENbot API\libcapi324v221.a(ATTINY_get_SW_state.o)
                0x00001554                ATTINY_get_SW_state
 .text          0x000015f0       0x7c ../CEENbot API\libcapi324v221.a(TMRSRVC_new.o)
                0x000015f0                TMRSRVC_new
 .text          0x0000166c      0x1f2 ../CEENbot API\libcapi324v221.a(UART_configure.o)
                0x00001738                UART_configure
 .text          0x0000185e        0x0 ../CEENbot API\libcapi324v221.a(UART_globals.o)
 .text          0x0000185e       0x9c ../CEENbot API\libcapi324v221.a(UART_open.o)
                0x0000185e                UART_open
 .text          0x000018fa       0x32 ../CEENbot API\libcapi324v221.a(UART_set_timeout.o)
                0x000018fa                UART_set_timeout
 .text          0x0000192c       0x1c ../CEENbot API\libcapi324v221.a(CBOT_init.o)
                0x0000192c                CBOT_init
 .text          0x00001948      0x480 ../CEENbot API\libcapi324v221.a(CBOT_isr.o)
                0x00001948                CBOT_ISR_init
                0x0000194c                __vector_16
                0x0000199e                __vector_17
                0x000019f0                __vector_18
                0x00001a42                __vector_9
                0x00001a94                __vector_10
                0x00001ae6                __vector_11
                0x00001b38                __vector_13
                0x00001b8a                __vector_14
                0x00001bdc                __vector_12
                0x00001c2e                __vector_15
                0x00001c80                __vector_4
                0x00001cd2                __vector_5
                0x00001d24                __vector_6
                0x00001d76                __vector_7
 .text          0x00001dc8        0x0 ../CEENbot API\libcapi324v221.a(ISR_globals.o)
 .text          0x00001dc8       0x28 ../CEENbot API\libcapi324v221.a(ISR_open.o)
                0x00001dc8                ISR_open
 .text          0x00001df0        0x0 ../CEENbot API\libcapi324v221.a(LCD_globals.o)
 .text          0x00001df0        0x4 ../CEENbot API\libcapi324v221.a(__LCD_init.o)
                0x00001df0                __LCD_init
 .text          0x00001df4      0x15a ../CEENbot API\libcapi324v221.a(__LCD_putchar.o)
                0x00001df4                __LCD_putchar
 .text          0x00001f4e       0x24 ../CEENbot API\libcapi324v221.a(ATMEGA_open.o)
                0x00001f4e                ATMEGA_open
 .text          0x00001f72       0xa6 ../CEENbot API\libcapi324v221.a(ATMEGA_set_clk_mode.o)
                0x00001f72                ATMEGA_set_clk_mode
 .text          0x00002018        0x0 ../CEENbot API\libcapi324v221.a(SPI_globals.o)
 .text          0x00002018       0x72 ../CEENbot API\libcapi324v221.a(SPI_open.o)
                0x00002018                SPI_open
 .text          0x0000208a       0x12 ../CEENbot API\libcapi324v221.a(SPI_set_config_func.o)
                0x0000208a                SPI_set_config_func
 .text          0x0000209c       0x72 ../CEENbot API\libcapi324v221.a(SPKR_close.o)
                0x0000209c                __SPKR_close_beep_mode
                0x000020b8                __SPKR_close_tone_mode
                0x000020fa                SPKR_close
 .text          0x0000210e        0x0 ../CEENbot API\libcapi324v221.a(SPKR_globals.o)
 .text          0x0000210e      0x13c ../CEENbot API\libcapi324v221.a(SPKR_open.o)
                0x0000210e                __SPKR_set_up_freq_LUT
                0x000021ac                __SPKR_open_beep_mode
                0x000021d8                __SPKR_open_tone_mode
                0x00002230                SPKR_open
 .text          0x0000224a       0x9a ../CEENbot API\libcapi324v221.a(SPKR_play_beep.o)
                0x0000224a                SPKR_play_beep
 .text          0x000022e4        0xc ../CEENbot API\libcapi324v221.a(__SPKR_stop.o)
                0x000022e4                __SPKR_stop
 .text          0x000022f0        0x0 ../CEENbot API\libcapi324v221.a(STEPPER_globals.o)
 .text          0x000022f0       0x2a ../CEENbot API\libcapi324v221.a(STEPPER_go.o)
                0x000022f0                STEPPER_go
 .text          0x0000231a       0x14 ../CEENbot API\libcapi324v221.a(__STEPPER_init.o)
                0x0000231a                __STEPPER_init
 .text          0x0000232e       0x36 ../CEENbot API\libcapi324v221.a(STEPPER_set_steps.o)
                0x0000232e                STEPPER_set_steps
 .text          0x00002364       0x2a ../CEENbot API\libcapi324v221.a(STEPPER_set_stop_mode.o)
                0x00002364                STEPPER_set_stop_mode
 .text          0x0000238e       0x7a ../CEENbot API\libcapi324v221.a(STEPPER_setup_decels.o)
                0x0000238e                STEPPER_setup_decels
 .text          0x00002408       0x46 ../CEENbot API\libcapi324v221.a(SYS_init.o)
                0x00002408                SYS_init
 .text          0x0000244e       0x62 ../CEENbot API\libcapi324v221.a(ATTINY_get_sensors.o)
                0x0000244e                ATTINY_get_sensors
 .text          0x000024b0       0x9e ../CEENbot API\libcapi324v221.a(ATTINY_open.o)
                0x000024b0                ATTINY_open
 .text          0x0000254e       0x42 ../CEENbot API\libcapi324v221.a(TMRSRVC_delay.o)
                0x0000254e                TMRSRVC_delay
 .text          0x00002590        0x0 ../CEENbot API\libcapi324v221.a(TMRSRVC_globals.o)
 .text          0x00002590       0xd2 ../CEENbot API\libcapi324v221.a(__TMRSRVC_insert.o)
                0x00002590                TMRSRVC_insert
 .text          0x00002662       0x3e ../CEENbot API\libcapi324v221.a(TMRSRVC_open.o)
                0x00002662                TMRSRVC_open
 .text          0x000026a0        0xc ../CEENbot API\libcapi324v221.a(__TMRSRVC_start.o)
                0x000026a0                __TMRSRVC_start
 .text          0x000026ac        0x8 ../CEENbot API\libcapi324v221.a(TMRSRVC_start.o)
                0x000026ac                TMRSRVC_start
 .text          0x000026b4        0xe ../CEENbot API\libcapi324v221.a(__UART0_putchar.o)
                0x000026b4                __UART0_putchar
 .text          0x000026c2        0xe ../CEENbot API\libcapi324v221.a(__UART1_putchar.o)
                0x000026c2                __UART1_putchar
 .text          0x000026d0       0x1a ../CEENbot API\libcapi324v221.a(__UART_init.o)
                0x000026d0                __UART_init
 .text          0x000026ea       0x70 ../CEENbot API\libcapi324v221.a(UART_transmit.o)
                0x000026ea                UART_transmit
 .text          0x0000275a       0x22 ../CEENbot API\libcapi324v221.a(__ISR_attach.o)
                0x0000275a                __ISR_attach
 .text          0x0000277c       0x28 ../CEENbot API\libcapi324v221.a(ISR_attach.o)
                0x0000277c                ISR_attach
 .text          0x000027a4        0x6 ../CEENbot API\libcapi324v221.a(__ATMEGA_init.o)
                0x000027a4                __ATMEGA_init
 .text          0x000027aa       0x52 ../CEENbot API\libcapi324v221.a(SPI_cfgrs.o)
                0x000027aa                SPI_default_config
                0x000027ba                SPI_ATtiny0_config
                0x000027ca                SPI_PSXC_config
                0x000027da                SPI_LCD_config
                0x000027ea                SPI_FLASH_config
 .text          0x000027fc        0xe ../CEENbot API\libcapi324v221.a(__SPI_init.o)
                0x000027fc                __SPI_init
 .text          0x0000280a       0x24 ../CEENbot API\libcapi324v221.a(SPI_receive.o)
                0x0000280a                SPI_receive
 .text          0x0000282e        0x6 ../CEENbot API\libcapi324v221.a(ISR__SPKR__TIMER1_COMPA_vect.o)
                0x0000282e                __SPKR_TIMER1_COMPA_vect
 .text          0x00002834       0x2e ../CEENbot API\libcapi324v221.a(SPKR_beep.o)
                0x00002834                SPKR_beep
 .text          0x00002862       0x82 ../CEENbot API\libcapi324v221.a(SPKR_clk.o)
                0x00002862                SPKR_clk
 .text          0x000028e4       0x38 ../CEENbot API\libcapi324v221.a(__SPKR_close.o)
                0x000028e4                __SPKR_close
 .text          0x0000291c       0x54 ../CEENbot API\libcapi324v221.a(__SPKR_init.o)
                0x0000291c                __SPKR_init
 .text          0x00002970       0xda ../CEENbot API\libcapi324v221.a(STEPPER_set_decel_step_values.o)
                0x00002970                STEPPER_set_decel_step_values
 .text          0x00002a4a        0x0 ../CEENbot API\libcapi324v221.a(ATTINY_globals.o)
 .text          0x00002a4a        0xe ../CEENbot API\libcapi324v221.a(ISR__TIMER0_COMPA_vect.o)
                0x00002a4a                __TIMER0_COMPA_vect
 .text          0x00002a58       0x12 ../CEENbot API\libcapi324v221.a(__TMRSRVC_init.o)
                0x00002a58                __TMRSRVC_init
 .text          0x00002a6a       0x32 ../CEENbot API\libcapi324v221.a(TMRSRVC_tick.o)
                0x00002a6a                TMRSRVC_tick
 .text          0x00002a9c       0x4e ../CEENbot API\libcapi324v221.a(SPKR_beep_clk.o)
                0x00002a9c                SPKR_beep_clk
 .text          0x00002aea      0x162 ../CEENbot API\libcapi324v221.a(STEPPER_clk.o)
                0x00002aea                STEPPER_clk
 .text          0x00002c4c       0x8a ../CEENbot API\libcapi324v221.a(STEPPER_process_accel.o)
                0x00002c4c                STEPPER_process_accel
 .text          0x00002cd6      0x206 ../CEENbot API\libcapi324v221.a(STEPPER_process_run_mode.o)
                0x00002cd6                STEPPER_process_run_mode
 .text          0x00002edc       0xa8 ../CEENbot API\libcapi324v221.a(STEPPER_process_step_mode.o)
                0x00002edc                STEPPER_process_step_mode
 .text          0x00002f84       0xd6 ../CEENbot API\libcapi324v221.a(TMRSRVC_process.o)
                0x00002f84                TMRSRVC_process
 .text          0x0000305a        0x6 ../CEENbot API\libcapi324v221.a(TMRSRVC_stop.o)
                0x0000305a                TMRSRVC_stop
 .text          0x00003060      0x130 ../CEENbot API\libcapi324v221.a(STEPPER_process_pwm.o)
                0x00003060                STEPPER_process_pwm
 .text          0x00003190        0x0 e:/program files/atmel/avr studio 5.0/avr toolchain/bin/../lib/gcc/avr/4.5.1/../../../../avr/lib/avr5\libm.a(cmpsf2.o)
 .text          0x00003190        0x0 e:/program files/atmel/avr studio 5.0/avr toolchain/bin/../lib/gcc/avr/4.5.1/../../../../avr/lib/avr5\libm.a(divsf3.o)
 .text          0x00003190        0x0 e:/program files/atmel/avr studio 5.0/avr toolchain/bin/../lib/gcc/avr/4.5.1/../../../../avr/lib/avr5\libm.a(divsf3x.o)
 .text          0x00003190        0x0 e:/program files/atmel/avr studio 5.0/avr toolchain/bin/../lib/gcc/avr/4.5.1/../../../../avr/lib/avr5\libm.a(fixunssfsi.o)
 .text          0x00003190        0x0 e:/program files/atmel/avr studio 5.0/avr toolchain/bin/../lib/gcc/avr/4.5.1/../../../../avr/lib/avr5\libm.a(floatsisf.o)
 .text          0x00003190        0x0 e:/program files/atmel/avr studio 5.0/avr toolchain/bin/../lib/gcc/avr/4.5.1/../../../../avr/lib/avr5\libm.a(fp_cmp.o)
 .text          0x00003190        0x0 e:/program files/atmel/avr studio 5.0/avr toolchain/bin/../lib/gcc/avr/4.5.1/../../../../avr/lib/avr5\libm.a(fp_inf.o)
 .text          0x00003190        0x0 e:/program files/atmel/avr studio 5.0/avr toolchain/bin/../lib/gcc/avr/4.5.1/../../../../avr/lib/avr5\libm.a(fp_nan.o)
 .text          0x00003190        0x0 e:/program files/atmel/avr studio 5.0/avr toolchain/bin/../lib/gcc/avr/4.5.1/../../../../avr/lib/avr5\libm.a(fp_pscA.o)
 .text          0x00003190        0x0 e:/program files/atmel/avr studio 5.0/avr toolchain/bin/../lib/gcc/avr/4.5.1/../../../../avr/lib/avr5\libm.a(fp_pscB.o)
 .text          0x00003190        0x0 e:/program files/atmel/avr studio 5.0/avr toolchain/bin/../lib/gcc/avr/4.5.1/../../../../avr/lib/avr5\libm.a(fp_round.o)
 .text          0x00003190        0x0 e:/program files/atmel/avr studio 5.0/avr toolchain/bin/../lib/gcc/avr/4.5.1/../../../../avr/lib/avr5\libm.a(fp_split3.o)
 .text          0x00003190        0x0 e:/program files/atmel/avr studio 5.0/avr toolchain/bin/../lib/gcc/avr/4.5.1/../../../../avr/lib/avr5\libm.a(fp_zero.o)
 .text          0x00003190        0x0 e:/program files/atmel/avr studio 5.0/avr toolchain/bin/../lib/gcc/avr/4.5.1/../../../../avr/lib/avr5\libm.a(gesf2.o)
 .text          0x00003190        0x0 e:/program files/atmel/avr studio 5.0/avr toolchain/bin/../lib/gcc/avr/4.5.1/../../../../avr/lib/avr5\libm.a(lrint.o)
 .text          0x00003190        0x0 e:/program files/atmel/avr studio 5.0/avr toolchain/bin/../lib/gcc/avr/4.5.1/../../../../avr/lib/avr5\libm.a(mulsf3.o)
 .text          0x00003190        0x0 e:/program files/atmel/avr studio 5.0/avr toolchain/bin/../lib/gcc/avr/4.5.1/../../../../avr/lib/avr5\libm.a(mulsf3x.o)
 .text          0x00003190        0x0 e:/program files/atmel/avr studio 5.0/avr toolchain/bin/../lib/gcc/avr/4.5.1/../../../../avr/lib/avr5\libm.a(pow.o)
 .text          0x00003190        0x0 e:/program files/atmel/avr studio 5.0/avr toolchain/bin/../lib/gcc/avr/4.5.1/../../../../avr/lib/avr5\libm.a(exp.o)
 .text          0x00003190        0x0 e:/program files/atmel/avr studio 5.0/avr toolchain/bin/../lib/gcc/avr/4.5.1/../../../../avr/lib/avr5\libm.a(fp_powser.o)
 .text          0x00003190        0x0 e:/program files/atmel/avr studio 5.0/avr toolchain/bin/../lib/gcc/avr/4.5.1/../../../../avr/lib/avr5\libm.a(inverse.o)
 .text          0x00003190        0x0 e:/program files/atmel/avr studio 5.0/avr toolchain/bin/../lib/gcc/avr/4.5.1/../../../../avr/lib/avr5\libm.a(ldexp.o)
 .text          0x00003190        0x0 e:/program files/atmel/avr studio 5.0/avr toolchain/bin/../lib/gcc/avr/4.5.1/../../../../avr/lib/avr5\libm.a(log.o)
 .text          0x00003190        0x0 e:/program files/atmel/avr studio 5.0/avr toolchain/bin/../lib/gcc/avr/4.5.1/../../../../avr/lib/avr5\libm.a(modf.o)
 .text          0x00003190        0x0 e:/program files/atmel/avr studio 5.0/avr toolchain/bin/../lib/gcc/avr/4.5.1/../../../../avr/lib/avr5\libm.a(addsf3.o)
 .text          0x00003190        0x0 e:/program files/atmel/avr studio 5.0/avr toolchain/bin/../lib/gcc/avr/4.5.1/../../../../avr/lib/avr5\libm.a(addsf3x.o)
 .text          0x00003190        0x0 e:/program files/atmel/avr studio 5.0/avr toolchain/bin/../lib/gcc/avr/4.5.1/../../../../avr/lib/avr5\libm.a(fp_mpack.o)
 .text          0x00003190        0x0 e:/program files/atmel/avr studio 5.0/avr toolchain/bin/../lib/gcc/avr/4.5.1/avr5\libgcc.a(_mulsi3.o)
 .text          0x00003190        0x0 e:/program files/atmel/avr studio 5.0/avr toolchain/bin/../lib/gcc/avr/4.5.1/avr5\libgcc.a(_udivmodsi4.o)
 .text          0x00003190        0x0 e:/program files/atmel/avr studio 5.0/avr toolchain/bin/../lib/gcc/avr/4.5.1/avr5\libgcc.a(_exit.o)
 .text          0x00003190        0x0 e:/program files/atmel/avr studio 5.0/avr toolchain/bin/../lib/gcc/avr/4.5.1/avr5\libgcc.a(_copy_data.o)
 .text          0x00003190        0x0 e:/program files/atmel/avr studio 5.0/avr toolchain/bin/../lib/gcc/avr/4.5.1/avr5\libgcc.a(_clear_bss.o)
 .text          0x00003190        0x0 e:/program files/atmel/avr studio 5.0/avr toolchain/bin/../lib/gcc/avr/4.5.1/../../../../avr/lib/avr5\libc.a(malloc.o)
 .text          0x00003190        0x0 e:/program files/atmel/avr studio 5.0/avr toolchain/bin/../lib/gcc/avr/4.5.1/../../../../avr/lib/avr5\libc.a(iob.o)
 .text          0x00003190        0x0 e:/program files/atmel/avr studio 5.0/avr toolchain/bin/../lib/gcc/avr/4.5.1/../../../../avr/lib/avr5\libc.a(printf.o)
 .text          0x00003190        0x0 e:/program files/atmel/avr studio 5.0/avr toolchain/bin/../lib/gcc/avr/4.5.1/../../../../avr/lib/avr5\libc.a(vfprintf_std.o)
 .text          0x00003190        0x0 e:/program files/atmel/avr studio 5.0/avr toolchain/bin/../lib/gcc/avr/4.5.1/../../../../avr/lib/avr5\libc.a(strnlen_P.o)
 .text          0x00003190        0x0 e:/program files/atmel/avr studio 5.0/avr toolchain/bin/../lib/gcc/avr/4.5.1/../../../../avr/lib/avr5\libc.a(strnlen.o)
 .text          0x00003190        0x0 e:/program files/atmel/avr studio 5.0/avr toolchain/bin/../lib/gcc/avr/4.5.1/../../../../avr/lib/avr5\libc.a(fputc.o)
 .text          0x00003190        0x0 e:/program files/atmel/avr studio 5.0/avr toolchain/bin/../lib/gcc/avr/4.5.1/../../../../avr/lib/avr5\libc.a(ultoa_invert.o)
 .text          0x00003190        0x0 e:/program files/atmel/avr studio 5.0/avr toolchain/bin/../lib/gcc/avr/4.5.1/avr5\libgcc.a(_prologue.o)
 .text          0x00003190        0x0 e:/program files/atmel/avr studio 5.0/avr toolchain/bin/../lib/gcc/avr/4.5.1/avr5\libgcc.a(_epilogue.o)
                0x00003190                . = ALIGN (0x2)
 *(.text.*)
 .text.avr-libc.fplib
                0x00003190        0x8 e:/program files/atmel/avr studio 5.0/avr toolchain/bin/../lib/gcc/avr/4.5.1/../../../../avr/lib/avr5\libm.a(cmpsf2.o)
                0x00003190                __nesf2
                0x00003190                __eqsf2
                0x00003190                __cmpsf2
                0x00003190                __ltsf2
                0x00003190                __lesf2
 .text.avr-libc.fplib
                0x00003198        0x4 e:/program files/atmel/avr studio 5.0/avr toolchain/bin/../lib/gcc/avr/4.5.1/../../../../avr/lib/avr5\libm.a(divsf3.o)
                0x00003198                __divsf3
 .text.avr-libc.fplib
                0x0000319c       0xcc e:/program files/atmel/avr studio 5.0/avr toolchain/bin/../lib/gcc/avr/4.5.1/../../../../avr/lib/avr5\libm.a(divsf3x.o)
                0x000031b2                __divsf3x
                0x000031b6                __divsf3_pse
 .text.avr-libc.fplib
                0x00003268       0x58 e:/program files/atmel/avr studio 5.0/avr toolchain/bin/../lib/gcc/avr/4.5.1/../../../../avr/lib/avr5\libm.a(fixunssfsi.o)
                0x00003268                __fixunssfsi
 .text.avr-libc.fplib
                0x000032c0       0x7a e:/program files/atmel/avr studio 5.0/avr toolchain/bin/../lib/gcc/avr/4.5.1/../../../../avr/lib/avr5\libm.a(floatsisf.o)
                0x000032c0                __floatunsisf
                0x000032c4                __floatsisf
 .text.avr-libc.fplib
                0x0000333a       0x48 e:/program files/atmel/avr studio 5.0/avr toolchain/bin/../lib/gcc/avr/4.5.1/../../../../avr/lib/avr5\libm.a(fp_cmp.o)
                0x0000333a                __fp_cmp
 .text.avr-libc.fplib
                0x00003382        0xc e:/program files/atmel/avr studio 5.0/avr toolchain/bin/../lib/gcc/avr/4.5.1/../../../../avr/lib/avr5\libm.a(fp_inf.o)
                0x00003382                __fp_inf
 .text.avr-libc.fplib
                0x0000338e        0x6 e:/program files/atmel/avr studio 5.0/avr toolchain/bin/../lib/gcc/avr/4.5.1/../../../../avr/lib/avr5\libm.a(fp_nan.o)
                0x0000338e                __fp_nan
 .text.avr-libc.fplib
                0x00003394        0xe e:/program files/atmel/avr studio 5.0/avr toolchain/bin/../lib/gcc/avr/4.5.1/../../../../avr/lib/avr5\libm.a(fp_pscA.o)
                0x00003394                __fp_pscA
 .text.avr-libc.fplib
                0x000033a2        0xe e:/program files/atmel/avr studio 5.0/avr toolchain/bin/../lib/gcc/avr/4.5.1/../../../../avr/lib/avr5\libm.a(fp_pscB.o)
                0x000033a2                __fp_pscB
 .text.avr-libc.fplib
                0x000033b0       0x22 e:/program files/atmel/avr studio 5.0/avr toolchain/bin/../lib/gcc/avr/4.5.1/../../../../avr/lib/avr5\libm.a(fp_round.o)
                0x000033b0                __fp_round
 .text.avr-libc.fplib
                0x000033d2       0x44 e:/program files/atmel/avr studio 5.0/avr toolchain/bin/../lib/gcc/avr/4.5.1/../../../../avr/lib/avr5\libm.a(fp_split3.o)
                0x000033d2                __fp_split3
                0x000033e2                __fp_splitA
 .text.avr-libc.fplib
                0x00003416        0xe e:/program files/atmel/avr studio 5.0/avr toolchain/bin/../lib/gcc/avr/4.5.1/../../../../avr/lib/avr5\libm.a(fp_zero.o)
                0x00003416                __fp_zero
                0x00003418                __fp_szero
 .text.avr-libc.fplib
                0x00003424        0x8 e:/program files/atmel/avr studio 5.0/avr toolchain/bin/../lib/gcc/avr/4.5.1/../../../../avr/lib/avr5\libm.a(gesf2.o)
                0x00003424                __gesf2
                0x00003424                __gtsf2
 .text.avr-libc.fplib
                0x0000342c       0x74 e:/program files/atmel/avr studio 5.0/avr toolchain/bin/../lib/gcc/avr/4.5.1/../../../../avr/lib/avr5\libm.a(lrint.o)
                0x0000342c                lrint
 .text.avr-libc.fplib
                0x000034a0        0x4 e:/program files/atmel/avr studio 5.0/avr toolchain/bin/../lib/gcc/avr/4.5.1/../../../../avr/lib/avr5\libm.a(mulsf3.o)
                0x000034a0                __mulsf3
 .text.avr-libc.fplib
                0x000034a4       0xc2 e:/program files/atmel/avr studio 5.0/avr toolchain/bin/../lib/gcc/avr/4.5.1/../../../../avr/lib/avr5\libm.a(mulsf3x.o)
                0x000034b8                __mulsf3x
                0x000034bc                __mulsf3_pse
 .text.avr-libc.fplib
                0x00003566       0x98 e:/program files/atmel/avr studio 5.0/avr toolchain/bin/../lib/gcc/avr/4.5.1/../../../../avr/lib/avr5\libm.a(pow.o)
                0x00003566                pow
 .text.avr-libc.fplib
                0x000035fe       0x62 e:/program files/atmel/avr studio 5.0/avr toolchain/bin/../lib/gcc/avr/4.5.1/../../../../avr/lib/avr5\libm.a(exp.o)
                0x00003608                exp
 .text.avr-libc.fplib
                0x00003660       0x4a e:/program files/atmel/avr studio 5.0/avr toolchain/bin/../lib/gcc/avr/4.5.1/../../../../avr/lib/avr5\libm.a(fp_powser.o)
                0x00003660                __fp_powser
 .text.avr-libc.fplib
                0x000036aa        0xe e:/program files/atmel/avr studio 5.0/avr toolchain/bin/../lib/gcc/avr/4.5.1/../../../../avr/lib/avr5\libm.a(inverse.o)
                0x000036aa                inverse
 .text.avr-libc.fplib
                0x000036b8       0x6c e:/program files/atmel/avr studio 5.0/avr toolchain/bin/../lib/gcc/avr/4.5.1/../../../../avr/lib/avr5\libm.a(ldexp.o)
                0x000036bc                ldexp
 .text.avr-libc.fplib
                0x00003724       0x8a e:/program files/atmel/avr studio 5.0/avr toolchain/bin/../lib/gcc/avr/4.5.1/../../../../avr/lib/avr5\libm.a(log.o)
                0x0000372e                log
 .text.avr-libc.fplib
                0x000037ae       0x66 e:/program files/atmel/avr studio 5.0/avr toolchain/bin/../lib/gcc/avr/4.5.1/../../../../avr/lib/avr5\libm.a(modf.o)
                0x000037ae                modf
                0x000037ae                modff
 .text.avr-libc.fplib
                0x00003814        0xa e:/program files/atmel/avr studio 5.0/avr toolchain/bin/../lib/gcc/avr/4.5.1/../../../../avr/lib/avr5\libm.a(addsf3.o)
                0x00003814                __subsf3
                0x00003816                __addsf3
 .text.avr-libc.fplib
                0x0000381e       0xc0 e:/program files/atmel/avr studio 5.0/avr toolchain/bin/../lib/gcc/avr/4.5.1/../../../../avr/lib/avr5\libm.a(addsf3x.o)
                0x00003838                __addsf3x
 .text.avr-libc.fplib
                0x000038de       0x1c e:/program files/atmel/avr studio 5.0/avr toolchain/bin/../lib/gcc/avr/4.5.1/../../../../avr/lib/avr5\libm.a(fp_mpack.o)
                0x000038de                __fp_mpack
                0x000038e2                __fp_mpack_finite
 .text.libgcc   0x000038fa       0x3e e:/program files/atmel/avr studio 5.0/avr toolchain/bin/../lib/gcc/avr/4.5.1/avr5\libgcc.a(_mulsi3.o)
                0x000038fa                __mulsi3
 .text.libgcc   0x00003938       0x44 e:/program files/atmel/avr studio 5.0/avr toolchain/bin/../lib/gcc/avr/4.5.1/avr5\libgcc.a(_udivmodsi4.o)
                0x00003938                __udivmodsi4
 .text.libgcc   0x0000397c        0x0 e:/program files/atmel/avr studio 5.0/avr toolchain/bin/../lib/gcc/avr/4.5.1/avr5\libgcc.a(_exit.o)
 .text.libgcc   0x0000397c        0x0 e:/program files/atmel/avr studio 5.0/avr toolchain/bin/../lib/gcc/avr/4.5.1/avr5\libgcc.a(_copy_data.o)
 .text.libgcc   0x0000397c        0x0 e:/program files/atmel/avr studio 5.0/avr toolchain/bin/../lib/gcc/avr/4.5.1/avr5\libgcc.a(_clear_bss.o)
 .text.avr-libc
                0x0000397c      0x266 e:/program files/atmel/avr studio 5.0/avr toolchain/bin/../lib/gcc/avr/4.5.1/../../../../avr/lib/avr5\libc.a(malloc.o)
                0x0000397c                malloc
                0x00003ab0                free
 .text.avr-libc
                0x00003be2       0x2a e:/program files/atmel/avr studio 5.0/avr toolchain/bin/../lib/gcc/avr/4.5.1/../../../../avr/lib/avr5\libc.a(printf.o)
                0x00003be2                printf
 .text.avr-libc
                0x00003c0c      0x3ce e:/program files/atmel/avr studio 5.0/avr toolchain/bin/../lib/gcc/avr/4.5.1/../../../../avr/lib/avr5\libc.a(vfprintf_std.o)
                0x00003c0c                vfprintf
 .text.avr-libc
                0x00003fda       0x16 e:/program files/atmel/avr studio 5.0/avr toolchain/bin/../lib/gcc/avr/4.5.1/../../../../avr/lib/avr5\libc.a(strnlen_P.o)
                0x00003fda                strnlen_P
 .text.avr-libc
                0x00003ff0       0x16 e:/program files/atmel/avr studio 5.0/avr toolchain/bin/../lib/gcc/avr/4.5.1/../../../../avr/lib/avr5\libc.a(strnlen.o)
                0x00003ff0                strnlen
 .text.avr-libc
                0x00004006       0x58 e:/program files/atmel/avr studio 5.0/avr toolchain/bin/../lib/gcc/avr/4.5.1/../../../../avr/lib/avr5\libc.a(fputc.o)
                0x00004006                fputc
 .text.avr-libc
                0x0000405e       0xbc e:/program files/atmel/avr studio 5.0/avr toolchain/bin/../lib/gcc/avr/4.5.1/../../../../avr/lib/avr5\libc.a(ultoa_invert.o)
                0x0000405e                __ultoa_invert
 .text.libgcc   0x0000411a       0x38 e:/program files/atmel/avr studio 5.0/avr toolchain/bin/../lib/gcc/avr/4.5.1/avr5\libgcc.a(_prologue.o)
                0x0000411a                __prologue_saves__
 .text.libgcc   0x00004152       0x36 e:/program files/atmel/avr studio 5.0/avr toolchain/bin/../lib/gcc/avr/4.5.1/avr5\libgcc.a(_epilogue.o)
                0x00004152                __epilogue_restores__
                0x00004188                . = ALIGN (0x2)
 *(.fini9)
 .fini9         0x00004188        0x0 e:/program files/atmel/avr studio 5.0/avr toolchain/bin/../lib/gcc/avr/4.5.1/avr5\libgcc.a(_exit.o)
                0x00004188                _exit
                0x00004188                exit
 *(.fini9)
 *(.fini8)
 *(.fini8)
 *(.fini7)
 *(.fini7)
 *(.fini6)
 *(.fini6)
 *(.fini5)
 *(.fini5)
 *(.fini4)
 *(.fini4)
 *(.fini3)
 *(.fini3)
 *(.fini2)
 *(.fini2)
 *(.fini1)
 *(.fini1)
 *(.fini0)
 .fini0         0x00004188        0x4 e:/program files/atmel/avr studio 5.0/avr toolchain/bin/../lib/gcc/avr/4.5.1/avr5\libgcc.a(_exit.o)
 *(.fini0)
                0x0000418c                _etext = .

.data           0x00800100       0xfc load address 0x0000418c
                0x00800100                PROVIDE (__data_start, .)
 *(.data)
 .data          0x00800100        0x0 e:/program files/atmel/avr studio 5.0/avr toolchain/bin/../lib/gcc/avr/4.5.1/../../../../avr/lib/avr5/crtm324p.o
 .data          0x00800100       0x85 Voice Control.o
 .data          0x00800185        0x0 ../CEENbot API\libcapi324v221.a(CBOT_main.o)
 .data          0x00800185        0x0 ../CEENbot API\libcapi324v221.a(LCD_clear.o)
 .data          0x00800185        0x0 ../CEENbot API\libcapi324v221.a(LCD_open.o)
 .data          0x00800185        0x0 ../CEENbot API\libcapi324v221.a(LCD_set_backlight.o)
 .data          0x00800185        0x0 ../CEENbot API\libcapi324v221.a(LCD_set_next_PGC.o)
 .data          0x00800185        0x0 ../CEENbot API\libcapi324v221.a(LCD_set_PGC_addr.o)
 .data          0x00800185        0x0 ../CEENbot API\libcapi324v221.a(LCD_write.o)
 .data          0x00800185        0x0 ../CEENbot API\libcapi324v221.a(SPI_set_slave_addr.o)
 .data          0x00800185        0x0 ../CEENbot API\libcapi324v221.a(SPI_transmit.o)
 .data          0x00800185        0x0 ../CEENbot API\libcapi324v221.a(STEPPER_move.o)
 .data          0x00800185        0x0 ../CEENbot API\libcapi324v221.a(STEPPER_open.o)
 .data          0x00800185        0x0 ../CEENbot API\libcapi324v221.a(STEPPER_run.o)
 .data          0x00800185        0x0 ../CEENbot API\libcapi324v221.a(STEPPER_set_accel.o)
 .data          0x00800185        0x0 ../CEENbot API\libcapi324v221.a(STEPPER_set_dir.o)
 .data          0x00800185        0x0 ../CEENbot API\libcapi324v221.a(STEPPER_set_mode.o)
 .data          0x00800185        0x0 ../CEENbot API\libcapi324v221.a(STEPPER_set_speed.o)
 .data          0x00800185        0x0 ../CEENbot API\libcapi324v221.a(STEPPER_step.o)
 .data          0x00800185        0x0 ../CEENbot API\libcapi324v221.a(STEPPER_stop.o)
 .data          0x00800185        0x0 ../CEENbot API\libcapi324v221.a(STEPPER_wait_and_then.o)
 .data          0x00800185        0x0 ../CEENbot API\libcapi324v221.a(SYS_get_state.o)
 .data          0x00800185        0x0 ../CEENbot API\libcapi324v221.a(SYS_globals.o)
 .data          0x00800185        0x0 ../CEENbot API\libcapi324v221.a(SYS_set_state.o)
 .data          0x00800185        0x6 ../CEENbot API\libcapi324v221.a(ATTINY_get_SW_state.o)
 .data          0x0080018b        0x0 ../CEENbot API\libcapi324v221.a(TMRSRVC_new.o)
 .data          0x0080018b        0x0 ../CEENbot API\libcapi324v221.a(UART_configure.o)
 .data          0x0080018b       0x1c ../CEENbot API\libcapi324v221.a(UART_globals.o)
                0x0080018b                UART0_stdout
                0x00800199                UART1_stdout
 .data          0x008001a7        0x0 ../CEENbot API\libcapi324v221.a(UART_open.o)
 .data          0x008001a7        0x0 ../CEENbot API\libcapi324v221.a(UART_set_timeout.o)
 .data          0x008001a7        0x0 ../CEENbot API\libcapi324v221.a(CBOT_init.o)
 .data          0x008001a7        0x0 ../CEENbot API\libcapi324v221.a(CBOT_isr.o)
 .data          0x008001a7        0x0 ../CEENbot API\libcapi324v221.a(ISR_globals.o)
 .data          0x008001a7        0x0 ../CEENbot API\libcapi324v221.a(ISR_open.o)
 .data          0x008001a7        0xe ../CEENbot API\libcapi324v221.a(LCD_globals.o)
                0x008001a7                LCD_stdout
 .data          0x008001b5        0x0 ../CEENbot API\libcapi324v221.a(__LCD_init.o)
 .data          0x008001b5        0x0 ../CEENbot API\libcapi324v221.a(__LCD_putchar.o)
 .data          0x008001b5        0x0 ../CEENbot API\libcapi324v221.a(ATMEGA_open.o)
 .data          0x008001b5        0x0 ../CEENbot API\libcapi324v221.a(ATMEGA_set_clk_mode.o)
 .data          0x008001b5        0x0 ../CEENbot API\libcapi324v221.a(SPI_globals.o)
 .data          0x008001b5        0x0 ../CEENbot API\libcapi324v221.a(SPI_open.o)
 .data          0x008001b5        0x0 ../CEENbot API\libcapi324v221.a(SPI_set_config_func.o)
 .data          0x008001b5        0x0 ../CEENbot API\libcapi324v221.a(SPKR_close.o)
 .data          0x008001b5       0x38 ../CEENbot API\libcapi324v221.a(SPKR_globals.o)
                0x008001b5                note_LUT
                0x008001e5                diatonic_LUT
 .data          0x008001ed        0x0 ../CEENbot API\libcapi324v221.a(SPKR_open.o)
 .data          0x008001ed        0x0 ../CEENbot API\libcapi324v221.a(SPKR_play_beep.o)
 .data          0x008001ed        0x0 ../CEENbot API\libcapi324v221.a(__SPKR_stop.o)
 .data          0x008001ed        0x8 ../CEENbot API\libcapi324v221.a(STEPPER_globals.o)
                0x008001ed                Motor_L_LUT
                0x008001f1                Motor_R_LUT
 .data          0x008001f5        0x0 ../CEENbot API\libcapi324v221.a(STEPPER_go.o)
 .data          0x008001f5        0x0 ../CEENbot API\libcapi324v221.a(__STEPPER_init.o)
 .data          0x008001f5        0x0 ../CEENbot API\libcapi324v221.a(STEPPER_set_steps.o)
 .data          0x008001f5        0x0 ../CEENbot API\libcapi324v221.a(STEPPER_set_stop_mode.o)
 .data          0x008001f5        0x0 ../CEENbot API\libcapi324v221.a(STEPPER_setup_decels.o)
 .data          0x008001f5        0x0 ../CEENbot API\libcapi324v221.a(SYS_init.o)
 .data          0x008001f5        0x0 ../CEENbot API\libcapi324v221.a(ATTINY_get_sensors.o)
 .data          0x008001f5        0x0 ../CEENbot API\libcapi324v221.a(ATTINY_open.o)
 .data          0x008001f5        0x0 ../CEENbot API\libcapi324v221.a(TMRSRVC_delay.o)
 .data          0x008001f5        0x0 ../CEENbot API\libcapi324v221.a(TMRSRVC_globals.o)
 .data          0x008001f5        0x0 ../CEENbot API\libcapi324v221.a(__TMRSRVC_insert.o)
 .data          0x008001f5        0x0 ../CEENbot API\libcapi324v221.a(TMRSRVC_open.o)
 .data          0x008001f5        0x0 ../CEENbot API\libcapi324v221.a(__TMRSRVC_start.o)
 .data          0x008001f5        0x0 ../CEENbot API\libcapi324v221.a(TMRSRVC_start.o)
 .data          0x008001f5        0x0 ../CEENbot API\libcapi324v221.a(__UART0_putchar.o)
 .data          0x008001f5        0x0 ../CEENbot API\libcapi324v221.a(__UART1_putchar.o)
 .data          0x008001f5        0x0 ../CEENbot API\libcapi324v221.a(__UART_init.o)
 .data          0x008001f5        0x0 ../CEENbot API\libcapi324v221.a(UART_transmit.o)
 .data          0x008001f5        0x0 ../CEENbot API\libcapi324v221.a(__ISR_attach.o)
 .data          0x008001f5        0x0 ../CEENbot API\libcapi324v221.a(ISR_attach.o)
 .data          0x008001f5        0x0 ../CEENbot API\libcapi324v221.a(__ATMEGA_init.o)
 .data          0x008001f5        0x0 ../CEENbot API\libcapi324v221.a(SPI_cfgrs.o)
 .data          0x008001f5        0x0 ../CEENbot API\libcapi324v221.a(__SPI_init.o)
 .data          0x008001f5        0x0 ../CEENbot API\libcapi324v221.a(SPI_receive.o)
 .data          0x008001f5        0x0 ../CEENbot API\libcapi324v221.a(ISR__SPKR__TIMER1_COMPA_vect.o)
 .data          0x008001f5        0x0 ../CEENbot API\libcapi324v221.a(SPKR_beep.o)
 .data          0x008001f5        0x0 ../CEENbot API\libcapi324v221.a(SPKR_clk.o)
 .data          0x008001f5        0x0 ../CEENbot API\libcapi324v221.a(__SPKR_close.o)
 .data          0x008001f5        0x0 ../CEENbot API\libcapi324v221.a(__SPKR_init.o)
 .data          0x008001f5        0x0 ../CEENbot API\libcapi324v221.a(STEPPER_set_decel_step_values.o)
 .data          0x008001f5        0x0 ../CEENbot API\libcapi324v221.a(ATTINY_globals.o)
 .data          0x008001f5        0x0 ../CEENbot API\libcapi324v221.a(ISR__TIMER0_COMPA_vect.o)
 .data          0x008001f5        0x0 ../CEENbot API\libcapi324v221.a(__TMRSRVC_init.o)
 .data          0x008001f5        0x0 ../CEENbot API\libcapi324v221.a(TMRSRVC_tick.o)
 .data          0x008001f5        0x0 ../CEENbot API\libcapi324v221.a(SPKR_beep_clk.o)
 .data          0x008001f5        0x0 ../CEENbot API\libcapi324v221.a(STEPPER_clk.o)
 .data          0x008001f5        0x0 ../CEENbot API\libcapi324v221.a(STEPPER_process_accel.o)
 .data          0x008001f5        0x0 ../CEENbot API\libcapi324v221.a(STEPPER_process_run_mode.o)
 .data          0x008001f5        0x0 ../CEENbot API\libcapi324v221.a(STEPPER_process_step_mode.o)
 .data          0x008001f5        0x0 ../CEENbot API\libcapi324v221.a(TMRSRVC_process.o)
 .data          0x008001f5        0x0 ../CEENbot API\libcapi324v221.a(TMRSRVC_stop.o)
 .data          0x008001f5        0x0 ../CEENbot API\libcapi324v221.a(STEPPER_process_pwm.o)
 .data          0x008001f5        0x0 e:/program files/atmel/avr studio 5.0/avr toolchain/bin/../lib/gcc/avr/4.5.1/../../../../avr/lib/avr5\libm.a(cmpsf2.o)
 .data          0x008001f5        0x0 e:/program files/atmel/avr studio 5.0/avr toolchain/bin/../lib/gcc/avr/4.5.1/../../../../avr/lib/avr5\libm.a(divsf3.o)
 .data          0x008001f5        0x0 e:/program files/atmel/avr studio 5.0/avr toolchain/bin/../lib/gcc/avr/4.5.1/../../../../avr/lib/avr5\libm.a(divsf3x.o)
 .data          0x008001f5        0x0 e:/program files/atmel/avr studio 5.0/avr toolchain/bin/../lib/gcc/avr/4.5.1/../../../../avr/lib/avr5\libm.a(fixunssfsi.o)
 .data          0x008001f5        0x0 e:/program files/atmel/avr studio 5.0/avr toolchain/bin/../lib/gcc/avr/4.5.1/../../../../avr/lib/avr5\libm.a(floatsisf.o)
 .data          0x008001f5        0x0 e:/program files/atmel/avr studio 5.0/avr toolchain/bin/../lib/gcc/avr/4.5.1/../../../../avr/lib/avr5\libm.a(fp_cmp.o)
 .data          0x008001f5        0x0 e:/program files/atmel/avr studio 5.0/avr toolchain/bin/../lib/gcc/avr/4.5.1/../../../../avr/lib/avr5\libm.a(fp_inf.o)
 .data          0x008001f5        0x0 e:/program files/atmel/avr studio 5.0/avr toolchain/bin/../lib/gcc/avr/4.5.1/../../../../avr/lib/avr5\libm.a(fp_nan.o)
 .data          0x008001f5        0x0 e:/program files/atmel/avr studio 5.0/avr toolchain/bin/../lib/gcc/avr/4.5.1/../../../../avr/lib/avr5\libm.a(fp_pscA.o)
 .data          0x008001f5        0x0 e:/program files/atmel/avr studio 5.0/avr toolchain/bin/../lib/gcc/avr/4.5.1/../../../../avr/lib/avr5\libm.a(fp_pscB.o)
 .data          0x008001f5        0x0 e:/program files/atmel/avr studio 5.0/avr toolchain/bin/../lib/gcc/avr/4.5.1/../../../../avr/lib/avr5\libm.a(fp_round.o)
 .data          0x008001f5        0x0 e:/program files/atmel/avr studio 5.0/avr toolchain/bin/../lib/gcc/avr/4.5.1/../../../../avr/lib/avr5\libm.a(fp_split3.o)
 .data          0x008001f5        0x0 e:/program files/atmel/avr studio 5.0/avr toolchain/bin/../lib/gcc/avr/4.5.1/../../../../avr/lib/avr5\libm.a(fp_zero.o)
 .data          0x008001f5        0x0 e:/program files/atmel/avr studio 5.0/avr toolchain/bin/../lib/gcc/avr/4.5.1/../../../../avr/lib/avr5\libm.a(gesf2.o)
 .data          0x008001f5        0x0 e:/program files/atmel/avr studio 5.0/avr toolchain/bin/../lib/gcc/avr/4.5.1/../../../../avr/lib/avr5\libm.a(lrint.o)
 .data          0x008001f5        0x0 e:/program files/atmel/avr studio 5.0/avr toolchain/bin/../lib/gcc/avr/4.5.1/../../../../avr/lib/avr5\libm.a(mulsf3.o)
 .data          0x008001f5        0x0 e:/program files/atmel/avr studio 5.0/avr toolchain/bin/../lib/gcc/avr/4.5.1/../../../../avr/lib/avr5\libm.a(mulsf3x.o)
 .data          0x008001f5        0x0 e:/program files/atmel/avr studio 5.0/avr toolchain/bin/../lib/gcc/avr/4.5.1/../../../../avr/lib/avr5\libm.a(pow.o)
 .data          0x008001f5        0x0 e:/program files/atmel/avr studio 5.0/avr toolchain/bin/../lib/gcc/avr/4.5.1/../../../../avr/lib/avr5\libm.a(exp.o)
 .data          0x008001f5        0x0 e:/program files/atmel/avr studio 5.0/avr toolchain/bin/../lib/gcc/avr/4.5.1/../../../../avr/lib/avr5\libm.a(fp_powser.o)
 .data          0x008001f5        0x0 e:/program files/atmel/avr studio 5.0/avr toolchain/bin/../lib/gcc/avr/4.5.1/../../../../avr/lib/avr5\libm.a(inverse.o)
 .data          0x008001f5        0x0 e:/program files/atmel/avr studio 5.0/avr toolchain/bin/../lib/gcc/avr/4.5.1/../../../../avr/lib/avr5\libm.a(ldexp.o)
 .data          0x008001f5        0x0 e:/program files/atmel/avr studio 5.0/avr toolchain/bin/../lib/gcc/avr/4.5.1/../../../../avr/lib/avr5\libm.a(log.o)
 .data          0x008001f5        0x0 e:/program files/atmel/avr studio 5.0/avr toolchain/bin/../lib/gcc/avr/4.5.1/../../../../avr/lib/avr5\libm.a(modf.o)
 .data          0x008001f5        0x0 e:/program files/atmel/avr studio 5.0/avr toolchain/bin/../lib/gcc/avr/4.5.1/../../../../avr/lib/avr5\libm.a(addsf3.o)
 .data          0x008001f5        0x0 e:/program files/atmel/avr studio 5.0/avr toolchain/bin/../lib/gcc/avr/4.5.1/../../../../avr/lib/avr5\libm.a(addsf3x.o)
 .data          0x008001f5        0x0 e:/program files/atmel/avr studio 5.0/avr toolchain/bin/../lib/gcc/avr/4.5.1/../../../../avr/lib/avr5\libm.a(fp_mpack.o)
 .data          0x008001f5        0x0 e:/program files/atmel/avr studio 5.0/avr toolchain/bin/../lib/gcc/avr/4.5.1/avr5\libgcc.a(_mulsi3.o)
 .data          0x008001f5        0x0 e:/program files/atmel/avr studio 5.0/avr toolchain/bin/../lib/gcc/avr/4.5.1/avr5\libgcc.a(_udivmodsi4.o)
 .data          0x008001f5        0x0 e:/program files/atmel/avr studio 5.0/avr toolchain/bin/../lib/gcc/avr/4.5.1/avr5\libgcc.a(_exit.o)
 .data          0x008001f5        0x0 e:/program files/atmel/avr studio 5.0/avr toolchain/bin/../lib/gcc/avr/4.5.1/avr5\libgcc.a(_copy_data.o)
 .data          0x008001f5        0x0 e:/program files/atmel/avr studio 5.0/avr toolchain/bin/../lib/gcc/avr/4.5.1/avr5\libgcc.a(_clear_bss.o)
 .data          0x008001f5        0x6 e:/program files/atmel/avr studio 5.0/avr toolchain/bin/../lib/gcc/avr/4.5.1/../../../../avr/lib/avr5\libc.a(malloc.o)
                0x008001f5                __malloc_margin
                0x008001f7                __malloc_heap_start
                0x008001f9                __malloc_heap_end
 .data          0x008001fb        0x0 e:/program files/atmel/avr studio 5.0/avr toolchain/bin/../lib/gcc/avr/4.5.1/../../../../avr/lib/avr5\libc.a(iob.o)
 .data          0x008001fb        0x0 e:/program files/atmel/avr studio 5.0/avr toolchain/bin/../lib/gcc/avr/4.5.1/../../../../avr/lib/avr5\libc.a(printf.o)
 .data          0x008001fb        0x0 e:/program files/atmel/avr studio 5.0/avr toolchain/bin/../lib/gcc/avr/4.5.1/../../../../avr/lib/avr5\libc.a(vfprintf_std.o)
 .data          0x008001fb        0x0 e:/program files/atmel/avr studio 5.0/avr toolchain/bin/../lib/gcc/avr/4.5.1/../../../../avr/lib/avr5\libc.a(strnlen_P.o)
 .data          0x008001fb        0x0 e:/program files/atmel/avr studio 5.0/avr toolchain/bin/../lib/gcc/avr/4.5.1/../../../../avr/lib/avr5\libc.a(strnlen.o)
 .data          0x008001fb        0x0 e:/program files/atmel/avr studio 5.0/avr toolchain/bin/../lib/gcc/avr/4.5.1/../../../../avr/lib/avr5\libc.a(fputc.o)
 .data          0x008001fb        0x0 e:/program files/atmel/avr studio 5.0/avr toolchain/bin/../lib/gcc/avr/4.5.1/../../../../avr/lib/avr5\libc.a(ultoa_invert.o)
 .data          0x008001fb        0x0 e:/program files/atmel/avr studio 5.0/avr toolchain/bin/../lib/gcc/avr/4.5.1/avr5\libgcc.a(_prologue.o)
 .data          0x008001fb        0x0 e:/program files/atmel/avr studio 5.0/avr toolchain/bin/../lib/gcc/avr/4.5.1/avr5\libgcc.a(_epilogue.o)
 *(.data*)
 *(.rodata)
 *(.rodata*)
 *(.gnu.linkonce.d*)
                0x008001fc                . = ALIGN (0x2)
 *fill*         0x008001fb        0x1 00
                0x008001fc                _edata = .
                0x008001fc                PROVIDE (__data_end, .)

.bss            0x008001fc      0x110
                0x008001fc                PROVIDE (__bss_start, .)
 *(.bss)
 .bss           0x008001fc        0x0 e:/program files/atmel/avr studio 5.0/avr toolchain/bin/../lib/gcc/avr/4.5.1/../../../../avr/lib/avr5/crtm324p.o
 .bss           0x008001fc        0x0 Voice Control.o
 .bss           0x008001fc        0x0 ../CEENbot API\libcapi324v221.a(CBOT_main.o)
 .bss           0x008001fc        0x0 ../CEENbot API\libcapi324v221.a(LCD_clear.o)
 .bss           0x008001fc        0x0 ../CEENbot API\libcapi324v221.a(LCD_open.o)
 .bss           0x008001fc        0x0 ../CEENbot API\libcapi324v221.a(LCD_set_backlight.o)
 .bss           0x008001fc        0x0 ../CEENbot API\libcapi324v221.a(LCD_set_next_PGC.o)
 .bss           0x008001fc        0x0 ../CEENbot API\libcapi324v221.a(LCD_set_PGC_addr.o)
 .bss           0x008001fc        0x0 ../CEENbot API\libcapi324v221.a(LCD_write.o)
 .bss           0x008001fc        0x0 ../CEENbot API\libcapi324v221.a(SPI_set_slave_addr.o)
 .bss           0x008001fc        0x0 ../CEENbot API\libcapi324v221.a(SPI_transmit.o)
 .bss           0x008001fc        0x0 ../CEENbot API\libcapi324v221.a(STEPPER_move.o)
 .bss           0x008001fc        0x0 ../CEENbot API\libcapi324v221.a(STEPPER_open.o)
 .bss           0x008001fc        0x0 ../CEENbot API\libcapi324v221.a(STEPPER_run.o)
 .bss           0x008001fc        0x0 ../CEENbot API\libcapi324v221.a(STEPPER_set_accel.o)
 .bss           0x008001fc        0x0 ../CEENbot API\libcapi324v221.a(STEPPER_set_dir.o)
 .bss           0x008001fc        0x0 ../CEENbot API\libcapi324v221.a(STEPPER_set_mode.o)
 .bss           0x008001fc        0x0 ../CEENbot API\libcapi324v221.a(STEPPER_set_speed.o)
 .bss           0x008001fc        0x2 ../CEENbot API\libcapi324v221.a(STEPPER_step.o)
 .bss           0x008001fe        0x0 ../CEENbot API\libcapi324v221.a(STEPPER_stop.o)
 .bss           0x008001fe        0x0 ../CEENbot API\libcapi324v221.a(STEPPER_wait_and_then.o)
 .bss           0x008001fe        0x0 ../CEENbot API\libcapi324v221.a(SYS_get_state.o)
 .bss           0x008001fe        0x0 ../CEENbot API\libcapi324v221.a(SYS_globals.o)
 .bss           0x008001fe        0x0 ../CEENbot API\libcapi324v221.a(SYS_set_state.o)
 .bss           0x008001fe        0xe ../CEENbot API\libcapi324v221.a(ATTINY_get_SW_state.o)
 .bss           0x0080020c        0x0 ../CEENbot API\libcapi324v221.a(TMRSRVC_new.o)
 .bss           0x0080020c        0x0 ../CEENbot API\libcapi324v221.a(UART_configure.o)
 .bss           0x0080020c        0x0 ../CEENbot API\libcapi324v221.a(UART_globals.o)
 .bss           0x0080020c        0x0 ../CEENbot API\libcapi324v221.a(UART_open.o)
 .bss           0x0080020c        0x0 ../CEENbot API\libcapi324v221.a(UART_set_timeout.o)
 .bss           0x0080020c        0x0 ../CEENbot API\libcapi324v221.a(CBOT_init.o)
 .bss           0x0080020c        0x0 ../CEENbot API\libcapi324v221.a(CBOT_isr.o)
 .bss           0x0080020c       0x40 ../CEENbot API\libcapi324v221.a(ISR_globals.o)
                0x0080020c                CBOT_ISR_vtable
 .bss           0x0080024c        0x0 ../CEENbot API\libcapi324v221.a(ISR_open.o)
 .bss           0x0080024c        0x0 ../CEENbot API\libcapi324v221.a(LCD_globals.o)
 .bss           0x0080024c        0x0 ../CEENbot API\libcapi324v221.a(__LCD_init.o)
 .bss           0x0080024c        0x0 ../CEENbot API\libcapi324v221.a(__LCD_putchar.o)
 .bss           0x0080024c        0x0 ../CEENbot API\libcapi324v221.a(ATMEGA_open.o)
 .bss           0x0080024c        0x0 ../CEENbot API\libcapi324v221.a(ATMEGA_set_clk_mode.o)
 .bss           0x0080024c       0x10 ../CEENbot API\libcapi324v221.a(SPI_globals.o)
                0x0080024c                spi_config_func_LUT
 .bss           0x0080025c        0x0 ../CEENbot API\libcapi324v221.a(SPI_open.o)
 .bss           0x0080025c        0x0 ../CEENbot API\libcapi324v221.a(SPI_set_config_func.o)
 .bss           0x0080025c        0x0 ../CEENbot API\libcapi324v221.a(SPKR_close.o)
 .bss           0x0080025c       0x10 ../CEENbot API\libcapi324v221.a(SPKR_globals.o)
                0x0080025c                tone_mode_active
                0x0080025d                beep_mode_active
                0x0080025e                spkr_accum32
                0x00800262                spkr_freq
                0x00800266                beep_accum16
                0x00800268                beep_freq
                0x0080026a                p_Freq_LUT
 .bss           0x0080026c        0x0 ../CEENbot API\libcapi324v221.a(SPKR_open.o)
 .bss           0x0080026c        0x0 ../CEENbot API\libcapi324v221.a(SPKR_play_beep.o)
 .bss           0x0080026c        0x0 ../CEENbot API\libcapi324v221.a(__SPKR_stop.o)
 .bss           0x0080026c        0x0 ../CEENbot API\libcapi324v221.a(STEPPER_globals.o)
 .bss           0x0080026c        0x0 ../CEENbot API\libcapi324v221.a(STEPPER_go.o)
 .bss           0x0080026c        0x0 ../CEENbot API\libcapi324v221.a(__STEPPER_init.o)
 .bss           0x0080026c        0x0 ../CEENbot API\libcapi324v221.a(STEPPER_set_steps.o)
 .bss           0x0080026c        0x0 ../CEENbot API\libcapi324v221.a(STEPPER_set_stop_mode.o)
 .bss           0x0080026c        0x0 ../CEENbot API\libcapi324v221.a(STEPPER_setup_decels.o)
 .bss           0x0080026c        0x0 ../CEENbot API\libcapi324v221.a(SYS_init.o)
 .bss           0x0080026c        0x0 ../CEENbot API\libcapi324v221.a(ATTINY_get_sensors.o)
 .bss           0x0080026c        0x0 ../CEENbot API\libcapi324v221.a(ATTINY_open.o)
 .bss           0x0080026c        0x0 ../CEENbot API\libcapi324v221.a(TMRSRVC_delay.o)
 .bss           0x0080026c        0x2 ../CEENbot API\libcapi324v221.a(TMRSRVC_globals.o)
                0x0080026c                timer_busy_status
                0x0080026d                timer_run_status
 .bss           0x0080026e        0x0 ../CEENbot API\libcapi324v221.a(__TMRSRVC_insert.o)
 .bss           0x0080026e        0x0 ../CEENbot API\libcapi324v221.a(TMRSRVC_open.o)
 .bss           0x0080026e        0x0 ../CEENbot API\libcapi324v221.a(__TMRSRVC_start.o)
 .bss           0x0080026e        0x0 ../CEENbot API\libcapi324v221.a(TMRSRVC_start.o)
 .bss           0x0080026e        0x0 ../CEENbot API\libcapi324v221.a(__UART0_putchar.o)
 .bss           0x0080026e        0x0 ../CEENbot API\libcapi324v221.a(__UART1_putchar.o)
 .bss           0x0080026e        0x0 ../CEENbot API\libcapi324v221.a(__UART_init.o)
 .bss           0x0080026e        0x0 ../CEENbot API\libcapi324v221.a(UART_transmit.o)
 .bss           0x0080026e        0x0 ../CEENbot API\libcapi324v221.a(__ISR_attach.o)
 .bss           0x0080026e        0x0 ../CEENbot API\libcapi324v221.a(ISR_attach.o)
 .bss           0x0080026e        0x0 ../CEENbot API\libcapi324v221.a(__ATMEGA_init.o)
 .bss           0x0080026e        0x0 ../CEENbot API\libcapi324v221.a(SPI_cfgrs.o)
 .bss           0x0080026e        0x0 ../CEENbot API\libcapi324v221.a(__SPI_init.o)
 .bss           0x0080026e        0x0 ../CEENbot API\libcapi324v221.a(SPI_receive.o)
 .bss           0x0080026e        0x0 ../CEENbot API\libcapi324v221.a(ISR__SPKR__TIMER1_COMPA_vect.o)
 .bss           0x0080026e        0x0 ../CEENbot API\libcapi324v221.a(SPKR_beep.o)
 .bss           0x0080026e        0x0 ../CEENbot API\libcapi324v221.a(SPKR_clk.o)
 .bss           0x0080026e        0x0 ../CEENbot API\libcapi324v221.a(__SPKR_close.o)
 .bss           0x0080026e        0x0 ../CEENbot API\libcapi324v221.a(__SPKR_init.o)
 .bss           0x0080026e        0x0 ../CEENbot API\libcapi324v221.a(STEPPER_set_decel_step_values.o)
 .bss           0x0080026e        0x0 ../CEENbot API\libcapi324v221.a(ATTINY_globals.o)
 .bss           0x0080026e        0x0 ../CEENbot API\libcapi324v221.a(ISR__TIMER0_COMPA_vect.o)
 .bss           0x0080026e        0x0 ../CEENbot API\libcapi324v221.a(__TMRSRVC_init.o)
 .bss           0x0080026e        0x0 ../CEENbot API\libcapi324v221.a(TMRSRVC_tick.o)
 .bss           0x0080026e        0x0 ../CEENbot API\libcapi324v221.a(SPKR_beep_clk.o)
 .bss           0x0080026e        0x0 ../CEENbot API\libcapi324v221.a(STEPPER_clk.o)
 .bss           0x0080026e        0x0 ../CEENbot API\libcapi324v221.a(STEPPER_process_accel.o)
 .bss           0x0080026e        0x1 ../CEENbot API\libcapi324v221.a(STEPPER_process_run_mode.o)
 .bss           0x0080026f        0x0 ../CEENbot API\libcapi324v221.a(STEPPER_process_step_mode.o)
 .bss           0x0080026f        0x0 ../CEENbot API\libcapi324v221.a(TMRSRVC_process.o)
 .bss           0x0080026f        0x0 ../CEENbot API\libcapi324v221.a(TMRSRVC_stop.o)
 .bss           0x0080026f        0x4 ../CEENbot API\libcapi324v221.a(STEPPER_process_pwm.o)
 .bss           0x00800273        0x0 e:/program files/atmel/avr studio 5.0/avr toolchain/bin/../lib/gcc/avr/4.5.1/../../../../avr/lib/avr5\libm.a(cmpsf2.o)
 .bss           0x00800273        0x0 e:/program files/atmel/avr studio 5.0/avr toolchain/bin/../lib/gcc/avr/4.5.1/../../../../avr/lib/avr5\libm.a(divsf3.o)
 .bss           0x00800273        0x0 e:/program files/atmel/avr studio 5.0/avr toolchain/bin/../lib/gcc/avr/4.5.1/../../../../avr/lib/avr5\libm.a(divsf3x.o)
 .bss           0x00800273        0x0 e:/program files/atmel/avr studio 5.0/avr toolchain/bin/../lib/gcc/avr/4.5.1/../../../../avr/lib/avr5\libm.a(fixunssfsi.o)
 .bss           0x00800273        0x0 e:/program files/atmel/avr studio 5.0/avr toolchain/bin/../lib/gcc/avr/4.5.1/../../../../avr/lib/avr5\libm.a(floatsisf.o)
 .bss           0x00800273        0x0 e:/program files/atmel/avr studio 5.0/avr toolchain/bin/../lib/gcc/avr/4.5.1/../../../../avr/lib/avr5\libm.a(fp_cmp.o)
 .bss           0x00800273        0x0 e:/program files/atmel/avr studio 5.0/avr toolchain/bin/../lib/gcc/avr/4.5.1/../../../../avr/lib/avr5\libm.a(fp_inf.o)
 .bss           0x00800273        0x0 e:/program files/atmel/avr studio 5.0/avr toolchain/bin/../lib/gcc/avr/4.5.1/../../../../avr/lib/avr5\libm.a(fp_nan.o)
 .bss           0x00800273        0x0 e:/program files/atmel/avr studio 5.0/avr toolchain/bin/../lib/gcc/avr/4.5.1/../../../../avr/lib/avr5\libm.a(fp_pscA.o)
 .bss           0x00800273        0x0 e:/program files/atmel/avr studio 5.0/avr toolchain/bin/../lib/gcc/avr/4.5.1/../../../../avr/lib/avr5\libm.a(fp_pscB.o)
 .bss           0x00800273        0x0 e:/program files/atmel/avr studio 5.0/avr toolchain/bin/../lib/gcc/avr/4.5.1/../../../../avr/lib/avr5\libm.a(fp_round.o)
 .bss           0x00800273        0x0 e:/program files/atmel/avr studio 5.0/avr toolchain/bin/../lib/gcc/avr/4.5.1/../../../../avr/lib/avr5\libm.a(fp_split3.o)
 .bss           0x00800273        0x0 e:/program files/atmel/avr studio 5.0/avr toolchain/bin/../lib/gcc/avr/4.5.1/../../../../avr/lib/avr5\libm.a(fp_zero.o)
 .bss           0x00800273        0x0 e:/program files/atmel/avr studio 5.0/avr toolchain/bin/../lib/gcc/avr/4.5.1/../../../../avr/lib/avr5\libm.a(gesf2.o)
 .bss           0x00800273        0x0 e:/program files/atmel/avr studio 5.0/avr toolchain/bin/../lib/gcc/avr/4.5.1/../../../../avr/lib/avr5\libm.a(lrint.o)
 .bss           0x00800273        0x0 e:/program files/atmel/avr studio 5.0/avr toolchain/bin/../lib/gcc/avr/4.5.1/../../../../avr/lib/avr5\libm.a(mulsf3.o)
 .bss           0x00800273        0x0 e:/program files/atmel/avr studio 5.0/avr toolchain/bin/../lib/gcc/avr/4.5.1/../../../../avr/lib/avr5\libm.a(mulsf3x.o)
 .bss           0x00800273        0x0 e:/program files/atmel/avr studio 5.0/avr toolchain/bin/../lib/gcc/avr/4.5.1/../../../../avr/lib/avr5\libm.a(pow.o)
 .bss           0x00800273        0x0 e:/program files/atmel/avr studio 5.0/avr toolchain/bin/../lib/gcc/avr/4.5.1/../../../../avr/lib/avr5\libm.a(exp.o)
 .bss           0x00800273        0x0 e:/program files/atmel/avr studio 5.0/avr toolchain/bin/../lib/gcc/avr/4.5.1/../../../../avr/lib/avr5\libm.a(fp_powser.o)
 .bss           0x00800273        0x0 e:/program files/atmel/avr studio 5.0/avr toolchain/bin/../lib/gcc/avr/4.5.1/../../../../avr/lib/avr5\libm.a(inverse.o)
 .bss           0x00800273        0x0 e:/program files/atmel/avr studio 5.0/avr toolchain/bin/../lib/gcc/avr/4.5.1/../../../../avr/lib/avr5\libm.a(ldexp.o)
 .bss           0x00800273        0x0 e:/program files/atmel/avr studio 5.0/avr toolchain/bin/../lib/gcc/avr/4.5.1/../../../../avr/lib/avr5\libm.a(log.o)
 .bss           0x00800273        0x0 e:/program files/atmel/avr studio 5.0/avr toolchain/bin/../lib/gcc/avr/4.5.1/../../../../avr/lib/avr5\libm.a(modf.o)
 .bss           0x00800273        0x0 e:/program files/atmel/avr studio 5.0/avr toolchain/bin/../lib/gcc/avr/4.5.1/../../../../avr/lib/avr5\libm.a(addsf3.o)
 .bss           0x00800273        0x0 e:/program files/atmel/avr studio 5.0/avr toolchain/bin/../lib/gcc/avr/4.5.1/../../../../avr/lib/avr5\libm.a(addsf3x.o)
 .bss           0x00800273        0x0 e:/program files/atmel/avr studio 5.0/avr toolchain/bin/../lib/gcc/avr/4.5.1/../../../../avr/lib/avr5\libm.a(fp_mpack.o)
 .bss           0x00800273        0x0 e:/program files/atmel/avr studio 5.0/avr toolchain/bin/../lib/gcc/avr/4.5.1/avr5\libgcc.a(_mulsi3.o)
 .bss           0x00800273        0x0 e:/program files/atmel/avr studio 5.0/avr toolchain/bin/../lib/gcc/avr/4.5.1/avr5\libgcc.a(_udivmodsi4.o)
 .bss           0x00800273        0x0 e:/program files/atmel/avr studio 5.0/avr toolchain/bin/../lib/gcc/avr/4.5.1/avr5\libgcc.a(_exit.o)
 .bss           0x00800273        0x0 e:/program files/atmel/avr studio 5.0/avr toolchain/bin/../lib/gcc/avr/4.5.1/avr5\libgcc.a(_copy_data.o)
 .bss           0x00800273        0x0 e:/program files/atmel/avr studio 5.0/avr toolchain/bin/../lib/gcc/avr/4.5.1/avr5\libgcc.a(_clear_bss.o)
 .bss           0x00800273        0x0 e:/program files/atmel/avr studio 5.0/avr toolchain/bin/../lib/gcc/avr/4.5.1/../../../../avr/lib/avr5\libc.a(malloc.o)
 .bss           0x00800273        0x0 e:/program files/atmel/avr studio 5.0/avr toolchain/bin/../lib/gcc/avr/4.5.1/../../../../avr/lib/avr5\libc.a(iob.o)
 .bss           0x00800273        0x0 e:/program files/atmel/avr studio 5.0/avr toolchain/bin/../lib/gcc/avr/4.5.1/../../../../avr/lib/avr5\libc.a(printf.o)
 .bss           0x00800273        0x0 e:/program files/atmel/avr studio 5.0/avr toolchain/bin/../lib/gcc/avr/4.5.1/../../../../avr/lib/avr5\libc.a(vfprintf_std.o)
 .bss           0x00800273        0x0 e:/program files/atmel/avr studio 5.0/avr toolchain/bin/../lib/gcc/avr/4.5.1/../../../../avr/lib/avr5\libc.a(strnlen_P.o)
 .bss           0x00800273        0x0 e:/program files/atmel/avr studio 5.0/avr toolchain/bin/../lib/gcc/avr/4.5.1/../../../../avr/lib/avr5\libc.a(strnlen.o)
 .bss           0x00800273        0x0 e:/program files/atmel/avr studio 5.0/avr toolchain/bin/../lib/gcc/avr/4.5.1/../../../../avr/lib/avr5\libc.a(fputc.o)
 .bss           0x00800273        0x0 e:/program files/atmel/avr studio 5.0/avr toolchain/bin/../lib/gcc/avr/4.5.1/../../../../avr/lib/avr5\libc.a(ultoa_invert.o)
 .bss           0x00800273        0x0 e:/program files/atmel/avr studio 5.0/avr toolchain/bin/../lib/gcc/avr/4.5.1/avr5\libgcc.a(_prologue.o)
 .bss           0x00800273        0x0 e:/program files/atmel/avr studio 5.0/avr toolchain/bin/../lib/gcc/avr/4.5.1/avr5\libgcc.a(_epilogue.o)
 *(.bss*)
 *(COMMON)
 COMMON         0x00800273       0x13 ../CEENbot API\libcapi324v221.a(SYS_globals.o)
                0x00800273                CBOT_system
 COMMON         0x00800286       0x1c ../CEENbot API\libcapi324v221.a(UART_globals.o)
                0x00800286                UART1_timeout_timer
                0x0080028f                UART0_timeout_timer
                0x00800298                UART_params
 COMMON         0x008002a2        0x5 ../CEENbot API\libcapi324v221.a(LCD_globals.o)
                0x008002a2                LCD_params
 COMMON         0x008002a7        0x1 ../CEENbot API\libcapi324v221.a(SPI_globals.o)
                0x008002a7                curr_spi_addr
 COMMON         0x008002a8       0x39 ../CEENbot API\libcapi324v221.a(STEPPER_globals.o)
                0x008002a8                STEPPER_params
                0x008002df                step_done
 COMMON         0x008002e1        0x3 ../CEENbot API\libcapi324v221.a(TMRSRVC_globals.o)
                0x008002e1                tmrNodes
 COMMON         0x008002e4       0x1e ../CEENbot API\libcapi324v221.a(ATTINY_globals.o)
                0x008002e4                ATTINY_params
 COMMON         0x00800302        0x4 e:/program files/atmel/avr studio 5.0/avr toolchain/bin/../lib/gcc/avr/4.5.1/../../../../avr/lib/avr5\libc.a(malloc.o)
                0x00800302                __brkval
                0x00800304                __flp
 COMMON         0x00800306        0x6 e:/program files/atmel/avr studio 5.0/avr toolchain/bin/../lib/gcc/avr/4.5.1/../../../../avr/lib/avr5\libc.a(iob.o)
                0x00800306                __iob
                0x0080030c                PROVIDE (__bss_end, .)
                0x0000418c                __data_load_start = LOADADDR (.data)
                0x00004288                __data_load_end = (__data_load_start + SIZEOF (.data))

.noinit         0x0080030c        0x0
                0x0080030c                PROVIDE (__noinit_start, .)
 *(.noinit*)
                0x0080030c                PROVIDE (__noinit_end, .)
                0x0080030c                _end = .
                0x0080030c                PROVIDE (__heap_start, .)

.eeprom         0x00810000        0x0
 *(.eeprom*)
                0x00810000                __eeprom_end = .

.fuse
 *(.fuse)
 *(.lfuse)
 *(.hfuse)
 *(.efuse)

.lock
 *(.lock*)

.signature
 *(.signature*)

.stab           0x00000000     0x3ef4
 *(.stab)
 .stab          0x00000000      0x6cc e:/program files/atmel/avr studio 5.0/avr toolchain/bin/../lib/gcc/avr/4.5.1/../../../../avr/lib/avr5/crtm324p.o
 .stab          0x000006cc       0x90 e:/program files/atmel/avr studio 5.0/avr toolchain/bin/../lib/gcc/avr/4.5.1/../../../../avr/lib/avr5\libm.a(cmpsf2.o)
                                 0x9c (size before relaxing)
 .stab          0x0000075c       0x48 e:/program files/atmel/avr studio 5.0/avr toolchain/bin/../lib/gcc/avr/4.5.1/../../../../avr/lib/avr5\libm.a(divsf3.o)
                                 0x54 (size before relaxing)
 .stab          0x000007a4      0x510 e:/program files/atmel/avr studio 5.0/avr toolchain/bin/../lib/gcc/avr/4.5.1/../../../../avr/lib/avr5\libm.a(divsf3x.o)
                                0x51c (size before relaxing)
 .stab          0x00000cb4      0x240 e:/program files/atmel/avr studio 5.0/avr toolchain/bin/../lib/gcc/avr/4.5.1/../../../../avr/lib/avr5\libm.a(fixunssfsi.o)
                                0x24c (size before relaxing)
 .stab          0x00000ef4      0x318 e:/program files/atmel/avr studio 5.0/avr toolchain/bin/../lib/gcc/avr/4.5.1/../../../../avr/lib/avr5\libm.a(floatsisf.o)
                                0x324 (size before relaxing)
 .stab          0x0000120c      0x1e0 e:/program files/atmel/avr studio 5.0/avr toolchain/bin/../lib/gcc/avr/4.5.1/../../../../avr/lib/avr5\libm.a(fp_cmp.o)
                                0x1ec (size before relaxing)
 .stab          0x000013ec       0x78 e:/program files/atmel/avr studio 5.0/avr toolchain/bin/../lib/gcc/avr/4.5.1/../../../../avr/lib/avr5\libm.a(fp_inf.o)
                                 0x84 (size before relaxing)
 .stab          0x00001464       0x54 e:/program files/atmel/avr studio 5.0/avr toolchain/bin/../lib/gcc/avr/4.5.1/../../../../avr/lib/avr5\libm.a(fp_nan.o)
                                 0x60 (size before relaxing)
 .stab          0x000014b8       0x84 e:/program files/atmel/avr studio 5.0/avr toolchain/bin/../lib/gcc/avr/4.5.1/../../../../avr/lib/avr5\libm.a(fp_pscA.o)
                                 0x90 (size before relaxing)
 .stab          0x0000153c       0x84 e:/program files/atmel/avr studio 5.0/avr toolchain/bin/../lib/gcc/avr/4.5.1/../../../../avr/lib/avr5\libm.a(fp_pscB.o)
                                 0x90 (size before relaxing)
 .stab          0x000015c0       0xfc e:/program files/atmel/avr studio 5.0/avr toolchain/bin/../lib/gcc/avr/4.5.1/../../../../avr/lib/avr5\libm.a(fp_round.o)
                                0x108 (size before relaxing)
 .stab          0x000016bc      0x1d4 e:/program files/atmel/avr studio 5.0/avr toolchain/bin/../lib/gcc/avr/4.5.1/../../../../avr/lib/avr5\libm.a(fp_split3.o)
                                0x1e0 (size before relaxing)
 .stab          0x00001890       0x90 e:/program files/atmel/avr studio 5.0/avr toolchain/bin/../lib/gcc/avr/4.5.1/../../../../avr/lib/avr5\libm.a(fp_zero.o)
                                 0x9c (size before relaxing)
 .stab          0x00001920       0x6c e:/program files/atmel/avr studio 5.0/avr toolchain/bin/../lib/gcc/avr/4.5.1/../../../../avr/lib/avr5\libm.a(gesf2.o)
                                 0x78 (size before relaxing)
 .stab          0x0000198c      0x2e8 e:/program files/atmel/avr studio 5.0/avr toolchain/bin/../lib/gcc/avr/4.5.1/../../../../avr/lib/avr5\libm.a(lrint.o)
                                0x2f4 (size before relaxing)
 .stab          0x00001c74       0x48 e:/program files/atmel/avr studio 5.0/avr toolchain/bin/../lib/gcc/avr/4.5.1/../../../../avr/lib/avr5\libm.a(mulsf3.o)
                                 0x54 (size before relaxing)
 .stab          0x00001cbc      0x4d4 e:/program files/atmel/avr studio 5.0/avr toolchain/bin/../lib/gcc/avr/4.5.1/../../../../avr/lib/avr5\libm.a(mulsf3x.o)
                                0x4e0 (size before relaxing)
 .stab          0x00002190      0x3c0 e:/program files/atmel/avr studio 5.0/avr toolchain/bin/../lib/gcc/avr/4.5.1/../../../../avr/lib/avr5\libm.a(pow.o)
                                0x3cc (size before relaxing)
 .stab          0x00002550      0x288 e:/program files/atmel/avr studio 5.0/avr toolchain/bin/../lib/gcc/avr/4.5.1/../../../../avr/lib/avr5\libm.a(exp.o)
                                0x294 (size before relaxing)
 .stab          0x000027d8      0x1ec e:/program files/atmel/avr studio 5.0/avr toolchain/bin/../lib/gcc/avr/4.5.1/../../../../avr/lib/avr5\libm.a(fp_powser.o)
                                0x1f8 (size before relaxing)
 .stab          0x000029c4       0x84 e:/program files/atmel/avr studio 5.0/avr toolchain/bin/../lib/gcc/avr/4.5.1/../../../../avr/lib/avr5\libm.a(inverse.o)
                                 0x90 (size before relaxing)
 .stab          0x00002a48      0x2c4 e:/program files/atmel/avr studio 5.0/avr toolchain/bin/../lib/gcc/avr/4.5.1/../../../../avr/lib/avr5\libm.a(ldexp.o)
                                0x2d0 (size before relaxing)
 .stab          0x00002d0c      0x378 e:/program files/atmel/avr studio 5.0/avr toolchain/bin/../lib/gcc/avr/4.5.1/../../../../avr/lib/avr5\libm.a(log.o)
                                0x384 (size before relaxing)
 .stab          0x00003084      0x2a0 e:/program files/atmel/avr studio 5.0/avr toolchain/bin/../lib/gcc/avr/4.5.1/../../../../avr/lib/avr5\libm.a(modf.o)
                                0x2ac (size before relaxing)
 .stab          0x00003324       0x78 e:/program files/atmel/avr studio 5.0/avr toolchain/bin/../lib/gcc/avr/4.5.1/../../../../avr/lib/avr5\libm.a(addsf3.o)
                                 0x84 (size before relaxing)
 .stab          0x0000339c      0x4bc e:/program files/atmel/avr studio 5.0/avr toolchain/bin/../lib/gcc/avr/4.5.1/../../../../avr/lib/avr5\libm.a(addsf3x.o)
                                0x4c8 (size before relaxing)
 .stab          0x00003858       0xe4 e:/program files/atmel/avr studio 5.0/avr toolchain/bin/../lib/gcc/avr/4.5.1/../../../../avr/lib/avr5\libm.a(fp_mpack.o)
                                 0xf0 (size before relaxing)
 .stab          0x0000393c       0x9c e:/program files/atmel/avr studio 5.0/avr toolchain/bin/../lib/gcc/avr/4.5.1/../../../../avr/lib/avr5\libc.a(strnlen_P.o)
                                 0xa8 (size before relaxing)
 .stab          0x000039d8       0x9c e:/program files/atmel/avr studio 5.0/avr toolchain/bin/../lib/gcc/avr/4.5.1/../../../../avr/lib/avr5\libc.a(strnlen.o)
                                 0xa8 (size before relaxing)
 .stab          0x00003a74      0x480 e:/program files/atmel/avr studio 5.0/avr toolchain/bin/../lib/gcc/avr/4.5.1/../../../../avr/lib/avr5\libc.a(ultoa_invert.o)
                                0x48c (size before relaxing)

.stabstr        0x00000000      0xbfb
 *(.stabstr)
 .stabstr       0x00000000      0xbfb e:/program files/atmel/avr studio 5.0/avr toolchain/bin/../lib/gcc/avr/4.5.1/../../../../avr/lib/avr5/crtm324p.o

.stab.excl
 *(.stab.excl)

.stab.exclstr
 *(.stab.exclstr)

.stab.index
 *(.stab.index)

.stab.indexstr
 *(.stab.indexstr)

.comment
 *(.comment)

.debug
 *(.debug)

.line
 *(.line)

.debug_srcinfo
 *(.debug_srcinfo)

.debug_sfnames
 *(.debug_sfnames)

.debug_aranges  0x00000000       0xa8
 *(.debug_aranges)
 .debug_aranges
                0x00000000       0x20 Voice Control.o
 .debug_aranges
                0x00000020       0x28 e:/program files/atmel/avr studio 5.0/avr toolchain/bin/../lib/gcc/avr/4.5.1/../../../../avr/lib/avr5\libc.a(malloc.o)
 .debug_aranges
                0x00000048       0x20 e:/program files/atmel/avr studio 5.0/avr toolchain/bin/../lib/gcc/avr/4.5.1/../../../../avr/lib/avr5\libc.a(printf.o)
 .debug_aranges
                0x00000068       0x20 e:/program files/atmel/avr studio 5.0/avr toolchain/bin/../lib/gcc/avr/4.5.1/../../../../avr/lib/avr5\libc.a(vfprintf_std.o)
 .debug_aranges
                0x00000088       0x20 e:/program files/atmel/avr studio 5.0/avr toolchain/bin/../lib/gcc/avr/4.5.1/../../../../avr/lib/avr5\libc.a(fputc.o)

.debug_pubnames
                0x00000000      0x186
 *(.debug_pubnames)
 .debug_pubnames
                0x00000000       0x93 Voice Control.o
 .debug_pubnames
                0x00000093       0x7f e:/program files/atmel/avr studio 5.0/avr toolchain/bin/../lib/gcc/avr/4.5.1/../../../../avr/lib/avr5\libc.a(malloc.o)
 .debug_pubnames
                0x00000112       0x1c e:/program files/atmel/avr studio 5.0/avr toolchain/bin/../lib/gcc/avr/4.5.1/../../../../avr/lib/avr5\libc.a(iob.o)
 .debug_pubnames
                0x0000012e       0x1d e:/program files/atmel/avr studio 5.0/avr toolchain/bin/../lib/gcc/avr/4.5.1/../../../../avr/lib/avr5\libc.a(printf.o)
 .debug_pubnames
                0x0000014b       0x1f e:/program files/atmel/avr studio 5.0/avr toolchain/bin/../lib/gcc/avr/4.5.1/../../../../avr/lib/avr5\libc.a(vfprintf_std.o)
 .debug_pubnames
                0x0000016a       0x1c e:/program files/atmel/avr studio 5.0/avr toolchain/bin/../lib/gcc/avr/4.5.1/../../../../avr/lib/avr5\libc.a(fputc.o)

.debug_info     0x00000000      0xdab
 *(.debug_info)
 .debug_info    0x00000000      0x349 Voice Control.o
 .debug_info    0x00000349      0x296 e:/program files/atmel/avr studio 5.0/avr toolchain/bin/../lib/gcc/avr/4.5.1/../../../../avr/lib/avr5\libc.a(malloc.o)
 .debug_info    0x000005df      0x14f e:/program files/atmel/avr studio 5.0/avr toolchain/bin/../lib/gcc/avr/4.5.1/../../../../avr/lib/avr5\libc.a(iob.o)
 .debug_info    0x0000072e      0x1c6 e:/program files/atmel/avr studio 5.0/avr toolchain/bin/../lib/gcc/avr/4.5.1/../../../../avr/lib/avr5\libc.a(printf.o)
 .debug_info    0x000008f4      0x350 e:/program files/atmel/avr studio 5.0/avr toolchain/bin/../lib/gcc/avr/4.5.1/../../../../avr/lib/avr5\libc.a(vfprintf_std.o)
 .debug_info    0x00000c44      0x167 e:/program files/atmel/avr studio 5.0/avr toolchain/bin/../lib/gcc/avr/4.5.1/../../../../avr/lib/avr5\libc.a(fputc.o)
 *(.gnu.linkonce.wi.*)

.debug_abbrev   0x00000000      0x61a
 *(.debug_abbrev)
 .debug_abbrev  0x00000000      0x10c Voice Control.o
 .debug_abbrev  0x0000010c       0xf5 e:/program files/atmel/avr studio 5.0/avr toolchain/bin/../lib/gcc/avr/4.5.1/../../../../avr/lib/avr5\libc.a(malloc.o)
 .debug_abbrev  0x00000201       0xc5 e:/program files/atmel/avr studio 5.0/avr toolchain/bin/../lib/gcc/avr/4.5.1/../../../../avr/lib/avr5\libc.a(iob.o)
 .debug_abbrev  0x000002c6      0x11c e:/program files/atmel/avr studio 5.0/avr toolchain/bin/../lib/gcc/avr/4.5.1/../../../../avr/lib/avr5\libc.a(printf.o)
 .debug_abbrev  0x000003e2      0x15f e:/program files/atmel/avr studio 5.0/avr toolchain/bin/../lib/gcc/avr/4.5.1/../../../../avr/lib/avr5\libc.a(vfprintf_std.o)
 .debug_abbrev  0x00000541       0xd9 e:/program files/atmel/avr studio 5.0/avr toolchain/bin/../lib/gcc/avr/4.5.1/../../../../avr/lib/avr5\libc.a(fputc.o)

.debug_line     0x00000000     0x12a2
 *(.debug_line)
 .debug_line    0x00000000      0x4d5 Voice Control.o
 .debug_line    0x000004d5      0x3c8 e:/program files/atmel/avr studio 5.0/avr toolchain/bin/../lib/gcc/avr/4.5.1/../../../../avr/lib/avr5\libc.a(malloc.o)
 .debug_line    0x0000089d       0xeb e:/program files/atmel/avr studio 5.0/avr toolchain/bin/../lib/gcc/avr/4.5.1/../../../../avr/lib/avr5\libc.a(iob.o)
 .debug_line    0x00000988      0x186 e:/program files/atmel/avr studio 5.0/avr toolchain/bin/../lib/gcc/avr/4.5.1/../../../../avr/lib/avr5\libc.a(printf.o)
 .debug_line    0x00000b0e      0x64d e:/program files/atmel/avr studio 5.0/avr toolchain/bin/../lib/gcc/avr/4.5.1/../../../../avr/lib/avr5\libc.a(vfprintf_std.o)
 .debug_line    0x0000115b      0x147 e:/program files/atmel/avr studio 5.0/avr toolchain/bin/../lib/gcc/avr/4.5.1/../../../../avr/lib/avr5\libc.a(fputc.o)

.debug_frame    0x00000000      0x130
 *(.debug_frame)
 .debug_frame   0x00000000       0xa0 Voice Control.o
 .debug_frame   0x000000a0       0x30 e:/program files/atmel/avr studio 5.0/avr toolchain/bin/../lib/gcc/avr/4.5.1/../../../../avr/lib/avr5\libc.a(malloc.o)
 .debug_frame   0x000000d0       0x20 e:/program files/atmel/avr studio 5.0/avr toolchain/bin/../lib/gcc/avr/4.5.1/../../../../avr/lib/avr5\libc.a(printf.o)
 .debug_frame   0x000000f0       0x20 e:/program files/atmel/avr studio 5.0/avr toolchain/bin/../lib/gcc/avr/4.5.1/../../../../avr/lib/avr5\libc.a(vfprintf_std.o)
 .debug_frame   0x00000110       0x20 e:/program files/atmel/avr studio 5.0/avr toolchain/bin/../lib/gcc/avr/4.5.1/../../../../avr/lib/avr5\libc.a(fputc.o)

.debug_str      0x00000000      0x61b
 *(.debug_str)
 .debug_str     0x00000000      0x35b Voice Control.o
                                0x39a (size before relaxing)
 .debug_str     0x0000035b       0xe9 e:/program files/atmel/avr studio 5.0/avr toolchain/bin/../lib/gcc/avr/4.5.1/../../../../avr/lib/avr5\libc.a(malloc.o)
                                0x16a (size before relaxing)
 .debug_str     0x00000444       0x72 e:/program files/atmel/avr studio 5.0/avr toolchain/bin/../lib/gcc/avr/4.5.1/../../../../avr/lib/avr5\libc.a(iob.o)
                                 0xf2 (size before relaxing)
 .debug_str     0x000004b6       0x72 e:/program files/atmel/avr studio 5.0/avr toolchain/bin/../lib/gcc/avr/4.5.1/../../../../avr/lib/avr5\libc.a(printf.o)
                                0x125 (size before relaxing)
 .debug_str     0x00000528       0x9d e:/program files/atmel/avr studio 5.0/avr toolchain/bin/../lib/gcc/avr/4.5.1/../../../../avr/lib/avr5\libc.a(vfprintf_std.o)
                                0x177 (size before relaxing)
 .debug_str     0x000005c5       0x56 e:/program files/atmel/avr studio 5.0/avr toolchain/bin/../lib/gcc/avr/4.5.1/../../../../avr/lib/avr5\libc.a(fputc.o)
                                 0xfb (size before relaxing)

.debug_loc      0x00000000      0xb1a
 *(.debug_loc)
 .debug_loc     0x00000000      0x429 e:/program files/atmel/avr studio 5.0/avr toolchain/bin/../lib/gcc/avr/4.5.1/../../../../avr/lib/avr5\libc.a(malloc.o)
 .debug_loc     0x00000429      0x6a1 e:/program files/atmel/avr studio 5.0/avr toolchain/bin/../lib/gcc/avr/4.5.1/../../../../avr/lib/avr5\libc.a(vfprintf_std.o)
 .debug_loc     0x00000aca       0x50 e:/program files/atmel/avr studio 5.0/avr toolchain/bin/../lib/gcc/avr/4.5.1/../../../../avr/lib/avr5\libc.a(fputc.o)

.debug_macinfo
 *(.debug_macinfo)
OUTPUT(Voice Control.elf elf32-avr)
LOAD linker stubs

.debug_pubtypes
                0x00000000      0x208
 .debug_pubtypes
                0x00000000       0xe2 Voice Control.o
 .debug_pubtypes
                0x000000e2       0x39 e:/program files/atmel/avr studio 5.0/avr toolchain/bin/../lib/gcc/avr/4.5.1/../../../../avr/lib/avr5\libc.a(malloc.o)
 .debug_pubtypes
                0x0000011b       0x29 e:/program files/atmel/avr studio 5.0/avr toolchain/bin/../lib/gcc/avr/4.5.1/../../../../avr/lib/avr5\libc.a(iob.o)
 .debug_pubtypes
                0x00000144       0x48 e:/program files/atmel/avr studio 5.0/avr toolchain/bin/../lib/gcc/avr/4.5.1/../../../../avr/lib/avr5\libc.a(printf.o)
 .debug_pubtypes
                0x0000018c       0x53 e:/program files/atmel/avr studio 5.0/avr toolchain/bin/../lib/gcc/avr/4.5.1/../../../../avr/lib/avr5\libc.a(vfprintf_std.o)
 .debug_pubtypes
                0x000001df       0x29 e:/program files/atmel/avr studio 5.0/avr toolchain/bin/../lib/gcc/avr/4.5.1/../../../../avr/lib/avr5\libc.a(fputc.o)

.debug_ranges   0x00000000       0x60
 .debug_ranges  0x00000000       0x18 e:/program files/atmel/avr studio 5.0/avr toolchain/bin/../lib/gcc/avr/4.5.1/../../../../avr/lib/avr5\libc.a(malloc.o)
 .debug_ranges  0x00000018       0x10 e:/program files/atmel/avr studio 5.0/avr toolchain/bin/../lib/gcc/avr/4.5.1/../../../../avr/lib/avr5\libc.a(printf.o)
 .debug_ranges  0x00000028       0x28 e:/program files/atmel/avr studio 5.0/avr toolchain/bin/../lib/gcc/avr/4.5.1/../../../../avr/lib/avr5\libc.a(vfprintf_std.o)
 .debug_ranges  0x00000050       0x10 e:/program files/atmel/avr studio 5.0/avr toolchain/bin/../lib/gcc/avr/4.5.1/../../../../avr/lib/avr5\libc.a(fputc.o)
